Archive member included to satisfy reference by file (symbol)

/usr/local/mcuxpressoide-11.0.0_2516/ide/plugins/com.nxp.mcuxpresso.tools.linux_11.0.0.201905131304/tools/bin/../lib/gcc/arm-none-eabi/8.2.1/../../../../arm-none-eabi/lib/thumb/v7e-m+fp/hard/libcr_semihost_nf.a(_cr__main.o)
                              ./startup/startup_mk66f18.o (__main)
/usr/local/mcuxpressoide-11.0.0_2516/ide/plugins/com.nxp.mcuxpresso.tools.linux_11.0.0.201905131304/tools/bin/../lib/gcc/arm-none-eabi/8.2.1/../../../../arm-none-eabi/lib/thumb/v7e-m+fp/hard/libcr_semihost_nf.a(_cr_assert.o)
                              ./utilities/fsl_debug_console.o (__assertion_failed)
/usr/local/mcuxpressoide-11.0.0_2516/ide/plugins/com.nxp.mcuxpresso.tools.linux_11.0.0.201905131304/tools/bin/../lib/gcc/arm-none-eabi/8.2.1/../../../../arm-none-eabi/lib/thumb/v7e-m+fp/hard/libcr_semihost_nf.a(__ciob.o)
                              /usr/local/mcuxpressoide-11.0.0_2516/ide/plugins/com.nxp.mcuxpresso.tools.linux_11.0.0.201905131304/tools/bin/../lib/gcc/arm-none-eabi/8.2.1/../../../../arm-none-eabi/lib/thumb/v7e-m+fp/hard/libcr_semihost_nf.a(_cr_assert.o) (__Ciob)
/usr/local/mcuxpressoide-11.0.0_2516/ide/plugins/com.nxp.mcuxpresso.tools.linux_11.0.0.201905131304/tools/bin/../lib/gcc/arm-none-eabi/8.2.1/../../../../arm-none-eabi/lib/thumb/v7e-m+fp/hard/libcr_semihost_nf.a(__sys_appexit.o)
                              /usr/local/mcuxpressoide-11.0.0_2516/ide/plugins/com.nxp.mcuxpresso.tools.linux_11.0.0.201905131304/tools/bin/../lib/gcc/arm-none-eabi/8.2.1/../../../../arm-none-eabi/lib/thumb/v7e-m+fp/hard/libcr_semihost_nf.a(_cr_assert.o) (__sys_appexit)
/usr/local/mcuxpressoide-11.0.0_2516/ide/plugins/com.nxp.mcuxpresso.tools.linux_11.0.0.201905131304/tools/bin/../lib/gcc/arm-none-eabi/8.2.1/../../../../arm-none-eabi/lib/thumb/v7e-m+fp/hard/libcr_c.a(memcpy.o)
                              ./drivers/fsl_ftfx_cache.o (memcpy)
/usr/local/mcuxpressoide-11.0.0_2516/ide/plugins/com.nxp.mcuxpresso.tools.linux_11.0.0.201905131304/tools/bin/../lib/gcc/arm-none-eabi/8.2.1/../../../../arm-none-eabi/lib/thumb/v7e-m+fp/hard/libcr_c.a(memset.o)
                              ./utilities/fsl_debug_console.o (memset)
/usr/local/mcuxpressoide-11.0.0_2516/ide/plugins/com.nxp.mcuxpresso.tools.linux_11.0.0.201905131304/tools/bin/../lib/gcc/arm-none-eabi/8.2.1/../../../../arm-none-eabi/lib/thumb/v7e-m+fp/hard/libcr_c.a(_deferredlazyseek.o)
                              /usr/local/mcuxpressoide-11.0.0_2516/ide/plugins/com.nxp.mcuxpresso.tools.linux_11.0.0.201905131304/tools/bin/../lib/gcc/arm-none-eabi/8.2.1/../../../../arm-none-eabi/lib/thumb/v7e-m+fp/hard/libcr_semihost_nf.a(_cr_assert.o) (__flsbuf)
/usr/local/mcuxpressoide-11.0.0_2516/ide/plugins/com.nxp.mcuxpresso.tools.linux_11.0.0.201905131304/tools/bin/../lib/gcc/arm-none-eabi/8.2.1/../../../../arm-none-eabi/lib/thumb/v7e-m+fp/hard/libcr_c.a(_fflush.o)
                              /usr/local/mcuxpressoide-11.0.0_2516/ide/plugins/com.nxp.mcuxpresso.tools.linux_11.0.0.201905131304/tools/bin/../lib/gcc/arm-none-eabi/8.2.1/../../../../arm-none-eabi/lib/thumb/v7e-m+fp/hard/libcr_c.a(_deferredlazyseek.o) (_fflush)
/usr/local/mcuxpressoide-11.0.0_2516/ide/plugins/com.nxp.mcuxpresso.tools.linux_11.0.0.201905131304/tools/bin/../lib/gcc/arm-none-eabi/8.2.1/../../../../arm-none-eabi/lib/thumb/v7e-m+fp/hard/libcr_c.a(_writebuf.o)
                              /usr/local/mcuxpressoide-11.0.0_2516/ide/plugins/com.nxp.mcuxpresso.tools.linux_11.0.0.201905131304/tools/bin/../lib/gcc/arm-none-eabi/8.2.1/../../../../arm-none-eabi/lib/thumb/v7e-m+fp/hard/libcr_c.a(_deferredlazyseek.o) (_Cwritebuf)
/usr/local/mcuxpressoide-11.0.0_2516/ide/plugins/com.nxp.mcuxpresso.tools.linux_11.0.0.201905131304/tools/bin/../lib/gcc/arm-none-eabi/8.2.1/../../../../arm-none-eabi/lib/thumb/v7e-m+fp/hard/libcr_c.a(alloc.o)
                              ./drivers/fsl_common.o (malloc)
/usr/local/mcuxpressoide-11.0.0_2516/ide/plugins/com.nxp.mcuxpresso.tools.linux_11.0.0.201905131304/tools/bin/../lib/gcc/arm-none-eabi/8.2.1/../../../../arm-none-eabi/lib/thumb/v7e-m+fp/hard/libcr_c.a(fputs.o)
                              /usr/local/mcuxpressoide-11.0.0_2516/ide/plugins/com.nxp.mcuxpresso.tools.linux_11.0.0.201905131304/tools/bin/../lib/gcc/arm-none-eabi/8.2.1/../../../../arm-none-eabi/lib/thumb/v7e-m+fp/hard/libcr_semihost_nf.a(_cr_assert.o) (fputs)
/usr/local/mcuxpressoide-11.0.0_2516/ide/plugins/com.nxp.mcuxpresso.tools.linux_11.0.0.201905131304/tools/bin/../lib/gcc/arm-none-eabi/8.2.1/../../../../arm-none-eabi/lib/thumb/v7e-m+fp/hard/libcr_c.a(fseek.o)
                              /usr/local/mcuxpressoide-11.0.0_2516/ide/plugins/com.nxp.mcuxpresso.tools.linux_11.0.0.201905131304/tools/bin/../lib/gcc/arm-none-eabi/8.2.1/../../../../arm-none-eabi/lib/thumb/v7e-m+fp/hard/libcr_c.a(_deferredlazyseek.o) (fseek)
[...]
Memory Configuration

Name             Origin             Length             Attributes
PROGRAM_FLASH    0x0000000000000000 0x0000000000200000 xr
SRAM_UPPER       0x0000000020000000 0x0000000000030000 xrw
SRAM_LOWER       0x000000001fff0000 0x0000000000010000 xrw
FLEX_RAM         0x0000000014000000 0x0000000000001000 xrw
*default*        0x0000000000000000 0xffffffffffffffff

Linker script and memory map

LOAD ./utilities/fsl_debug_console.o
LOAD ./utilities/fsl_str.o
LOAD ./startup/startup_mk66f18.o
LOAD ./source/colors.o
LOAD ./source/controller.o
LOAD ./source/cursor.o
LOAD ./source/leds.o
LOAD ./source/linetetris.o
LOAD ./source/main.o
LOAD ./source/msgeq07.o
LOAD ./source/pattern.o
LOAD ./source/power.o
LOAD ./source/random.o
LOAD ./source/rtc.o
LOAD ./source/scheduler.o
LOAD ./source/semihost_hardfault.o
LOAD ./source/utils.o
LOAD ./drivers/fsl_adc16.o
LOAD ./drivers/fsl_clock.o
LOAD ./drivers/fsl_common.o
LOAD ./drivers/fsl_dmamux.o
LOAD ./drivers/fsl_dspi.o
LOAD ./drivers/fsl_dspi_edma.o
LOAD ./drivers/fsl_edma.o
LOAD ./drivers/fsl_ftfx_cache.o
LOAD ./drivers/fsl_ftfx_controller.o
LOAD ./drivers/fsl_ftfx_flash.o
LOAD ./drivers/fsl_ftfx_flexnvm.o
LOAD ./drivers/fsl_ftm.o
LOAD ./drivers/fsl_gpio.o
LOAD ./drivers/fsl_i2c.o
LOAD ./drivers/fsl_lpuart.o
LOAD ./drivers/fsl_rnga.o
LOAD ./drivers/fsl_rtc.o
LOAD ./drivers/fsl_smc.o
LOAD ./drivers/fsl_tpm.o
LOAD ./drivers/fsl_uart.o
LOAD ./device/system_MK66F18.o
LOAD ./component/uart/uart_adapter.o
LOAD ./component/serial_manager/serial_manager.o
LOAD ./component/serial_manager/serial_port_uart.o
LOAD ./board/board.o
LOAD ./board/clock_config.o
LOAD ./board/peripherals.o
LOAD ./board/pin_mux.o
START GROUP
LOAD /usr/local/mcuxpressoide-11.0.0_2516/ide/plugins/com.nxp.mcuxpresso.tools.linux_11.0.0.201905131304/tools/bin/../lib/gcc/arm-none-eabi/8.2.1/../../../../arm-none-eabi/lib/thumb/v7e-m+fp/hard/libcr_semihost_nf.a
LOAD /usr/local/mcuxpressoide-11.0.0_2516/ide/plugins/com.nxp.mcuxpresso.tools.linux_11.0.0.201905131304/tools/bin/../lib/gcc/arm-none-eabi/8.2.1/../../../../arm-none-eabi/lib/thumb/v7e-m+fp/hard/libcr_c.a
LOAD /usr/local/mcuxpressoide-11.0.0_2516/ide/plugins/com.nxp.mcuxpresso.tools.linux_11.0.0.201905131304/tools/bin/../lib/gcc/arm-none-eabi/8.2.1/thumb/v7e-m+fp/hard/libcr_eabihelpers.a
LOAD /usr/local/mcuxpressoide-11.0.0_2516/ide/plugins/com.nxp.mcuxpresso.tools.linux_11.0.0.201905131304/tools/bin/../lib/gcc/arm-none-eabi/8.2.1/thumb/v7e-m+fp/hard/libgcc.a
END GROUP
                0x0000000000000000                __base_PROGRAM_FLASH = 0x0
                0x0000000000000000                __base_Flash = 0x0
                0x0000000000200000                __top_PROGRAM_FLASH = 0x200000
                0x0000000000200000                __top_Flash = 0x200000
                0x0000000020000000                __base_SRAM_UPPER = 0x20000000
                0x0000000020000000                __base_RAM = 0x20000000
                0x0000000020030000                __top_SRAM_UPPER = 0x20030000
                0x0000000020030000                __top_RAM = 0x20030000
                0x000000001fff0000                __base_SRAM_LOWER = 0x1fff0000
                0x000000001fff0000                __base_RAM2 = 0x1fff0000
                0x0000000020000000                __top_SRAM_LOWER = 0x20000000
                0x0000000020000000                __top_RAM2 = 0x20000000
                0x0000000014000000                __base_FLEX_RAM = 0x14000000
                0x0000000014000000                __base_RAM3 = 0x14000000
                0x0000000014001000                __top_FLEX_RAM = 0x14001000
                0x0000000014001000                __top_RAM3 = 0x14001000

.text           0x0000000000000000     0xbba0
 FILL mask 0xff
                0x0000000000000000                __vectors_start__ = ABSOLUTE (.)
 *(SORT_BY_ALIGNMENT(.isr_vector))
 .isr_vector    0x0000000000000000      0x1d0 ./startup/startup_mk66f18.o
                0x0000000000000000                __Vectors
                0x0000000000000000                g_pfnVectors
                0x00000000000001d0                . = ALIGN (0x4)
                0x00000000000001d0                __section_table_start = .
                0x00000000000001d0                __data_section_table = .
                0x00000000000001d0        0x4 LONG 0xbba0 LOADADDR (.data)
                0x00000000000001d4        0x4 LONG 0x20000000 ADDR (.data)
                0x00000000000001d8        0x4 LONG 0x60 SIZEOF (.data)
                0x00000000000001dc        0x4 LONG 0xbba0 LOADADDR (.data_RAM2)
                0x00000000000001e0        0x4 LONG 0x1fff0000 ADDR (.data_RAM2)
                0x00000000000001e4        0x4 LONG 0x0 SIZEOF (.data_RAM2)
                0x00000000000001e8        0x4 LONG 0xbba0 LOADADDR (.data_RAM3)
                0x00000000000001ec        0x4 LONG 0x14000000 ADDR (.data_RAM3)
                0x00000000000001f0        0x4 LONG 0x0 SIZEOF (.data_RAM3)
                0x00000000000001f4                __data_section_table_end = .
                0x00000000000001f4                __bss_section_table = .
                0x00000000000001f4        0x4 LONG 0x20000060 ADDR (.bss)
                0x00000000000001f8        0x4 LONG 0x7c0 SIZEOF (.bss)
                0x00000000000001fc        0x4 LONG 0x1fff0000 ADDR (.bss_RAM2)
                0x0000000000000200        0x4 LONG 0x0 SIZEOF (.bss_RAM2)
                0x0000000000000204        0x4 LONG 0x14000000 ADDR (.bss_RAM3)
                0x0000000000000208        0x4 LONG 0x0 SIZEOF (.bss_RAM3)
                0x000000000000020c                __bss_section_table_end = .
                0x000000000000020c                __section_table_end = .
 *(SORT_BY_ALIGNMENT(.after_vectors*))
 .after_vectors.reset
                0x000000000000020c       0x4c ./startup/startup_mk66f18.o
                0x000000000000020c                ResetISR
 .after_vectors.init_data
                0x0000000000000258       0x1e ./startup/startup_mk66f18.o
                0x0000000000000258                data_init
 .after_vectors.init_bss
                0x0000000000000276       0x12 ./startup/startup_mk66f18.o
                0x0000000000000276                bss_init
 .after_vectors
                0x0000000000000288       0x14 ./startup/startup_mk66f18.o
                0x0000000000000288                NMI_Handler
                0x000000000000028c                MemManage_Handler
                0x000000000000028e                BusFault_Handler
                0x0000000000000290                UsageFault_Handler
                0x0000000000000292                SVC_Handler
                0x0000000000000294                DebugMon_Handler
                0x0000000000000296                PendSV_Handler
                0x000000000000029a                PORTB_DriverIRQHandler
                0x000000000000029a                LPTMR0_DriverIRQHandler
                0x000000000000029a                DMA_Error_DriverIRQHandler
                0x000000000000029a                FTM1_DriverIRQHandler
                0x000000000000029a                FTM2_DriverIRQHandler
                0x000000000000029a                PIT2_DriverIRQHandler
                0x000000000000029a                TPM2_DriverIRQHandler
                0x000000000000029a                SDHC_DriverIRQHandler
                0x000000000000029a                I2S0_Tx_DriverIRQHandler
                0x000000000000029a                TSI0_DriverIRQHandler
                0x000000000000029a                RTC_Seconds_DriverIRQHandler
                0x000000000000029a                CMP3_DriverIRQHandler
                0x000000000000029a                LLWU_DriverIRQHandler
                0x000000000000029a                MCM_DriverIRQHandler
                0x000000000000029a                MCG_DriverIRQHandler
                0x000000000000029a                ENET_1588_Timer_DriverIRQHandler
                0x000000000000029a                DAC1_DriverIRQHandler
                0x000000000000029a                CMP1_DriverIRQHandler
                0x000000000000029a                USBHSDCD_DriverIRQHandler
                0x000000000000029a                FTM0_DriverIRQHandler
                0x000000000000029a                IntDefaultHandler
                0x000000000000029a                USB0_DriverIRQHandler
                0x000000000000029a                PORTC_DriverIRQHandler
                0x000000000000029a                DAC0_DriverIRQHandler
                0x000000000000029a                CMP2_DriverIRQHandler
                0x000000000000029a                UART2_ERR_DriverIRQHandler
                0x000000000000029a                LVD_LVW_DriverIRQHandler
                0x000000000000029a                Reserved84_DriverIRQHandler
                0x000000000000029a                PIT0_DriverIRQHandler
                0x000000000000029a                RNG_DriverIRQHandler
                0x000000000000029a                USBDCD_DriverIRQHandler
                0x000000000000029a                UART3_ERR_DriverIRQHandler
                0x000000000000029a                UART0_ERR_DriverIRQHandler
                0x000000000000029a                CMT_DriverIRQHandler
                0x000000000000029a                Reserved71_DriverIRQHandler
                0x000000000000029a                ADC1_DriverIRQHandler
                0x000000000000029a                PORTA_DriverIRQHandler
                0x000000000000029a                PIT3_DriverIRQHandler
                0x000000000000029a                PIT1_DriverIRQHandler
                0x000000000000029a                TPM1_DriverIRQHandler
                0x000000000000029a                WDOG_EWM_DriverIRQHandler
                0x000000000000029a                PDB0_DriverIRQHandler
                0x000000000000029a                RTC_DriverIRQHandler
                0x000000000000029a                I2S0_Rx_DriverIRQHandler
                0x000000000000029a                Read_Collision_DriverIRQHandler
                0x000000000000029a                SWI_DriverIRQHandler
                0x000000000000029a                UART4_ERR_DriverIRQHandler
                0x000000000000029a                ENET_Receive_DriverIRQHandler
                0x000000000000029a                ENET_Error_DriverIRQHandler
                0x000000000000029a                Reserved85_DriverIRQHandler
                0x000000000000029a                ADC0_DriverIRQHandler
                0x000000000000029a                USBHS_DriverIRQHandler
                0x000000000000029a                CMP0_DriverIRQHandler
                0x000000000000029a                CAN0_DriverIRQHandler
                0x000000000000029a                FTM3_DriverIRQHandler
                0x000000000000029a                UART1_ERR_DriverIRQHandler
                0x000000000000029a                ENET_Transmit_DriverIRQHandler
                0x000000000000029a                PORTD_DriverIRQHandler
                0x000000000000029a                Reserved46_DriverIRQHandler
                0x000000000000029a                PORTE_DriverIRQHandler
                0x000000000000029a                FTFE_DriverIRQHandler
                0x000000000000029a                CAN1_DriverIRQHandler
                0x0000000000000400                . = 0x400
 *fill*         0x000000000000029c      0x164 ff
                0x0000000000000400                PROVIDE (__FLASH_CONFIG_START__ = .)
 *(SORT_BY_ALIGNMENT(.FlashConfig))
 .FlashConfig   0x0000000000000400       0x10 ./startup/startup_mk66f18.o
                0x0000000000000400                Flash_Config
                0x0000000000000410                PROVIDE (__FLASH_CONFIG_END__ = .)
                0x0000000000000001                ASSERT (! ((__FLASH_CONFIG_START__ == __FLASH_CONFIG_END__)), Linker Flash Config Support Enabled, but no .FlashConfig section provided within application)
 *(SORT_BY_ALIGNMENT(.text*))
 .text.DbgConsole_Init
                0x0000000000000410       0xf8 ./utilities/fsl_debug_console.o
                0x0000000000000410                DbgConsole_Init
 .text.HsvToRgb
                0x0000000000000508      0x154 ./source/colors.o
                0x0000000000000508                HsvToRgb
 .text.__NVIC_EnableIRQ
                0x000000000000065c       0x3c ./source/controller.o
 .text.UART1_RX_TX_IRQHandler
                0x0000000000000698       0x80 ./source/controller.o
                0x0000000000000698                UART1_RX_TX_IRQHandler
 .text.squareEvent
                0x0000000000000718       0x18 ./source/controller.o
                0x0000000000000718                squareEvent
 .text.triEvent
                0x0000000000000730       0x18 ./source/controller.o
                0x0000000000000730                triEvent
 .text.circleEvent
                0x0000000000000748       0x18 ./source/controller.o
                0x0000000000000748                circleEvent
 .text.xEvent   0x0000000000000760       0x18 ./source/controller.o
                0x0000000000000760                xEvent
 .text.previousMode
                0x0000000000000778       0x30 ./source/controller.o
                0x0000000000000778                previousMode
 .text.nextMode
                0x00000000000007a8       0x30 ./source/controller.o
                0x00000000000007a8                nextMode
 .text.initUartPins
                0x00000000000007d8       0x48 ./source/controller.o
                0x00000000000007d8                initUartPins
 .text.getMode  0x0000000000000820       0x18 ./source/controller.o
                0x0000000000000820                getMode
 .text.initController
                0x0000000000000838       0x50 ./source/controller.o
                0x0000000000000838                initController
 .text.cursor   0x0000000000000888      0x190 ./source/cursor.o
                0x0000000000000888                cursor
 .text.DMAMUX_EnableChannel
                0x0000000000000a18       0x3c ./source/leds.o
 .text.DMAMUX_SetSource
                0x0000000000000a54       0x4c ./source/leds.o
 .text.DSPI0_Callback
                0x0000000000000aa0       0x30 ./source/leds.o
                0x0000000000000aa0                DSPI0_Callback
 .text.DSPI1_Callback
                0x0000000000000ad0       0x30 ./source/leds.o
                0x0000000000000ad0                DSPI1_Callback
 .text.DSPI2_Callback
                0x0000000000000b00       0x30 ./source/leds.o
                0x0000000000000b00                DSPI2_Callback
 .text.initEdma
                0x0000000000000b30      0x204 ./source/leds.o
                0x0000000000000b30                initEdma
 .text.initDspi
                0x0000000000000d34      0x148 ./source/leds.o
                0x0000000000000d34                initDspi
 .text.set_led_strip
                0x0000000000000e7c       0xc4 ./source/leds.o
                0x0000000000000e7c                set_led_strip
 .text.setLed   0x0000000000000f40      0x104 ./source/leds.o
                0x0000000000000f40                setLed
 .text.initLeds
                0x0000000000001044      0x154 ./source/leds.o
                0x0000000000001044                initLeds
 .text.LineTettris
                0x0000000000001198      0x280 ./source/linetetris.o
                0x0000000000001198                LineTettris
 .text.__NVIC_EnableIRQ
                0x0000000000001418       0x3c ./source/msgeq07.o
 .text.CLOCK_SetTpmClock
                0x0000000000001454       0x3c ./source/msgeq07.o
 .text.ADC16_GetChannelConversionValue
                0x0000000000001490       0x2c ./source/msgeq07.o
 .text.ADC1_IRQHandler
                0x00000000000014bc       0x94 ./source/msgeq07.o
                0x00000000000014bc                ADC1_IRQHandler
 .text.TPM2_IRQHandler
                0x0000000000001550       0x68 ./source/msgeq07.o
                0x0000000000001550                TPM2_IRQHandler
 .text.getFrequency
                0x00000000000015b8       0x38 ./source/msgeq07.o
                0x00000000000015b8                getFrequency
 .text.initMsgeq07Timer
                0x00000000000015f0       0x40 ./source/msgeq07.o
                0x00000000000015f0                initMsgeq07Timer
 .text.initMsgEq07Pins
                0x0000000000001630       0x68 ./source/msgeq07.o
                0x0000000000001630                initMsgEq07Pins
 .text.initMsgeq07Adc
                0x0000000000001698       0x80 ./source/msgeq07.o
                0x0000000000001698                initMsgeq07Adc
 .text.setNextTimerInterrupt
                0x0000000000001718       0x68 ./source/msgeq07.o
                0x0000000000001718                setNextTimerInterrupt
 .text.setStrobePin
                0x0000000000001780       0x34 ./source/msgeq07.o
                0x0000000000001780                setStrobePin
 .text.setResetPin
                0x00000000000017b4       0x30 ./source/msgeq07.o
                0x00000000000017b4                setResetPin
 .text.__NVIC_SetPriority
                0x00000000000017e4       0x54 ./source/pattern.o
 .text.SysTick_Config
                0x0000000000001838       0x44 ./source/pattern.o
 .text.SysTick_Handler
                0x000000000000187c       0x24 ./source/pattern.o
                0x000000000000187c                SysTick_Handler
 .text.SysTick_DelayTicks
                0x00000000000018a0       0x28 ./source/pattern.o
                0x00000000000018a0                SysTick_DelayTicks
 .text.setLedHsv
                0x00000000000018c8       0x60 ./source/pattern.o
                0x00000000000018c8                setLedHsv
 .text.initPatterns
                0x0000000000001928       0x24 ./source/pattern.o
                0x0000000000001928                initPatterns
 .text.runPatterns
                0x000000000000194c       0x40 ./source/pattern.o
                0x000000000000194c                runPatterns
 .text.RandomPatterns
                0x000000000000198c       0x64 ./source/pattern.o
                0x000000000000198c                RandomPatterns
 .text.rainbowPattern
                0x00000000000019f0       0x98 ./source/pattern.o
                0x00000000000019f0                rainbowPattern
 .text.theaterChase2
                0x0000000000001a88       0x6c ./source/pattern.o
                0x0000000000001a88                theaterChase2
 .text.fade_all_and_set
                0x0000000000001af4       0x7c ./source/pattern.o
                0x0000000000001af4                fade_all_and_set
 .text.sparkelPattern
                0x0000000000001b70       0x84 ./source/pattern.o
                0x0000000000001b70                sparkelPattern
 .text.monoVuMeterCallback
                0x0000000000001bf4      0x108 ./source/pattern.o
                0x0000000000001bf4                monoVuMeterCallback
 .text.monoVuMeter
                0x0000000000001cfc       0x1c ./source/pattern.o
                0x0000000000001cfc                monoVuMeter
 .text.initPower
                0x0000000000001d18       0x5c ./source/power.o
                0x0000000000001d18                initPower
 .text.EnablePower
                0x0000000000001d74       0x14 ./source/power.o
                0x0000000000001d74                EnablePower
 .text.DisablePower
                0x0000000000001d88       0x14 ./source/power.o
                0x0000000000001d88                DisablePower
 .text.initRgna
                0x0000000000001d9c       0x14 ./source/random.o
                0x0000000000001d9c                initRgna
 .text.get_rand_uint32
                0x0000000000001db0       0x3c ./source/random.o
                0x0000000000001db0                get_rand_uint32
 .text.get_rand_uint8
                0x0000000000001dec       0x3c ./source/random.o
                0x0000000000001dec                get_rand_uint8
 .text.stringTimeStamp
                0x0000000000001e28       0x98 ./source/rtc.o
                0x0000000000001e28                stringTimeStamp
 .text.updateTime
                0x0000000000001ec0       0x40 ./source/rtc.o
                0x0000000000001ec0                updateTime
 .text.getMinutes
                0x0000000000001f00       0x18 ./source/rtc.o
                0x0000000000001f00                getMinutes
 .text.getHours
                0x0000000000001f18       0x18 ./source/rtc.o
                0x0000000000001f18                getHours
 .text.readRegister
                0x0000000000001f30       0x44 ./source/rtc.o
                0x0000000000001f30                readRegister
 .text.readMultipleRegisters
                0x0000000000001f74       0x50 ./source/rtc.o
                0x0000000000001f74                readMultipleRegisters
 .text.FTM3_IRQHandler
                0x0000000000001fc4       0x70 ./source/scheduler.o
                0x0000000000001fc4                FTM3_IRQHandler
 .text.ADC16_GetInstance
                0x0000000000002034       0x4c ./drivers/fsl_adc16.o
 .text.ADC16_Init
                0x0000000000002080      0x10c ./drivers/fsl_adc16.o
                0x0000000000002080                ADC16_Init
 .text.ADC16_GetDefaultConfig
                0x000000000000218c       0x60 ./drivers/fsl_adc16.o
                0x000000000000218c                ADC16_GetDefaultConfig
 .text.ADC16_SetChannelConfig
                0x00000000000021ec       0x68 ./drivers/fsl_adc16.o
                0x00000000000021ec                ADC16_SetChannelConfig
 .text.ADC16_GetChannelStatusFlags
                0x0000000000002254       0x40 ./drivers/fsl_adc16.o
                0x0000000000002254                ADC16_GetChannelStatusFlags
 .text.CLOCK_SetEr32kClock
                0x0000000000002294       0x30 ./drivers/fsl_clock.o
 .text.CLOCK_SetPllFllSelClock
                0x00000000000022c4       0x58 ./drivers/fsl_clock.o
 .text.CLOCK_GetMcgExtClkFreq
                0x000000000000231c       0x78 ./drivers/fsl_clock.o
 .text.CLOCK_GetFllExtRefClkFreq
                0x0000000000002394       0xd0 ./drivers/fsl_clock.o
 .text.CLOCK_GetInternalRefClkSelectFreq
                0x0000000000002464       0x44 ./drivers/fsl_clock.o
 .text.CLOCK_GetFllRefClkFreq
                0x00000000000024a8       0x2c ./drivers/fsl_clock.o
 .text.CLOCK_GetOscRangeFromFreq
                0x00000000000024d4       0x3c ./drivers/fsl_clock.o
 .text.CLOCK_GetOsc0ErClkUndivFreq
                0x0000000000002510       0x38 ./drivers/fsl_clock.o
                0x0000000000002510                CLOCK_GetOsc0ErClkUndivFreq
 .text.CLOCK_GetOsc0ErClkDivFreq
                0x0000000000002548       0x48 ./drivers/fsl_clock.o
                0x0000000000002548                CLOCK_GetOsc0ErClkDivFreq
 .text.CLOCK_GetEr32kClkFreq
                0x0000000000002590       0x70 ./drivers/fsl_clock.o
                0x0000000000002590                CLOCK_GetEr32kClkFreq
 .text.CLOCK_GetPllFllSelClkFreq
                0x0000000000002600       0x90 ./drivers/fsl_clock.o
                0x0000000000002600                CLOCK_GetPllFllSelClkFreq
 .text.CLOCK_GetCoreSysClkFreq
                0x0000000000002690       0x28 ./drivers/fsl_clock.o
                0x0000000000002690                CLOCK_GetCoreSysClkFreq
 .text.CLOCK_GetFreq
                0x00000000000026b8      0x150 ./drivers/fsl_clock.o
                0x00000000000026b8                CLOCK_GetFreq
 .text.CLOCK_SetSimConfig
                0x0000000000002808       0x44 ./drivers/fsl_clock.o
                0x0000000000002808                CLOCK_SetSimConfig
 .text.CLOCK_GetOutClkFreq
                0x000000000000284c       0x90 ./drivers/fsl_clock.o
                0x000000000000284c                CLOCK_GetOutClkFreq
 .text.CLOCK_GetFllFreq
                0x00000000000028dc       0x7c ./drivers/fsl_clock.o
                0x00000000000028dc                CLOCK_GetFllFreq
 .text.CLOCK_GetInternalRefClkFreq
                0x0000000000002958       0x24 ./drivers/fsl_clock.o
                0x0000000000002958                CLOCK_GetInternalRefClkFreq
 .text.CLOCK_GetPll0Freq
                0x000000000000297c       0x6c ./drivers/fsl_clock.o
                0x000000000000297c                CLOCK_GetPll0Freq
 .text.CLOCK_GetExtPllFreq
                0x00000000000029e8       0x18 ./drivers/fsl_clock.o
                0x00000000000029e8                CLOCK_GetExtPllFreq
 .text.CLOCK_SetExternalRefClkConfig
                0x0000000000002a00       0x6c ./drivers/fsl_clock.o
                0x0000000000002a00                CLOCK_SetExternalRefClkConfig
 .text.CLOCK_SetInternalRefClkConfig
                0x0000000000002a6c      0x104 ./drivers/fsl_clock.o
                0x0000000000002a6c                CLOCK_SetInternalRefClkConfig
 .text.CLOCK_EnablePll0
                0x0000000000002b70       0x84 ./drivers/fsl_clock.o
                0x0000000000002b70                CLOCK_EnablePll0
 .text.CLOCK_InitOsc0
                0x0000000000002bf4       0x8c ./drivers/fsl_clock.o
                0x0000000000002bf4                CLOCK_InitOsc0
 .text.CLOCK_SetPbeMode
                0x0000000000002c80       0xe8 ./drivers/fsl_clock.o
                0x0000000000002c80                CLOCK_SetPbeMode
 .text.CLOCK_BootToPeeMode
                0x0000000000002d68       0x68 ./drivers/fsl_clock.o
                0x0000000000002d68                CLOCK_BootToPeeMode
 .text.DMAMUX_GetInstance
                0x0000000000002dd0       0x44 ./drivers/fsl_dmamux.o
 .text.DMAMUX_Init
                0x0000000000002e14       0x24 ./drivers/fsl_dmamux.o
                0x0000000000002e14                DMAMUX_Init
 .text.DSPI_GetInstance
                0x0000000000002e38       0x4c ./drivers/fsl_dspi.o
                0x0000000000002e38                DSPI_GetInstance
 .text.DSPI_SetDummyData
                0x0000000000002e84       0x2c ./drivers/fsl_dspi.o
                0x0000000000002e84                DSPI_SetDummyData
 .text.DSPI_MasterInit
                0x0000000000002eb0      0x16c ./drivers/fsl_dspi.o
                0x0000000000002eb0                DSPI_MasterInit
 .text.DSPI_MasterSetBaudRate
                0x000000000000301c      0x120 ./drivers/fsl_dspi.o
                0x000000000000301c                DSPI_MasterSetBaudRate
 .text.DSPI_MasterSetDelayTimes
                0x000000000000313c      0x128 ./drivers/fsl_dspi.o
                0x000000000000313c                DSPI_MasterSetDelayTimes
 .text.DSPI_CommonIRQHandler
                0x0000000000003264       0x40 ./drivers/fsl_dspi.o
 .text.SPI0_DriverIRQHandler
                0x00000000000032a4       0x30 ./drivers/fsl_dspi.o
                0x00000000000032a4                SPI0_DriverIRQHandler
 .text.SPI1_DriverIRQHandler
                0x00000000000032d4       0x30 ./drivers/fsl_dspi.o
                0x00000000000032d4                SPI1_DriverIRQHandler
 .text.SPI2_DriverIRQHandler
                0x0000000000003304       0x30 ./drivers/fsl_dspi.o
                0x0000000000003304                SPI2_DriverIRQHandler
 .text.EDMA_SetChannelPreemptionConfig
                0x0000000000003334       0x74 ./drivers/fsl_dspi_edma.o
 .text.EDMA_EnableAutoStopRequest
                0x00000000000033a8       0x64 ./drivers/fsl_dspi_edma.o
 .text.DSPI_MasterTransferCreateHandleEDMA
                0x000000000000340c       0xa0 ./drivers/fsl_dspi_edma.o
                0x000000000000340c                DSPI_MasterTransferCreateHandleEDMA
 .text.DSPI_MasterTransferEDMA
                0x00000000000034ac      0x82c ./drivers/fsl_dspi_edma.o
                0x00000000000034ac                DSPI_MasterTransferEDMA
 .text.EDMA_DspiMasterCallback
                0x0000000000003cd8       0x78 ./drivers/fsl_dspi_edma.o
 .text.__NVIC_EnableIRQ
                0x0000000000003d50       0x3c ./drivers/fsl_edma.o
 .text.EDMA_GetInstance
                0x0000000000003d8c       0x44 ./drivers/fsl_edma.o
 .text.EDMA_Init
                0x0000000000003dd0       0x98 ./drivers/fsl_edma.o
                0x0000000000003dd0                EDMA_Init
 .text.EDMA_GetDefaultConfig
                0x0000000000003e68       0x44 ./drivers/fsl_edma.o
                0x0000000000003e68                EDMA_GetDefaultConfig
 .text.EDMA_ResetChannel
                0x0000000000003eac       0x34 ./drivers/fsl_edma.o
                0x0000000000003eac                EDMA_ResetChannel
 .text.EDMA_SetTransferConfig
                0x0000000000003ee0       0x60 ./drivers/fsl_edma.o
                0x0000000000003ee0                EDMA_SetTransferConfig
 .text.EDMA_SetChannelLink
                0x0000000000003f40       0x4c ./drivers/fsl_edma.o
                0x0000000000003f40                EDMA_SetChannelLink
 .text.EDMA_EnableChannelInterrupts
                0x0000000000003f8c       0xa8 ./drivers/fsl_edma.o
                0x0000000000003f8c                EDMA_EnableChannelInterrupts
 .text.EDMA_TcdReset
                0x0000000000004034       0x78 ./drivers/fsl_edma.o
                0x0000000000004034                EDMA_TcdReset
 .text.EDMA_TcdSetTransferConfig
                0x00000000000040ac       0xe8 ./drivers/fsl_edma.o
                0x00000000000040ac                EDMA_TcdSetTransferConfig
 .text.EDMA_TcdSetChannelLink
                0x0000000000004194      0x134 ./drivers/fsl_edma.o
                0x0000000000004194                EDMA_TcdSetChannelLink
 .text.EDMA_GetChannelStatusFlags
                0x00000000000042c8       0x74 ./drivers/fsl_edma.o
                0x00000000000042c8                EDMA_GetChannelStatusFlags
 .text.Get_StartInstance
                0x000000000000433c       0x24 ./drivers/fsl_edma.o
 .text.EDMA_CreateHandle
                0x0000000000004360       0xe4 ./drivers/fsl_edma.o
                0x0000000000004360                EDMA_CreateHandle
 .text.EDMA_SetCallback
                0x0000000000004444       0x30 ./drivers/fsl_edma.o
                0x0000000000004444                EDMA_SetCallback
 .text.EDMA_StartTransfer
                0x0000000000004474       0xac ./drivers/fsl_edma.o
                0x0000000000004474                EDMA_StartTransfer
 .text.EDMA_HandleIRQ
                0x0000000000004520      0x154 ./drivers/fsl_edma.o
                0x0000000000004520                EDMA_HandleIRQ
 .text.DMA0_DMA16_DriverIRQHandler
                0x0000000000004674       0x4c ./drivers/fsl_edma.o
                0x0000000000004674                DMA0_DMA16_DriverIRQHandler
 .text.DMA1_DMA17_DriverIRQHandler
                0x00000000000046c0       0x4c ./drivers/fsl_edma.o
                0x00000000000046c0                DMA1_DMA17_DriverIRQHandler
 .text.DMA2_DMA18_DriverIRQHandler
                0x000000000000470c       0x4c ./drivers/fsl_edma.o
                0x000000000000470c                DMA2_DMA18_DriverIRQHandler
 .text.DMA3_DMA19_DriverIRQHandler
                0x0000000000004758       0x4c ./drivers/fsl_edma.o
                0x0000000000004758                DMA3_DMA19_DriverIRQHandler
 .text.DMA4_DMA20_DriverIRQHandler
                0x00000000000047a4       0x4c ./drivers/fsl_edma.o
                0x00000000000047a4                DMA4_DMA20_DriverIRQHandler
 .text.DMA5_DMA21_DriverIRQHandler
                0x00000000000047f0       0x4c ./drivers/fsl_edma.o
                0x00000000000047f0                DMA5_DMA21_DriverIRQHandler
 .text.DMA6_DMA22_DriverIRQHandler
                0x000000000000483c       0x4c ./drivers/fsl_edma.o
                0x000000000000483c                DMA6_DMA22_DriverIRQHandler
 .text.DMA7_DMA23_DriverIRQHandler
                0x0000000000004888       0x4c ./drivers/fsl_edma.o
                0x0000000000004888                DMA7_DMA23_DriverIRQHandler
 .text.DMA8_DMA24_DriverIRQHandler
                0x00000000000048d4       0x4c ./drivers/fsl_edma.o
                0x00000000000048d4                DMA8_DMA24_DriverIRQHandler
 .text.DMA9_DMA25_DriverIRQHandler
                0x0000000000004920       0x4c ./drivers/fsl_edma.o
                0x0000000000004920                DMA9_DMA25_DriverIRQHandler
 .text.DMA10_DMA26_DriverIRQHandler
                0x000000000000496c       0x4c ./drivers/fsl_edma.o
                0x000000000000496c                DMA10_DMA26_DriverIRQHandler
 .text.DMA11_DMA27_DriverIRQHandler
                0x00000000000049b8       0x4c ./drivers/fsl_edma.o
                0x00000000000049b8                DMA11_DMA27_DriverIRQHandler
 .text.DMA12_DMA28_DriverIRQHandler
                0x0000000000004a04       0x4c ./drivers/fsl_edma.o
                0x0000000000004a04                DMA12_DMA28_DriverIRQHandler
 .text.DMA13_DMA29_DriverIRQHandler
                0x0000000000004a50       0x4c ./drivers/fsl_edma.o
                0x0000000000004a50                DMA13_DMA29_DriverIRQHandler
 .text.DMA14_DMA30_DriverIRQHandler
                0x0000000000004a9c       0x4c ./drivers/fsl_edma.o
                0x0000000000004a9c                DMA14_DMA30_DriverIRQHandler
 .text.DMA15_DMA31_DriverIRQHandler
                0x0000000000004ae8       0x4c ./drivers/fsl_edma.o
                0x0000000000004ae8                DMA15_DMA31_DriverIRQHandler
 .text.GPIO_PinInit
                0x0000000000004b34       0x64 ./drivers/fsl_gpio.o
                0x0000000000004b34                GPIO_PinInit
 .text.I2C_TransferCommonIRQHandler
                0x0000000000004b98       0x50 ./drivers/fsl_i2c.o
 .text.I2C_MasterTransferBlocking
                0x0000000000004be8      0x22c ./drivers/fsl_i2c.o
                0x0000000000004be8                I2C_MasterTransferBlocking
 .text.I2C0_DriverIRQHandler
                0x0000000000004e14       0x1c ./drivers/fsl_i2c.o
                0x0000000000004e14                I2C0_DriverIRQHandler
 .text.I2C1_DriverIRQHandler
                0x0000000000004e30       0x1c ./drivers/fsl_i2c.o
                0x0000000000004e30                I2C1_DriverIRQHandler
 .text.I2C2_DriverIRQHandler
                0x0000000000004e4c       0x1c ./drivers/fsl_i2c.o
                0x0000000000004e4c                I2C2_DriverIRQHandler
 .text.I2C3_DriverIRQHandler
                0x0000000000004e68       0x1c ./drivers/fsl_i2c.o
                0x0000000000004e68                I2C3_DriverIRQHandler
 .text.LPUART0_DriverIRQHandler
                0x0000000000004e84       0x28 ./drivers/fsl_lpuart.o
                0x0000000000004e84                LPUART0_DriverIRQHandler
 .text.RNGA_Init
                0x0000000000004eac       0x38 ./drivers/fsl_rnga.o
                0x0000000000004eac                RNGA_Init
 .text.TPM_GetInstance
                0x0000000000004ee4       0x54 ./drivers/fsl_tpm.o
 .text.TPM_Init
                0x0000000000004f38       0xd4 ./drivers/fsl_tpm.o
                0x0000000000004f38                TPM_Init
 .text.TPM_GetDefaultConfig
                0x000000000000500c       0x68 ./drivers/fsl_tpm.o
                0x000000000000500c                TPM_GetDefaultConfig
 .text.UART_GetInstance
                0x0000000000005074       0x54 ./drivers/fsl_uart.o
                0x0000000000005074                UART_GetInstance
 .text.UART_Init
                0x00000000000050c8      0x2d8 ./drivers/fsl_uart.o
                0x00000000000050c8                UART_Init
 .text.UART_GetDefaultConfig
                0x00000000000053a0       0x68 ./drivers/fsl_uart.o
                0x00000000000053a0                UART_GetDefaultConfig
 .text.UART_EnableInterrupts
                0x0000000000005408       0x70 ./drivers/fsl_uart.o
                0x0000000000005408                UART_EnableInterrupts
 .text.UART0_DriverIRQHandler
                0x0000000000005478       0x28 ./drivers/fsl_uart.o
                0x0000000000005478                UART0_DriverIRQHandler
 .text.UART2_DriverIRQHandler
                0x00000000000054a0       0x28 ./drivers/fsl_uart.o
                0x00000000000054a0                UART2_DriverIRQHandler
 .text.UART3_DriverIRQHandler
                0x00000000000054c8       0x28 ./drivers/fsl_uart.o
                0x00000000000054c8                UART3_DriverIRQHandler
 .text.UART4_DriverIRQHandler
                0x00000000000054f0       0x28 ./drivers/fsl_uart.o
                0x00000000000054f0                UART4_DriverIRQHandler
 .text.SystemInit
                0x0000000000005518       0x3c ./device/system_MK66F18.o
                0x0000000000005518                SystemInit
 .text.HAL_UartInit
                0x0000000000005554      0x108 ./component/uart/uart_adapter.o
                0x0000000000005554                HAL_UartInit
 .text.SerialManager_Init
                0x000000000000565c       0x74 ./component/serial_manager/serial_manager.o
                0x000000000000565c                SerialManager_Init
 .text.SerialManager_OpenWriteHandle
                0x00000000000056d0       0x58 ./component/serial_manager/serial_manager.o
                0x00000000000056d0                SerialManager_OpenWriteHandle
 .text.SerialManager_OpenReadHandle
                0x0000000000005728       0x60 ./component/serial_manager/serial_manager.o
                0x0000000000005728                SerialManager_OpenReadHandle
 .text.Serial_UartInit
                0x0000000000005788       0x80 ./component/serial_manager/serial_port_uart.o
                0x0000000000005788                Serial_UartInit
 .text.CLOCK_SetSimSafeDivs
                0x0000000000005808       0x24 ./board/clock_config.o
 .text.CLOCK_SetXtal0Freq
                0x000000000000582c       0x20 ./board/clock_config.o
 .text.CLOCK_CONFIG_SetFllExtRefDiv
                0x000000000000584c       0x3c ./board/clock_config.o
 .text.BOARD_BootClockRUN
                0x0000000000005888       0x60 ./board/clock_config.o
                0x0000000000005888                BOARD_BootClockRUN
 .text.__assertion_failed
                0x00000000000058e8       0x4c /usr/local/mcuxpressoide-11.0.0_2516/ide/plugins/com.nxp.mcuxpresso.tools.linux_11.0.0.201905131304/tools/bin/../lib/gcc/arm-none-eabi/8.2.1/../../../../arm-none-eabi/lib/thumb/v7e-m+fp/hard/libcr_semihost_nf.a(_cr_assert.o)
                0x00000000000058e8                __assertion_failed
 .text.__sys_appexit
                0x0000000000005934        0xc /usr/local/mcuxpressoide-11.0.0_2516/ide/plugins/com.nxp.mcuxpresso.tools.linux_11.0.0.201905131304/tools/bin/../lib/gcc/arm-none-eabi/8.2.1/../../../../arm-none-eabi/lib/thumb/v7e-m+fp/hard/libcr_semihost_nf.a(__sys_appexit.o)
                0x0000000000005934                __exit
                0x0000000000005934                __sys_appexit
 .text._Cwritebuf
                0x0000000000005940       0x6c /usr/local/mcuxpressoide-11.0.0_2516/ide/plugins/com.nxp.mcuxpresso.tools.linux_11.0.0.201905131304/tools/bin/../lib/gcc/arm-none-eabi/8.2.1/../../../../arm-none-eabi/lib/thumb/v7e-m+fp/hard/libcr_c.a(_writebuf.o)
                0x0000000000005940                _Cwritebuf
 .text.malloc   0x00000000000059ac       0xc8 /usr/local/mcuxpressoide-11.0.0_2516/ide/plugins/com.nxp.mcuxpresso.tools.linux_11.0.0.201905131304/tools/bin/../lib/gcc/arm-none-eabi/8.2.1/../../../../arm-none-eabi/lib/thumb/v7e-m+fp/hard/libcr_c.a(alloc.o)
                0x00000000000059ac                malloc
 .text._Csys_alloc
                0x0000000000005a74       0x20 /usr/local/mcuxpressoide-11.0.0_2516/ide/plugins/com.nxp.mcuxpresso.tools.linux_11.0.0.201905131304/tools/bin/../lib/gcc/arm-none-eabi/8.2.1/../../../../arm-none-eabi/lib/thumb/v7e-m+fp/hard/libcr_c.a(alloc.o)
                0x0000000000005a74                _Csys_alloc
 .text.fseek    0x0000000000005a94      0x100 /usr/local/mcuxpressoide-11.0.0_2516/ide/plugins/com.nxp.mcuxpresso.tools.linux_11.0.0.201905131304/tools/bin/../lib/gcc/arm-none-eabi/8.2.1/../../../../arm-none-eabi/lib/thumb/v7e-m+fp/hard/libcr_c.a(fseek.o)
                0x0000000000005a94                fseek
 .text.ftell    0x0000000000005b94       0x48 /usr/local/mcuxpressoide-11.0.0_2516/ide/plugins/com.nxp.mcuxpresso.tools.linux_11.0.0.201905131304/tools/bin/../lib/gcc/arm-none-eabi/8.2.1/../../../../arm-none-eabi/lib/thumb/v7e-m+fp/hard/libcr_c.a(ftell.o)
                0x0000000000005b94                ftell
 .text._initio  0x0000000000005bdc       0x78 /usr/local/mcuxpressoide-11.0.0_2516/ide/plugins/com.nxp.mcuxpresso.tools.linux_11.0.0.201905131304/tools/bin/../lib/gcc/arm-none-eabi/8.2.1/../../../../arm-none-eabi/lib/thumb/v7e-m+fp/hard/libcr_c.a(initio.o)
                0x0000000000005bdc                _initio
 .text.__vfprintf
                0x0000000000005c54      0xbe0 /usr/local/mcuxpressoide-11.0.0_2516/ide/plugins/com.nxp.mcuxpresso.tools.linux_11.0.0.201905131304/tools/bin/../lib/gcc/arm-none-eabi/8.2.1/../../../../arm-none-eabi/lib/thumb/v7e-m+fp/hard/libcr_c.a(printf.o)
                0x0000000000005c54                __vfprintf
 .text._sprintf
                0x0000000000006834       0x6c /usr/local/mcuxpressoide-11.0.0_2516/ide/plugins/com.nxp.mcuxpresso.tools.linux_11.0.0.201905131304/tools/bin/../lib/gcc/arm-none-eabi/8.2.1/../../../../arm-none-eabi/lib/thumb/v7e-m+fp/hard/libcr_c.a(printf.o)
                0x0000000000006834                _sprintf
 .text._vsnprintf
                0x00000000000068a0       0x68 /usr/local/mcuxpressoide-11.0.0_2516/ide/plugins/com.nxp.mcuxpresso.tools.linux_11.0.0.201905131304/tools/bin/../lib/gcc/arm-none-eabi/8.2.1/../../../../arm-none-eabi/lib/thumb/v7e-m+fp/hard/libcr_c.a(printf.o)
                0x00000000000068a0                _vsnprintf
 .text._printf  0x0000000000006908       0x54 /usr/local/mcuxpressoide-11.0.0_2516/ide/plugins/com.nxp.mcuxpresso.tools.linux_11.0.0.201905131304/tools/bin/../lib/gcc/arm-none-eabi/8.2.1/../../../../arm-none-eabi/lib/thumb/v7e-m+fp/hard/libcr_c.a(printf.o)
                0x0000000000006908                _printf
 .text.setvbuf  0x000000000000695c       0x40 /usr/local/mcuxpressoide-11.0.0_2516/ide/plugins/com.nxp.mcuxpresso.tools.linux_11.0.0.201905131304/tools/bin/../lib/gcc/arm-none-eabi/8.2.1/../../../../arm-none-eabi/lib/thumb/v7e-m+fp/hard/libcr_c.a(setvbuf.o)
                0x000000000000695c                setvbuf
 .text._sbrk    0x000000000000699c       0x3c /usr/local/mcuxpressoide-11.0.0_2516/ide/plugins/com.nxp.mcuxpresso.tools.linux_11.0.0.201905131304/tools/bin/../lib/gcc/arm-none-eabi/8.2.1/../../../../arm-none-eabi/lib/thumb/v7e-m+fp/hard/libcr_c.a(_cr_sbrk.o)
                0x000000000000699c                _sbrk
 .text.fflush   0x00000000000069d8       0x44 /usr/local/mcuxpressoide-11.0.0_2516/ide/plugins/com.nxp.mcuxpresso.tools.linux_11.0.0.201905131304/tools/bin/../lib/gcc/arm-none-eabi/8.2.1/../../../../arm-none-eabi/lib/thumb/v7e-m+fp/hard/libcr_c.a(fflush.o)
                0x00000000000069d8                fflush
 .text.__check_heap_overflow
                0x0000000000006a1c       0x18 /usr/local/mcuxpressoide-11.0.0_2516/ide/plugins/com.nxp.mcuxpresso.tools.linux_11.0.0.201905131304/tools/bin/../lib/gcc/arm-none-eabi/8.2.1/../../../../arm-none-eabi/lib/thumb/v7e-m+fp/hard/libcr_c.a(_cr_check_heap.o)
                0x0000000000006a1c                __check_heap_overflow
 .text.DMA0_DMA16_IRQHandler
                0x0000000000006a34        0x8 ./startup/startup_mk66f18.o
                0x0000000000006a34                DMA0_DMA16_IRQHandler
 .text.DMA1_DMA17_IRQHandler
                0x0000000000006a3c        0x8 ./startup/startup_mk66f18.o
                0x0000000000006a3c                DMA1_DMA17_IRQHandler
 .text.DMA2_DMA18_IRQHandler
                0x0000000000006a44        0x8 ./startup/startup_mk66f18.o
                0x0000000000006a44                DMA2_DMA18_IRQHandler
 .text.DMA3_DMA19_IRQHandler
                0x0000000000006a4c        0x8 ./startup/startup_mk66f18.o
                0x0000000000006a4c                DMA3_DMA19_IRQHandler
 .text.DMA4_DMA20_IRQHandler
                0x0000000000006a54        0x8 ./startup/startup_mk66f18.o
                0x0000000000006a54                DMA4_DMA20_IRQHandler
 .text.DMA5_DMA21_IRQHandler
                0x0000000000006a5c        0x8 ./startup/startup_mk66f18.o
                0x0000000000006a5c                DMA5_DMA21_IRQHandler
 .text.DMA6_DMA22_IRQHandler
                0x0000000000006a64        0x8 ./startup/startup_mk66f18.o
                0x0000000000006a64                DMA6_DMA22_IRQHandler
 .text.DMA7_DMA23_IRQHandler
                0x0000000000006a6c        0x8 ./startup/startup_mk66f18.o
                0x0000000000006a6c                DMA7_DMA23_IRQHandler
 .text.DMA8_DMA24_IRQHandler
                0x0000000000006a74        0x8 ./startup/startup_mk66f18.o
                0x0000000000006a74                DMA8_DMA24_IRQHandler
 .text.DMA9_DMA25_IRQHandler
                0x0000000000006a7c        0x8 ./startup/startup_mk66f18.o
                0x0000000000006a7c                DMA9_DMA25_IRQHandler
 .text.DMA10_DMA26_IRQHandler
                0x0000000000006a84        0x8 ./startup/startup_mk66f18.o
                0x0000000000006a84                DMA10_DMA26_IRQHandler
 .text.DMA11_DMA27_IRQHandler
                0x0000000000006a8c        0x8 ./startup/startup_mk66f18.o
                0x0000000000006a8c                DMA11_DMA27_IRQHandler
 .text.DMA12_DMA28_IRQHandler
                0x0000000000006a94        0x8 ./startup/startup_mk66f18.o
                0x0000000000006a94                DMA12_DMA28_IRQHandler
 .text.DMA13_DMA29_IRQHandler
                0x0000000000006a9c        0x8 ./startup/startup_mk66f18.o
                0x0000000000006a9c                DMA13_DMA29_IRQHandler
 .text.DMA14_DMA30_IRQHandler
                0x0000000000006aa4        0x8 ./startup/startup_mk66f18.o
                0x0000000000006aa4                DMA14_DMA30_IRQHandler
 .text.DMA15_DMA31_IRQHandler
                0x0000000000006aac        0x8 ./startup/startup_mk66f18.o
                0x0000000000006aac                DMA15_DMA31_IRQHandler
 .text.DMA_Error_IRQHandler
                0x0000000000006ab4        0x8 ./startup/startup_mk66f18.o
                0x0000000000006ab4                DMA_Error_IRQHandler
 .text.MCM_IRQHandler
                0x0000000000006abc        0x8 ./startup/startup_mk66f18.o
                0x0000000000006abc                MCM_IRQHandler
 .text.FTFE_IRQHandler
                0x0000000000006ac4        0x8 ./startup/startup_mk66f18.o
                0x0000000000006ac4                FTFE_IRQHandler
 .text.Read_Collision_IRQHandler
                0x0000000000006acc        0x8 ./startup/startup_mk66f18.o
                0x0000000000006acc                Read_Collision_IRQHandler
 .text.LVD_LVW_IRQHandler
                0x0000000000006ad4        0x8 ./startup/startup_mk66f18.o
                0x0000000000006ad4                LVD_LVW_IRQHandler
 .text.LLWU_IRQHandler
                0x0000000000006adc        0x8 ./startup/startup_mk66f18.o
                0x0000000000006adc                LLWU_IRQHandler
 .text.WDOG_EWM_IRQHandler
                0x0000000000006ae4        0x8 ./startup/startup_mk66f18.o
                0x0000000000006ae4                WDOG_EWM_IRQHandler
 .text.RNG_IRQHandler
                0x0000000000006aec        0x8 ./startup/startup_mk66f18.o
                0x0000000000006aec                RNG_IRQHandler
 .text.I2C0_IRQHandler
                0x0000000000006af4        0x8 ./startup/startup_mk66f18.o
                0x0000000000006af4                I2C0_IRQHandler
 .text.I2C1_IRQHandler
                0x0000000000006afc        0x8 ./startup/startup_mk66f18.o
                0x0000000000006afc                I2C1_IRQHandler
 .text.SPI0_IRQHandler
                0x0000000000006b04        0x8 ./startup/startup_mk66f18.o
                0x0000000000006b04                SPI0_IRQHandler
 .text.SPI1_IRQHandler
                0x0000000000006b0c        0x8 ./startup/startup_mk66f18.o
                0x0000000000006b0c                SPI1_IRQHandler
 .text.I2S0_Tx_IRQHandler
                0x0000000000006b14        0x8 ./startup/startup_mk66f18.o
                0x0000000000006b14                I2S0_Tx_IRQHandler
 .text.I2S0_Rx_IRQHandler
                0x0000000000006b1c        0x8 ./startup/startup_mk66f18.o
                0x0000000000006b1c                I2S0_Rx_IRQHandler
 .text.Reserved46_IRQHandler
                0x0000000000006b24        0x8 ./startup/startup_mk66f18.o
                0x0000000000006b24                Reserved46_IRQHandler
 .text.UART0_RX_TX_IRQHandler
                0x0000000000006b2c        0x8 ./startup/startup_mk66f18.o
                0x0000000000006b2c                UART0_RX_TX_IRQHandler
 .text.UART0_ERR_IRQHandler
                0x0000000000006b34        0x8 ./startup/startup_mk66f18.o
                0x0000000000006b34                UART0_ERR_IRQHandler
 .text.UART1_ERR_IRQHandler
                0x0000000000006b3c        0x8 ./startup/startup_mk66f18.o
                0x0000000000006b3c                UART1_ERR_IRQHandler
 .text.UART2_RX_TX_IRQHandler
                0x0000000000006b44        0x8 ./startup/startup_mk66f18.o
                0x0000000000006b44                UART2_RX_TX_IRQHandler
 .text.UART2_ERR_IRQHandler
                0x0000000000006b4c        0x8 ./startup/startup_mk66f18.o
                0x0000000000006b4c                UART2_ERR_IRQHandler
 .text.UART3_RX_TX_IRQHandler
                0x0000000000006b54        0x8 ./startup/startup_mk66f18.o
                0x0000000000006b54                UART3_RX_TX_IRQHandler
 .text.UART3_ERR_IRQHandler
                0x0000000000006b5c        0x8 ./startup/startup_mk66f18.o
                0x0000000000006b5c                UART3_ERR_IRQHandler
 .text.ADC0_IRQHandler
                0x0000000000006b64        0x8 ./startup/startup_mk66f18.o
                0x0000000000006b64                ADC0_IRQHandler
 .text.CMP0_IRQHandler
                0x0000000000006b6c        0x8 ./startup/startup_mk66f18.o
                0x0000000000006b6c                CMP0_IRQHandler
 .text.CMP1_IRQHandler
                0x0000000000006b74        0x8 ./startup/startup_mk66f18.o
                0x0000000000006b74                CMP1_IRQHandler
 .text.FTM0_IRQHandler
                0x0000000000006b7c        0x8 ./startup/startup_mk66f18.o
                0x0000000000006b7c                FTM0_IRQHandler
 .text.FTM1_IRQHandler
                0x0000000000006b84        0x8 ./startup/startup_mk66f18.o
                0x0000000000006b84                FTM1_IRQHandler
 .text.FTM2_IRQHandler
                0x0000000000006b8c        0x8 ./startup/startup_mk66f18.o
                0x0000000000006b8c                FTM2_IRQHandler
 .text.CMT_IRQHandler
                0x0000000000006b94        0x8 ./startup/startup_mk66f18.o
                0x0000000000006b94                CMT_IRQHandler
 .text.RTC_IRQHandler
                0x0000000000006b9c        0x8 ./startup/startup_mk66f18.o
                0x0000000000006b9c                RTC_IRQHandler
 .text.RTC_Seconds_IRQHandler
                0x0000000000006ba4        0x8 ./startup/startup_mk66f18.o
                0x0000000000006ba4                RTC_Seconds_IRQHandler
 .text.PIT0_IRQHandler
                0x0000000000006bac        0x8 ./startup/startup_mk66f18.o
                0x0000000000006bac                PIT0_IRQHandler
 .text.PIT1_IRQHandler
                0x0000000000006bb4        0x8 ./startup/startup_mk66f18.o
                0x0000000000006bb4                PIT1_IRQHandler
 .text.PIT2_IRQHandler
                0x0000000000006bbc        0x8 ./startup/startup_mk66f18.o
                0x0000000000006bbc                PIT2_IRQHandler
 .text.PIT3_IRQHandler
                0x0000000000006bc4        0x8 ./startup/startup_mk66f18.o
                0x0000000000006bc4                PIT3_IRQHandler
 .text.PDB0_IRQHandler
                0x0000000000006bcc        0x8 ./startup/startup_mk66f18.o
                0x0000000000006bcc                PDB0_IRQHandler
 .text.USB0_IRQHandler
                0x0000000000006bd4        0x8 ./startup/startup_mk66f18.o
                0x0000000000006bd4                USB0_IRQHandler
 .text.USBDCD_IRQHandler
                0x0000000000006bdc        0x8 ./startup/startup_mk66f18.o
                0x0000000000006bdc                USBDCD_IRQHandler
 .text.Reserved71_IRQHandler
                0x0000000000006be4        0x8 ./startup/startup_mk66f18.o
                0x0000000000006be4                Reserved71_IRQHandler
 .text.DAC0_IRQHandler
                0x0000000000006bec        0x8 ./startup/startup_mk66f18.o
                0x0000000000006bec                DAC0_IRQHandler
 .text.MCG_IRQHandler
                0x0000000000006bf4        0x8 ./startup/startup_mk66f18.o
                0x0000000000006bf4                MCG_IRQHandler
 .text.LPTMR0_IRQHandler
                0x0000000000006bfc        0x8 ./startup/startup_mk66f18.o
                0x0000000000006bfc                LPTMR0_IRQHandler
 .text.PORTA_IRQHandler
                0x0000000000006c04        0x8 ./startup/startup_mk66f18.o
                0x0000000000006c04                PORTA_IRQHandler
 .text.PORTB_IRQHandler
                0x0000000000006c0c        0x8 ./startup/startup_mk66f18.o
                0x0000000000006c0c                PORTB_IRQHandler
 .text.PORTC_IRQHandler
                0x0000000000006c14        0x8 ./startup/startup_mk66f18.o
                0x0000000000006c14                PORTC_IRQHandler
 .text.PORTD_IRQHandler
                0x0000000000006c1c        0x8 ./startup/startup_mk66f18.o
                0x0000000000006c1c                PORTD_IRQHandler
 .text.PORTE_IRQHandler
                0x0000000000006c24        0x8 ./startup/startup_mk66f18.o
                0x0000000000006c24                PORTE_IRQHandler
 .text.SWI_IRQHandler
                0x0000000000006c2c        0x8 ./startup/startup_mk66f18.o
                0x0000000000006c2c                SWI_IRQHandler
 .text.SPI2_IRQHandler
                0x0000000000006c34        0x8 ./startup/startup_mk66f18.o
                0x0000000000006c34                SPI2_IRQHandler
 .text.UART4_RX_TX_IRQHandler
                0x0000000000006c3c        0x8 ./startup/startup_mk66f18.o
                0x0000000000006c3c                UART4_RX_TX_IRQHandler
 .text.UART4_ERR_IRQHandler
                0x0000000000006c44        0x8 ./startup/startup_mk66f18.o
                0x0000000000006c44                UART4_ERR_IRQHandler
 .text.Reserved84_IRQHandler
                0x0000000000006c4c        0x8 ./startup/startup_mk66f18.o
                0x0000000000006c4c                Reserved84_IRQHandler
 .text.Reserved85_IRQHandler
                0x0000000000006c54        0x8 ./startup/startup_mk66f18.o
                0x0000000000006c54                Reserved85_IRQHandler
 .text.CMP2_IRQHandler
                0x0000000000006c5c        0x8 ./startup/startup_mk66f18.o
                0x0000000000006c5c                CMP2_IRQHandler
 .text.DAC1_IRQHandler
                0x0000000000006c64        0x8 ./startup/startup_mk66f18.o
                0x0000000000006c64                DAC1_IRQHandler
 .text.I2C2_IRQHandler
                0x0000000000006c6c        0x8 ./startup/startup_mk66f18.o
                0x0000000000006c6c                I2C2_IRQHandler
 .text.CAN0_ORed_Message_buffer_IRQHandler
                0x0000000000006c74        0x8 ./startup/startup_mk66f18.o
                0x0000000000006c74                CAN0_ORed_Message_buffer_IRQHandler
 .text.CAN0_Bus_Off_IRQHandler
                0x0000000000006c7c        0x8 ./startup/startup_mk66f18.o
                0x0000000000006c7c                CAN0_Bus_Off_IRQHandler
 .text.CAN0_Error_IRQHandler
                0x0000000000006c84        0x8 ./startup/startup_mk66f18.o
                0x0000000000006c84                CAN0_Error_IRQHandler
 .text.CAN0_Tx_Warning_IRQHandler
                0x0000000000006c8c        0x8 ./startup/startup_mk66f18.o
                0x0000000000006c8c                CAN0_Tx_Warning_IRQHandler
 .text.CAN0_Rx_Warning_IRQHandler
                0x0000000000006c94        0x8 ./startup/startup_mk66f18.o
                0x0000000000006c94                CAN0_Rx_Warning_IRQHandler
 .text.CAN0_Wake_Up_IRQHandler
                0x0000000000006c9c        0x8 ./startup/startup_mk66f18.o
                0x0000000000006c9c                CAN0_Wake_Up_IRQHandler
 .text.SDHC_IRQHandler
                0x0000000000006ca4        0x8 ./startup/startup_mk66f18.o
                0x0000000000006ca4                SDHC_IRQHandler
 .text.ENET_1588_Timer_IRQHandler
                0x0000000000006cac        0x8 ./startup/startup_mk66f18.o
                0x0000000000006cac                ENET_1588_Timer_IRQHandler
 .text.ENET_Transmit_IRQHandler
                0x0000000000006cb4        0x8 ./startup/startup_mk66f18.o
                0x0000000000006cb4                ENET_Transmit_IRQHandler
 .text.ENET_Receive_IRQHandler
                0x0000000000006cbc        0x8 ./startup/startup_mk66f18.o
                0x0000000000006cbc                ENET_Receive_IRQHandler
 .text.ENET_Error_IRQHandler
                0x0000000000006cc4        0x8 ./startup/startup_mk66f18.o
                0x0000000000006cc4                ENET_Error_IRQHandler
 .text.LPUART0_IRQHandler
                0x0000000000006ccc        0x8 ./startup/startup_mk66f18.o
                0x0000000000006ccc                LPUART0_IRQHandler
 .text.TSI0_IRQHandler
                0x0000000000006cd4        0x8 ./startup/startup_mk66f18.o
                0x0000000000006cd4                TSI0_IRQHandler
 .text.TPM1_IRQHandler
                0x0000000000006cdc        0x8 ./startup/startup_mk66f18.o
                0x0000000000006cdc                TPM1_IRQHandler
 .text.USBHSDCD_IRQHandler
                0x0000000000006ce4        0x8 ./startup/startup_mk66f18.o
                0x0000000000006ce4                USBHSDCD_IRQHandler
 .text.I2C3_IRQHandler
                0x0000000000006cec        0x8 ./startup/startup_mk66f18.o
                0x0000000000006cec                I2C3_IRQHandler
 .text.CMP3_IRQHandler
                0x0000000000006cf4        0x8 ./startup/startup_mk66f18.o
                0x0000000000006cf4                CMP3_IRQHandler
 .text.USBHS_IRQHandler
                0x0000000000006cfc        0x8 ./startup/startup_mk66f18.o
                0x0000000000006cfc                USBHS_IRQHandler
 .text.CAN1_ORed_Message_buffer_IRQHandler
                0x0000000000006d04        0x8 ./startup/startup_mk66f18.o
                0x0000000000006d04                CAN1_ORed_Message_buffer_IRQHandler
 .text.CAN1_Bus_Off_IRQHandler
                0x0000000000006d0c        0x8 ./startup/startup_mk66f18.o
                0x0000000000006d0c                CAN1_Bus_Off_IRQHandler
 .text.CAN1_Error_IRQHandler
                0x0000000000006d14        0x8 ./startup/startup_mk66f18.o
                0x0000000000006d14                CAN1_Error_IRQHandler
 .text.CAN1_Tx_Warning_IRQHandler
                0x0000000000006d1c        0x8 ./startup/startup_mk66f18.o
                0x0000000000006d1c                CAN1_Tx_Warning_IRQHandler
 .text.CAN1_Rx_Warning_IRQHandler
                0x0000000000006d24        0x8 ./startup/startup_mk66f18.o
                0x0000000000006d24                CAN1_Rx_Warning_IRQHandler
 .text.CAN1_Wake_Up_IRQHandler
                0x0000000000006d2c        0x8 ./startup/startup_mk66f18.o
                0x0000000000006d2c                CAN1_Wake_Up_IRQHandler
 .text.CLOCK_EnableClock
                0x0000000000006d34       0x34 ./source/controller.o
 .text.EnableIRQ
                0x0000000000006d68       0x2c ./source/controller.o
 .text.UART_ReadByte
                0x0000000000006d94       0x1a ./source/controller.o
 .text.PORT_SetPinMux
                0x0000000000006dae       0x3a ./source/controller.o
 .text.upEvent  0x0000000000006de8        0xe ./source/controller.o
                0x0000000000006de8                upEvent
 .text.downEvent
                0x0000000000006df6        0xe ./source/controller.o
                0x0000000000006df6                downEvent
 .text.leftEvent
                0x0000000000006e04        0xc ./source/controller.o
                0x0000000000006e04                leftEvent
 .text.rightEvent
                0x0000000000006e10        0xc ./source/controller.o
                0x0000000000006e10                rightEvent
 .text.startEvent
                0x0000000000006e1c        0xe ./source/controller.o
                0x0000000000006e1c                startEvent
 .text.selectEvent
                0x0000000000006e2a        0xe ./source/controller.o
                0x0000000000006e2a                selectEvent
 .text.CLOCK_EnableClock
                0x0000000000006e38       0x34 ./source/leds.o
 .text.PORT_SetPinMux
                0x0000000000006e6c       0x3a ./source/leds.o
 .text.main     0x0000000000006ea6       0x3a ./source/main.o
                0x0000000000006ea6                main
 .text.CLOCK_EnableClock
                0x0000000000006ee0       0x34 ./source/msgeq07.o
 .text.EnableIRQ
                0x0000000000006f14       0x2c ./source/msgeq07.o
 .text.PORT_SetPinMux
                0x0000000000006f40       0x3a ./source/msgeq07.o
 .text.ADC16_EnableHardwareTrigger
                0x0000000000006f7a       0x38 ./source/msgeq07.o
 .text.TPM_ClearStatusFlags
                0x0000000000006fb2       0x1c ./source/msgeq07.o
 .text.TPM_SetTimerPeriod
                0x0000000000006fce       0x1c ./source/msgeq07.o
 .text.TPM_StartTimer
                0x0000000000006fea       0x3a ./source/msgeq07.o
 .text.TPM_StopTimer
                0x0000000000007024       0x2e ./source/msgeq07.o
 .text.GPIO_PortSet
                0x0000000000007052       0x1c ./source/msgeq07.o
 .text.GPIO_PortClear
                0x000000000000706e       0x1c ./source/msgeq07.o
 .text.initMsgeq07
                0x000000000000708a       0x14 ./source/msgeq07.o
                0x000000000000708a                initMsgeq07
 .text.CLOCK_EnableClock
                0x000000000000709e       0x34 ./source/power.o
 .text.PORT_SetPinMux
                0x00000000000070d2       0x3a ./source/power.o
 .text.GPIO_PortSet
                0x000000000000710c       0x1c ./source/power.o
 .text.GPIO_PortClear
                0x0000000000007128       0x1c ./source/power.o
 .text.get_rand_uint32_range
                0x0000000000007144       0x2c ./source/random.o
                0x0000000000007144                get_rand_uint32_range
 .text.get_rand_uint8_range
                0x0000000000007170       0x34 ./source/random.o
                0x0000000000007170                get_rand_uint8_range
 .text.is12Hour
                0x00000000000071a4       0x28 ./source/rtc.o
                0x00000000000071a4                is12Hour
 .text.BCDtoDEC
                0x00000000000071cc       0x32 ./source/rtc.o
                0x00000000000071cc                BCDtoDEC
 .text.autoPower
                0x00000000000071fe       0x56 ./source/scheduler.o
                0x00000000000071fe                autoPower
 .text.nextPattern
                0x0000000000007254        0xe ./source/scheduler.o
                0x0000000000007254                nextPattern
 .text.HardFault_Handler
                0x0000000000007262       0x2c ./source/semihost_hardfault.o
                0x0000000000007262                HardFault_Handler
 .text.map_uint32
                0x000000000000728e       0x50 ./source/utils.o
                0x000000000000728e                map_uint32
 .text.bound_uint8
                0x00000000000072de       0x38 ./source/utils.o
                0x00000000000072de                bound_uint8
 .text.CLOCK_EnableClock
                0x0000000000007316       0x34 ./drivers/fsl_adc16.o
 .text.ADC16_DoAutoCalibration
                0x000000000000734a      0x10a ./drivers/fsl_adc16.o
                0x000000000000734a                ADC16_DoAutoCalibration
 .text.ADC16_GetStatusFlags
                0x0000000000007454       0x42 ./drivers/fsl_adc16.o
                0x0000000000007454                ADC16_GetStatusFlags
 .text.OSC_SetExtRefClkConfig
                0x0000000000007496       0x40 ./drivers/fsl_clock.o
 .text.OSC_SetCapLoad
                0x00000000000074d6       0x34 ./drivers/fsl_clock.o
 .text.CLOCK_GetPll0RefFreq
                0x000000000000750a        0xe ./drivers/fsl_clock.o
 .text.CLOCK_GetFixedFreqClkFreq
                0x0000000000007518       0x2e ./drivers/fsl_clock.o
                0x0000000000007518                CLOCK_GetFixedFreqClkFreq
 .text.CLOCK_EnableClock
                0x0000000000007546       0x34 ./drivers/fsl_dmamux.o
 .text.CLOCK_EnableClock
                0x000000000000757a       0x34 ./drivers/fsl_dspi.o
 .text.DSPI_Enable
                0x00000000000075ae       0x38 ./drivers/fsl_dspi.o
 .text.DSPI_SetMasterSlaveMode
                0x00000000000075e6       0x2a ./drivers/fsl_dspi.o
 .text.DSPI_IsMaster
                0x0000000000007610       0x1c ./drivers/fsl_dspi.o
 .text.DSPI_StartTransfer
                0x000000000000762c       0x20 ./drivers/fsl_dspi.o
 .text.DSPI_StopTransfer
                0x000000000000764c       0x20 ./drivers/fsl_dspi.o
 .text.DSPI_SetOnePcsPolarity
                0x000000000000766c       0x4e ./drivers/fsl_dspi.o
 .text.DSPI_MasterSetDelayScaler
                0x00000000000076ba       0xdc ./drivers/fsl_dspi.o
                0x00000000000076ba                DSPI_MasterSetDelayScaler
 .text.DSPI_ClearStatusFlags
                0x0000000000007796       0x1c ./drivers/fsl_dspi_edma.o
 .text.DSPI_EnableDMA
                0x00000000000077b2       0x22 ./drivers/fsl_dspi_edma.o
 .text.DSPI_DisableDMA
                0x00000000000077d4       0x24 ./drivers/fsl_dspi_edma.o
 .text.DSPI_MasterGetTxRegisterAddress
                0x00000000000077f8       0x18 ./drivers/fsl_dspi_edma.o
 .text.DSPI_GetRxRegisterAddress
                0x0000000000007810       0x18 ./drivers/fsl_dspi_edma.o
 .text.DSPI_StartTransfer
                0x0000000000007828       0x20 ./drivers/fsl_dspi_edma.o
 .text.DSPI_StopTransfer
                0x0000000000007848       0x20 ./drivers/fsl_dspi_edma.o
 .text.DSPI_FlushFifo
                0x0000000000007868       0x3c ./drivers/fsl_dspi_edma.o
 .text.DSPI_MasterGetFormattedCommand
                0x00000000000078a4       0x4a ./drivers/fsl_dspi_edma.o
 .text.CLOCK_EnableClock
                0x00000000000078ee       0x34 ./drivers/fsl_edma.o
 .text.EnableIRQ
                0x0000000000007922       0x2c ./drivers/fsl_edma.o
 .text.DisableGlobalIRQ
                0x000000000000794e       0x20 ./drivers/fsl_edma.o
 .text.EnableGlobalIRQ
                0x000000000000796e       0x1e ./drivers/fsl_edma.o
 .text.FTM_ClearStatusFlags
                0x000000000000798c       0x68 ./drivers/fsl_ftm.o
                0x000000000000798c                FTM_ClearStatusFlags
 .text.GPIO_PinWrite
                0x00000000000079f4       0x36 ./drivers/fsl_gpio.o
 .text.I2C_MasterClearStatusFlags
                0x0000000000007a2a       0x5a ./drivers/fsl_i2c.o
 .text.I2C_CheckAndClearError
                0x0000000000007a84       0x44 ./drivers/fsl_i2c.o
 .text.I2C_MasterStart
                0x0000000000007ac8       0x62 ./drivers/fsl_i2c.o
                0x0000000000007ac8                I2C_MasterStart
 .text.I2C_MasterRepeatedStart
                0x0000000000007b2a       0x9a ./drivers/fsl_i2c.o
                0x0000000000007b2a                I2C_MasterRepeatedStart
 .text.I2C_MasterStop
                0x0000000000007bc4       0x3a ./drivers/fsl_i2c.o
                0x0000000000007bc4                I2C_MasterStop
 .text.I2C_MasterGetStatusFlags
                0x0000000000007bfe       0x4a ./drivers/fsl_i2c.o
                0x0000000000007bfe                I2C_MasterGetStatusFlags
 .text.I2C_MasterWriteBlocking
                0x0000000000007c48       0xdc ./drivers/fsl_i2c.o
                0x0000000000007c48                I2C_MasterWriteBlocking
 .text.I2C_MasterReadBlocking
                0x0000000000007d24       0xdc ./drivers/fsl_i2c.o
                0x0000000000007d24                I2C_MasterReadBlocking
 .text.CLOCK_EnableClock
                0x0000000000007e00       0x34 ./drivers/fsl_rnga.o
 .text.CLOCK_DisableClock
                0x0000000000007e34       0x38 ./drivers/fsl_rnga.o
 .text.rnga_ReadEntropy
                0x0000000000007e6c       0x36 ./drivers/fsl_rnga.o
 .text.RNGA_GetRandomData
                0x0000000000007ea2       0x88 ./drivers/fsl_rnga.o
                0x0000000000007ea2                RNGA_GetRandomData
 .text.RNGA_GetMode
                0x0000000000007f2a       0x20 ./drivers/fsl_rnga.o
                0x0000000000007f2a                RNGA_GetMode
 .text.CLOCK_EnableClock
                0x0000000000007f4a       0x34 ./drivers/fsl_tpm.o
 .text.TPM_EnableInterrupts
                0x0000000000007f7e       0x70 ./drivers/fsl_tpm.o
                0x0000000000007f7e                TPM_EnableInterrupts
 .text.CLOCK_EnableClock
                0x0000000000007fee       0x34 ./drivers/fsl_uart.o
 .text.UART_GetStatusFlags
                0x0000000000008022       0x46 ./drivers/fsl_uart.o
                0x0000000000008022                UART_GetStatusFlags
 .text.UART0_RX_TX_DriverIRQHandler
                0x0000000000008068       0x10 ./drivers/fsl_uart.o
                0x0000000000008068                UART0_RX_TX_DriverIRQHandler
 .text.UART2_RX_TX_DriverIRQHandler
                0x0000000000008078       0x10 ./drivers/fsl_uart.o
                0x0000000000008078                UART2_RX_TX_DriverIRQHandler
 .text.UART3_RX_TX_DriverIRQHandler
                0x0000000000008088       0x10 ./drivers/fsl_uart.o
                0x0000000000008088                UART3_RX_TX_DriverIRQHandler
 .text.UART4_RX_TX_DriverIRQHandler
                0x0000000000008098       0x10 ./drivers/fsl_uart.o
                0x0000000000008098                UART4_RX_TX_DriverIRQHandler
 .text.SystemInitHook
                0x00000000000080a8        0xe ./device/system_MK66F18.o
                0x00000000000080a8                SystemInitHook
 .text.HAL_UartGetStatus
                0x00000000000080b6       0x22 ./component/uart/uart_adapter.o
 .text.BOARD_InitDebugConsole
                0x00000000000080d8       0x22 ./board/board.o
                0x00000000000080d8                BOARD_InitDebugConsole
 .text.__main   0x00000000000080fa        0xe /usr/local/mcuxpressoide-11.0.0_2516/ide/plugins/com.nxp.mcuxpresso.tools.linux_11.0.0.201905131304/tools/bin/../lib/gcc/arm-none-eabi/8.2.1/../../../../arm-none-eabi/lib/thumb/v7e-m+fp/hard/libcr_semihost_nf.a(_cr__main.o)
                0x00000000000080fa                __main
                0x00000000000080fa                __CR_SEMIHOST
 .text.memset   0x0000000000008108        0x4 /usr/local/mcuxpressoide-11.0.0_2516/ide/plugins/com.nxp.mcuxpresso.tools.linux_11.0.0.201905131304/tools/bin/../lib/gcc/arm-none-eabi/8.2.1/../../../../arm-none-eabi/lib/thumb/v7e-m+fp/hard/libcr_c.a(memset.o)
                0x0000000000008108                memset
 .text._deferredlazyseek
                0x000000000000810c       0x40 /usr/local/mcuxpressoide-11.0.0_2516/ide/plugins/com.nxp.mcuxpresso.tools.linux_11.0.0.201905131304/tools/bin/../lib/gcc/arm-none-eabi/8.2.1/../../../../arm-none-eabi/lib/thumb/v7e-m+fp/hard/libcr_c.a(_deferredlazyseek.o)
                0x000000000000810c                _deferredlazyseek
 .text.__flsbuf
                0x000000000000814c      0x140 /usr/local/mcuxpressoide-11.0.0_2516/ide/plugins/com.nxp.mcuxpresso.tools.linux_11.0.0.201905131304/tools/bin/../lib/gcc/arm-none-eabi/8.2.1/../../../../arm-none-eabi/lib/thumb/v7e-m+fp/hard/libcr_c.a(_deferredlazyseek.o)
                0x000000000000814c                __flsbuf
 .text._fflush  0x000000000000828c       0x52 /usr/local/mcuxpressoide-11.0.0_2516/ide/plugins/com.nxp.mcuxpresso.tools.linux_11.0.0.201905131304/tools/bin/../lib/gcc/arm-none-eabi/8.2.1/../../../../arm-none-eabi/lib/thumb/v7e-m+fp/hard/libcr_c.a(_fflush.o)
                0x000000000000828c                _fflush
 .text.free     0x00000000000082de       0x30 /usr/local/mcuxpressoide-11.0.0_2516/ide/plugins/com.nxp.mcuxpresso.tools.linux_11.0.0.201905131304/tools/bin/../lib/gcc/arm-none-eabi/8.2.1/../../../../arm-none-eabi/lib/thumb/v7e-m+fp/hard/libcr_c.a(alloc.o)
                0x00000000000082de                free
 .text.fputs    0x000000000000830e       0x2c /usr/local/mcuxpressoide-11.0.0_2516/ide/plugins/com.nxp.mcuxpresso.tools.linux_11.0.0.201905131304/tools/bin/../lib/gcc/arm-none-eabi/8.2.1/../../../../arm-none-eabi/lib/thumb/v7e-m+fp/hard/libcr_c.a(fputs.o)
                0x000000000000830e                fputs
 .text.no_fp_display
                0x000000000000833a        0x4 /usr/local/mcuxpressoide-11.0.0_2516/ide/plugins/com.nxp.mcuxpresso.tools.linux_11.0.0.201905131304/tools/bin/../lib/gcc/arm-none-eabi/8.2.1/../../../../arm-none-eabi/lib/thumb/v7e-m+fp/hard/libcr_c.a(printf.o)
 .text.strlen   0x000000000000833e       0x4c /usr/local/mcuxpressoide-11.0.0_2516/ide/plugins/com.nxp.mcuxpresso.tools.linux_11.0.0.201905131304/tools/bin/../lib/gcc/arm-none-eabi/8.2.1/../../../../arm-none-eabi/lib/thumb/v7e-m+fp/hard/libcr_c.a(strlen.o)
                0x000000000000833e                strlen
 .text._fdopen  0x000000000000838a       0x68 /usr/local/mcuxpressoide-11.0.0_2516/ide/plugins/com.nxp.mcuxpresso.tools.linux_11.0.0.201905131304/tools/bin/../lib/gcc/arm-none-eabi/8.2.1/../../../../arm-none-eabi/lib/thumb/v7e-m+fp/hard/libcr_c.a(_fdopen.o)
                0x000000000000838a                _fdopen
 .text.fclose   0x00000000000083f2       0x58 /usr/local/mcuxpressoide-11.0.0_2516/ide/plugins/com.nxp.mcuxpresso.tools.linux_11.0.0.201905131304/tools/bin/../lib/gcc/arm-none-eabi/8.2.1/../../../../arm-none-eabi/lib/thumb/v7e-m+fp/hard/libcr_c.a(fclose.o)
                0x00000000000083f2                fclose
 .text.remove   0x000000000000844a       0x14 /usr/local/mcuxpressoide-11.0.0_2516/ide/plugins/com.nxp.mcuxpresso.tools.linux_11.0.0.201905131304/tools/bin/../lib/gcc/arm-none-eabi/8.2.1/../../../../arm-none-eabi/lib/thumb/v7e-m+fp/hard/libcr_c.a(remove.o)
                0x000000000000844a                remove
 .text._do_fflush
                0x000000000000845e       0x40 /usr/local/mcuxpressoide-11.0.0_2516/ide/plugins/com.nxp.mcuxpresso.tools.linux_11.0.0.201905131304/tools/bin/../lib/gcc/arm-none-eabi/8.2.1/../../../../arm-none-eabi/lib/thumb/v7e-m+fp/hard/libcr_c.a(_do_fflush.o)
                0x000000000000845e                _do_fflush
 .text.__aeabi_division_uldivmod
                0x000000000000849e      0x174 /usr/local/mcuxpressoide-11.0.0_2516/ide/plugins/com.nxp.mcuxpresso.tools.linux_11.0.0.201905131304/tools/bin/../lib/gcc/arm-none-eabi/8.2.1/thumb/v7e-m+fp/hard/libcr_eabihelpers.a(division_64.o)
                0x000000000000849e                __aeabi_uldivmod
                0x00000000000084a2                __bhs_ldivmod1
 .text.__aeabi_division_idiv0
                0x0000000000008612        0x2 /usr/local/mcuxpressoide-11.0.0_2516/ide/plugins/com.nxp.mcuxpresso.tools.linux_11.0.0.201905131304/tools/bin/../lib/gcc/arm-none-eabi/8.2.1/thumb/v7e-m+fp/hard/libcr_eabihelpers.a(division_idiv0.o)
                0x0000000000008612                __aeabi_idiv0
 .text.__aeabi_memset_lowlevel
                0x0000000000008614       0x32 /usr/local/mcuxpressoide-11.0.0_2516/ide/plugins/com.nxp.mcuxpresso.tools.linux_11.0.0.201905131304/tools/bin/../lib/gcc/arm-none-eabi/8.2.1/thumb/v7e-m+fp/hard/libcr_eabihelpers.a(memcpy.o)
                0x0000000000008614                __aeabi_lowlevel_memset
 .text.__sys_close
                0x0000000000008646        0xc /usr/local/mcuxpressoide-11.0.0_2516/ide/plugins/com.nxp.mcuxpresso.tools.linux_11.0.0.201905131304/tools/bin/../lib/gcc/arm-none-eabi/8.2.1/../../../../arm-none-eabi/lib/thumb/v7e-m+fp/hard/libcr_semihost_nf.a(__sys_close.o)
                0x0000000000008646                __sys_close
 .text.__sys_flen
                0x0000000000008652        0xc /usr/local/mcuxpressoide-11.0.0_2516/ide/plugins/com.nxp.mcuxpresso.tools.linux_11.0.0.201905131304/tools/bin/../lib/gcc/arm-none-eabi/8.2.1/../../../../arm-none-eabi/lib/thumb/v7e-m+fp/hard/libcr_semihost_nf.a(__sys_flen.o)
                0x0000000000008652                __sys_flen
 .text.__sys_istty
                0x000000000000865e        0xc /usr/local/mcuxpressoide-11.0.0_2516/ide/plugins/com.nxp.mcuxpresso.tools.linux_11.0.0.201905131304/tools/bin/../lib/gcc/arm-none-eabi/8.2.1/../../../../arm-none-eabi/lib/thumb/v7e-m+fp/hard/libcr_semihost_nf.a(__sys_istty.o)
                0x000000000000865e                __sys_istty
 .text.__sys_remove
                0x000000000000866a        0xc /usr/local/mcuxpressoide-11.0.0_2516/ide/plugins/com.nxp.mcuxpresso.tools.linux_11.0.0.201905131304/tools/bin/../lib/gcc/arm-none-eabi/8.2.1/../../../../arm-none-eabi/lib/thumb/v7e-m+fp/hard/libcr_semihost_nf.a(__sys_remove.o)
                0x000000000000866a                __sys_remove
 .text.__sys_seek
                0x0000000000008676        0xc /usr/local/mcuxpressoide-11.0.0_2516/ide/plugins/com.nxp.mcuxpresso.tools.linux_11.0.0.201905131304/tools/bin/../lib/gcc/arm-none-eabi/8.2.1/../../../../arm-none-eabi/lib/thumb/v7e-m+fp/hard/libcr_semihost_nf.a(__sys_seek.o)
                0x0000000000008676                __sys_seek
 .text.__sys_tmpnam
                0x0000000000008682        0xc /usr/local/mcuxpressoide-11.0.0_2516/ide/plugins/com.nxp.mcuxpresso.tools.linux_11.0.0.201905131304/tools/bin/../lib/gcc/arm-none-eabi/8.2.1/../../../../arm-none-eabi/lib/thumb/v7e-m+fp/hard/libcr_semihost_nf.a(__sys_tmpnam.o)
                0x0000000000008682                __sys_tmpnam
 .text.__sys_write
                0x000000000000868e        0xc /usr/local/mcuxpressoide-11.0.0_2516/ide/plugins/com.nxp.mcuxpresso.tools.linux_11.0.0.201905131304/tools/bin/../lib/gcc/arm-none-eabi/8.2.1/../../../../arm-none-eabi/lib/thumb/v7e-m+fp/hard/libcr_semihost_nf.a(__sys_write.o)
                0x000000000000868e                __sys_write
 *(SORT_BY_ALIGNMENT(.rodata) SORT_BY_ALIGNMENT(.rodata.*) SORT_BY_ALIGNMENT(.constdata) SORT_BY_ALIGNMENT(.constdata.*))
 *fill*         0x000000000000869a        0x2 ff
 .rodata        0x000000000000869c      0x1b7 ./utilities/fsl_debug_console.o
 *fill*         0x0000000000008853        0x1 ff
 .rodata        0x0000000000008854       0x1a ./source/controller.o
 *fill*         0x000000000000886e        0x2 ff
 .rodata        0x0000000000008870       0xce ./source/leds.o
 *fill*         0x000000000000893e        0x2 ff
 .rodata        0x0000000000008940       0x80 ./source/msgeq07.o
 .rodata        0x00000000000089c0        0xf ./source/random.o
 *fill*         0x00000000000089cf        0x1 ff
 .rodata        0x00000000000089d0       0x81 ./source/rtc.o
 *fill*         0x0000000000008a51        0x3 ff
 .rodata.s_adc16Bases
                0x0000000000008a54        0x8 ./drivers/fsl_adc16.o
 .rodata.s_adc16Clocks
                0x0000000000008a5c        0x8 ./drivers/fsl_adc16.o
 .rodata        0x0000000000008a64      0x13a ./drivers/fsl_adc16.o
 *fill*         0x0000000000008b9e        0x2 ff
 .rodata        0x0000000000008ba0      0x2a1 ./drivers/fsl_clock.o
 *fill*         0x0000000000008e41        0x3 ff
 .rodata.fllFactorTable.8252
                0x0000000000008e44       0x10 ./drivers/fsl_clock.o
 .rodata        0x0000000000008e54       0x42 ./drivers/fsl_dmamux.o
 *fill*         0x0000000000008e96        0x2 ff
 .rodata.s_baudratePrescaler
                0x0000000000008e98       0x10 ./drivers/fsl_dspi.o
 .rodata.s_baudrateScaler
                0x0000000000008ea8       0x40 ./drivers/fsl_dspi.o
 .rodata.s_delayPrescaler
                0x0000000000008ee8       0x10 ./drivers/fsl_dspi.o
 .rodata.s_delayScaler
                0x0000000000008ef8       0x40 ./drivers/fsl_dspi.o
 .rodata.s_dspiBases
                0x0000000000008f38        0xc ./drivers/fsl_dspi.o
 .rodata.s_dspiClock
                0x0000000000008f44        0xc ./drivers/fsl_dspi.o
 .rodata        0x0000000000008f50      0x509 ./drivers/fsl_dspi.o
 *fill*         0x0000000000009459        0x3 ff
 .rodata        0x000000000000945c      0x4c1 ./drivers/fsl_dspi_edma.o
 *fill*         0x000000000000991d        0x3 ff
 .rodata.s_edmaIRQNumber
                0x0000000000009920       0x20 ./drivers/fsl_edma.o
 .rodata        0x0000000000009940      0xbf0 ./drivers/fsl_edma.o
 .rodata        0x000000000000a530       0x63 ./drivers/fsl_gpio.o
 *fill*         0x000000000000a593        0x1 ff
 .rodata        0x000000000000a594      0x2fa ./drivers/fsl_i2c.o
 *fill*         0x000000000000a88e        0x2 ff
 .rodata.s_tpmBases
                0x000000000000a890        0xc ./drivers/fsl_tpm.o
 .rodata.s_tpmClocks
                0x000000000000a89c        0xc ./drivers/fsl_tpm.o
 .rodata        0x000000000000a8a8      0x357 ./drivers/fsl_tpm.o
 *fill*         0x000000000000abff        0x1 ff
 .rodata.s_uartBases
                0x000000000000ac00       0x14 ./drivers/fsl_uart.o
 .rodata.s_uartClock
                0x000000000000ac14       0x14 ./drivers/fsl_uart.o
 .rodata        0x000000000000ac28      0x514 ./drivers/fsl_uart.o
 .rodata.s_UartAdapterBase
                0x000000000000b13c       0x14 ./component/uart/uart_adapter.o
 .rodata        0x000000000000b150      0x25e ./component/uart/uart_adapter.o
 *fill*         0x000000000000b3ae        0x2 ff
 .rodata        0x000000000000b3b0      0x521 ./component/serial_manager/serial_manager.o
 *fill*         0x000000000000b8d1        0x3 ff
 .rodata        0x000000000000b8d4      0x244 ./component/serial_manager/serial_port_uart.o
 .rodata.mcgConfig_BOARD_BootClockRUN
                0x000000000000bb18        0xc ./board/clock_config.o
                0x000000000000bb18                mcgConfig_BOARD_BootClockRUN
 .rodata.simConfig_BOARD_BootClockRUN
                0x000000000000bb24        0x8 ./board/clock_config.o
                0x000000000000bb24                simConfig_BOARD_BootClockRUN
 .rodata.oscConfig_BOARD_BootClockRUN
                0x000000000000bb2c        0x8 ./board/clock_config.o
                0x000000000000bb2c                oscConfig_BOARD_BootClockRUN
 .rodata.__num_Ciob_streams
                0x000000000000bb34        0x4 /usr/local/mcuxpressoide-11.0.0_2516/ide/plugins/com.nxp.mcuxpresso.tools.linux_11.0.0.201905131304/tools/bin/../lib/gcc/arm-none-eabi/8.2.1/../../../../arm-none-eabi/lib/thumb/v7e-m+fp/hard/libcr_semihost_nf.a(__ciob.o)
                0x000000000000bb34                __num_Ciob_streams
 .rodata.__assertion_failed.str1.1
                0x000000000000bb38       0x15 /usr/local/mcuxpressoide-11.0.0_2516/ide/plugins/com.nxp.mcuxpresso.tools.linux_11.0.0.201905131304/tools/bin/../lib/gcc/arm-none-eabi/8.2.1/../../../../arm-none-eabi/lib/thumb/v7e-m+fp/hard/libcr_semihost_nf.a(_cr_assert.o)
 .rodata._Csys_alloc.str1.1
                0x000000000000bb4d       0x18 /usr/local/mcuxpressoide-11.0.0_2516/ide/plugins/com.nxp.mcuxpresso.tools.linux_11.0.0.201905131304/tools/bin/../lib/gcc/arm-none-eabi/8.2.1/../../../../arm-none-eabi/lib/thumb/v7e-m+fp/hard/libcr_c.a(alloc.o)
 .rodata._initio.str1.1
                0x000000000000bb65        0x4 /usr/local/mcuxpressoide-11.0.0_2516/ide/plugins/com.nxp.mcuxpresso.tools.linux_11.0.0.201905131304/tools/bin/../lib/gcc/arm-none-eabi/8.2.1/../../../../arm-none-eabi/lib/thumb/v7e-m+fp/hard/libcr_c.a(initio.o)
 .rodata.__vfprintf.str1.1
                0x000000000000bb69       0x35 /usr/local/mcuxpressoide-11.0.0_2516/ide/plugins/com.nxp.mcuxpresso.tools.linux_11.0.0.201905131304/tools/bin/../lib/gcc/arm-none-eabi/8.2.1/../../../../arm-none-eabi/lib/thumb/v7e-m+fp/hard/libcr_c.a(printf.o)
                                         0x38 (size before relaxing)
                0x000000000000bba0                . = ALIGN (0x8)
 *fill*         0x000000000000bb9e        0x2 ff

.glue_7         0x000000000000bba0        0x0
 .glue_7        0x000000000000bba0        0x0 linker stubs

.glue_7t        0x000000000000bba0        0x0
 .glue_7t       0x000000000000bba0        0x0 linker stubs

.vfp11_veneer   0x000000000000bba0        0x0
 .vfp11_veneer  0x000000000000bba0        0x0 linker stubs

.v4_bx          0x000000000000bba0        0x0
 .v4_bx         0x000000000000bba0        0x0 linker stubs

.iplt           0x000000000000bba0        0x0
 .iplt          0x000000000000bba0        0x0 ./utilities/fsl_debug_console.o

.rel.dyn        0x000000000000bba0        0x0
 .rel.iplt      0x000000000000bba0        0x0 ./utilities/fsl_debug_console.o

.ARM.extab
 *(SORT_BY_ALIGNMENT(.ARM.extab*) SORT_BY_ALIGNMENT(.gnu.linkonce.armextab.*))
                0x000000000000bba0                __exidx_start = .

.ARM.exidx
 *(SORT_BY_ALIGNMENT(.ARM.exidx*) SORT_BY_ALIGNMENT(.gnu.linkonce.armexidx.*))
                0x000000000000bba0                __exidx_end = .
                0x000000000000bba0                _etext = .

.m_usb_data
 *(SORT_BY_ALIGNMENT(m_usb_bdt))

.data_RAM2      0x000000001fff0000        0x0 load address 0x000000000000bba0
 FILL mask 0xff
                [!provide]                        PROVIDE (__start_data_RAM2 = .)
 *(SORT_BY_ALIGNMENT(.ramfunc.$RAM2))
 *(SORT_BY_ALIGNMENT(.ramfunc.$SRAM_LOWER))
 *(SORT_BY_ALIGNMENT(.data.$RAM2))
 *(SORT_BY_ALIGNMENT(.data.$SRAM_LOWER))
 *(SORT_BY_ALIGNMENT(.data.$RAM2.*))
 *(SORT_BY_ALIGNMENT(.data.$SRAM_LOWER.*))
                0x000000001fff0000                . = ALIGN (0x8)
                [!provide]                        PROVIDE (__end_data_RAM2 = .)

.data_RAM3      0x0000000014000000        0x0 load address 0x000000000000bba0
 FILL mask 0xff
                [!provide]                        PROVIDE (__start_data_RAM3 = .)
 *(SORT_BY_ALIGNMENT(.ramfunc.$RAM3))
 *(SORT_BY_ALIGNMENT(.ramfunc.$FLEX_RAM))
 *(SORT_BY_ALIGNMENT(.data.$RAM3))
 *(SORT_BY_ALIGNMENT(.data.$FLEX_RAM))
 *(SORT_BY_ALIGNMENT(.data.$RAM3.*))
 *(SORT_BY_ALIGNMENT(.data.$FLEX_RAM.*))
                0x0000000014000000                . = ALIGN (0x8)
                [!provide]                        PROVIDE (__end_data_RAM3 = .)

.uninit_RESERVED
                0x0000000020000000        0x0
                0x0000000020000000                . = ALIGN (0x8)
 *(SORT_BY_ALIGNMENT(.bss.$RESERVED*))
                0x0000000020000000                . = ALIGN (0x8)
                0x0000000020000000                _end_uninit_RESERVED = .

.data           0x0000000020000000       0x60 load address 0x000000000000bba0
 FILL mask 0xff
                0x0000000020000000                _data = .
 *(SORT_BY_ALIGNMENT(vtable))
 *(SORT_BY_ALIGNMENT(.ramfunc*))
 *(SORT_BY_ALIGNMENT(.data*))
 .data.events   0x0000000020000000       0x28 ./source/controller.o
                0x0000000020000000                events
 .data.patterns
                0x0000000020000028       0x10 ./source/pattern.o
                0x0000000020000028                patterns
 .data.randomPatterns
                0x0000000020000038       0x14 ./source/pattern.o
                0x0000000020000038                randomPatterns
 .data.sparkle_currentHsv
                0x000000002000004c        0x3 ./source/pattern.o
                0x000000002000004c                sparkle_currentHsv
 *fill*         0x000000002000004f        0x1 ff
 .data.s_slowIrcFreq
                0x0000000020000050        0x4 ./drivers/fsl_clock.o
 .data.s_fastIrcFreq
                0x0000000020000054        0x4 ./drivers/fsl_clock.o
 .data.SystemCoreClock
                0x0000000020000058        0x4 ./device/system_MK66F18.o
                0x0000000020000058                SystemCoreClock
                0x0000000020000060                . = ALIGN (0x8)
 *fill*         0x000000002000005c        0x4 ff
                0x0000000020000060                _edata = .

.igot.plt       0x0000000020000060        0x0 load address 0x000000000000bc00
 .igot.plt      0x0000000020000060        0x0 ./utilities/fsl_debug_console.o

.bss_RAM2       0x000000001fff0000        0x0
                0x000000001fff0000                . = ALIGN (0x8)
                [!provide]                        PROVIDE (__start_bss_RAM2 = .)
 *(SORT_BY_ALIGNMENT(.bss.$RAM2))
 *(SORT_BY_ALIGNMENT(.bss.$SRAM_LOWER))
 *(SORT_BY_ALIGNMENT(.bss.$RAM2.*))
 *(SORT_BY_ALIGNMENT(.bss.$SRAM_LOWER.*))
                0x000000001fff0000                . = ALIGN ((. != 0x0)?0x8:0x1)
                [!provide]                        PROVIDE (__end_bss_RAM2 = .)

.bss_RAM3       0x0000000014000000        0x0
                0x0000000014000000                . = ALIGN (0x8)
                [!provide]                        PROVIDE (__start_bss_RAM3 = .)
 *(SORT_BY_ALIGNMENT(.bss.$RAM3))
 *(SORT_BY_ALIGNMENT(.bss.$FLEX_RAM))
 *(SORT_BY_ALIGNMENT(.bss.$RAM3.*))
 *(SORT_BY_ALIGNMENT(.bss.$FLEX_RAM.*))
                0x0000000014000000                . = ALIGN ((. != 0x0)?0x8:0x1)
                [!provide]                        PROVIDE (__end_bss_RAM3 = .)

.bss            0x0000000020000060      0x7c0
                0x0000000020000060                . = ALIGN (0x8)
                0x0000000020000060                _bss = .
 *(SORT_BY_ALIGNMENT(.bss*))
 .bss.s_debugConsoleState
                0x0000000020000060       0x1c ./utilities/fsl_debug_console.o
 .bss.g_serialHandle
                0x000000002000007c        0x4 ./utilities/fsl_debug_console.o
                0x000000002000007c                g_serialHandle
 .bss.commandIndex
                0x0000000020000080        0x4 ./source/controller.o
                0x0000000020000080                commandIndex
 .bss.direction
                0x0000000020000084        0x1 ./source/cursor.o
                0x0000000020000084                direction
 *fill*         0x0000000020000085        0x3 
 .bss.stepsLeft
                0x0000000020000088        0x4 ./source/cursor.o
                0x0000000020000088                stepsLeft
 .bss.r         0x000000002000008c        0x4 ./source/cursor.o
                0x000000002000008c                r
 .bss.linecolors
                0x0000000020000090        0x3 ./source/cursor.o
                0x0000000020000090                linecolors
 *fill*         0x0000000020000093        0x1 
 .bss.dspiEdmaMasterRxRegToRxDataHandle
                0x0000000020000094       0x18 ./source/leds.o
                0x0000000020000094                dspiEdmaMasterRxRegToRxDataHandle
 .bss.dspiEdmaMasterTxDataToIntermediaryHandle
                0x00000000200000ac       0x18 ./source/leds.o
                0x00000000200000ac                dspiEdmaMasterTxDataToIntermediaryHandle
 .bss.dspiEdmaMasterIntermediaryToTxRegHandle
                0x00000000200000c4       0x18 ./source/leds.o
                0x00000000200000c4                dspiEdmaMasterIntermediaryToTxRegHandle
 .bss.dspi1EdmaMasterRxRegToRxDataHandle
                0x00000000200000dc       0x18 ./source/leds.o
                0x00000000200000dc                dspi1EdmaMasterRxRegToRxDataHandle
 .bss.dspi1EdmaMasterTxDataToIntermediaryHandle
                0x00000000200000f4       0x18 ./source/leds.o
                0x00000000200000f4                dspi1EdmaMasterTxDataToIntermediaryHandle
 .bss.dspi1EdmaMasterIntermediaryToTxRegHandle
                0x000000002000010c       0x18 ./source/leds.o
                0x000000002000010c                dspi1EdmaMasterIntermediaryToTxRegHandle
 .bss.dspi2EdmaMasterRxRegToRxDataHandle
                0x0000000020000124       0x18 ./source/leds.o
                0x0000000020000124                dspi2EdmaMasterRxRegToRxDataHandle
 .bss.dspi2EdmaMasterTxDataToIntermediaryHandle
                0x000000002000013c       0x18 ./source/leds.o
                0x000000002000013c                dspi2EdmaMasterTxDataToIntermediaryHandle
 .bss.dspi2EdmaMasterIntermediaryToTxRegHandle
                0x0000000020000154       0x18 ./source/leds.o
                0x0000000020000154                dspi2EdmaMasterIntermediaryToTxRegHandle
 .bss.g_dspi0_edma_m_handle
                0x000000002000016c       0x80 ./source/leds.o
                0x000000002000016c                g_dspi0_edma_m_handle
 .bss.g_dspi1_edma_m_handle
                0x00000000200001ec       0x80 ./source/leds.o
                0x00000000200001ec                g_dspi1_edma_m_handle
 .bss.g_dspi2_edma_m_handle
                0x000000002000026c       0x80 ./source/leds.o
                0x000000002000026c                g_dspi2_edma_m_handle
 .bss.spi0Xfer  0x00000000200002ec       0x10 ./source/leds.o
                0x00000000200002ec                spi0Xfer
 .bss.spi1Xfer  0x00000000200002fc       0x10 ./source/leds.o
                0x00000000200002fc                spi1Xfer
 .bss.spi2Xfer  0x000000002000030c       0x10 ./source/leds.o
                0x000000002000030c                spi2Xfer
 .bss.leds0     0x000000002000031c       0xe0 ./source/leds.o
                0x000000002000031c                leds0
 .bss.leds1     0x00000000200003fc       0xe0 ./source/leds.o
                0x00000000200003fc                leds1
 .bss.leds2     0x00000000200004dc       0xe0 ./source/leds.o
                0x00000000200004dc                leds2
 .bss.currentPower
                0x00000000200005bc        0x4 ./source/leds.o
                0x00000000200005bc                currentPower
 .bss.tops      0x00000000200005c0        0x1 ./source/linetetris.o
                0x00000000200005c0                tops
 *fill*         0x00000000200005c1        0x3 
 .bss.positions
                0x00000000200005c4        0x1 ./source/linetetris.o
                0x00000000200005c4                positions
 *fill*         0x00000000200005c5        0x3 
 .bss.size      0x00000000200005c8        0x1 ./source/linetetris.o
                0x00000000200005c8                size
 *fill*         0x00000000200005c9        0x3 
 .bss.colors    0x00000000200005cc        0x3 ./source/linetetris.o
                0x00000000200005cc                colors
 *fill*         0x00000000200005cf        0x1 
 .bss.flashing  0x00000000200005d0        0x1 ./source/linetetris.o
                0x00000000200005d0                flashing
 *fill*         0x00000000200005d1        0x3 
 .bss.off       0x00000000200005d4        0x3 ./source/linetetris.o
                0x00000000200005d4                off
 *fill*         0x00000000200005d7        0x1 
 .bss.lastCount