Archive member included to satisfy reference by file (symbol)

/usr/local/mcuxpressoide-11.0.0_2516/ide/plugins/com.nxp.mcuxpresso.tools.linux_11.0.0.201905131304/tools/bin/../lib/gcc/arm-none-eabi/8.2.1/../../../../arm-none-eabi/lib/thumb/v7e-m+fp/hard/libcr_semihost_nf.a(_cr__main.o)
                              ./startup/startup_mk66f18.o (__main)
/usr/local/mcuxpressoide-11.0.0_2516/ide/plugins/com.nxp.mcuxpresso.tools.linux_11.0.0.201905131304/tools/bin/../lib/gcc/arm-none-eabi/8.2.1/../../../../arm-none-eabi/lib/thumb/v7e-m+fp/hard/libcr_semihost_nf.a(_cr_assert.o)
                              ./utilities/fsl_debug_console.o (__assertion_failed)
/usr/local/mcuxpressoide-11.0.0_2516/ide/plugins/com.nxp.mcuxpresso.tools.linux_11.0.0.201905131304/tools/bin/../lib/gcc/arm-none-eabi/8.2.1/../../../../arm-none-eabi/lib/thumb/v7e-m+fp/hard/libcr_semihost_nf.a(__ciob.o)
                              /usr/local/mcuxpressoide-11.0.0_2516/ide/plugins/com.nxp.mcuxpresso.tools.linux_11.0.0.201905131304/tools/bin/../lib/gcc/arm-none-eabi/8.2.1/../../../../arm-none-eabi/lib/thumb/v7e-m+fp/hard/libcr_semihost_nf.a(_cr_assert.o) (__Ciob)
/usr/local/mcuxpressoide-11.0.0_2516/ide/plugins/com.nxp.mcuxpresso.tools.linux_11.0.0.201905131304/tools/bin/../lib/gcc/arm-none-eabi/8.2.1/../../../../arm-none-eabi/lib/thumb/v7e-m+fp/hard/libcr_semihost_nf.a(__sys_appexit.o)
                              /usr/local/mcuxpressoide-11.0.0_2516/ide/plugins/com.nxp.mcuxpresso.tools.linux_11.0.0.201905131304/tools/bin/../lib/gcc/arm-none-eabi/8.2.1/../../../../arm-none-eabi/lib/thumb/v7e-m+fp/hard/libcr_semihost_nf.a(_cr_assert.o) (__sys_appexit)
/usr/local/mcuxpressoide-11.0.0_2516/ide/plugins/com.nxp.mcuxpresso.tools.linux_11.0.0.201905131304/tools/bin/../lib/gcc/arm-none-eabi/8.2.1/../../../../arm-none-eabi/lib/thumb/v7e-m+fp/hard/libcr_c.a(memcpy.o)
                              ./drivers/fsl_ftfx_cache.o (memcpy)
/usr/local/mcuxpressoide-11.0.0_2516/ide/plugins/com.nxp.mcuxpresso.tools.linux_11.0.0.201905131304/tools/bin/../lib/gcc/arm-none-eabi/8.2.1/../../../../arm-none-eabi/lib/thumb/v7e-m+fp/hard/libcr_c.a(memset.o)
                              ./utilities/fsl_debug_console.o (memset)
/usr/local/mcuxpressoide-11.0.0_2516/ide/plugins/com.nxp.mcuxpresso.tools.linux_11.0.0.201905131304/tools/bin/../lib/gcc/arm-none-eabi/8.2.1/../../../../arm-none-eabi/lib/thumb/v7e-m+fp/hard/libcr_c.a(_deferredlazyseek.o)
                              /usr/local/mcuxpressoide-11.0.0_2516/ide/plugins/com.nxp.mcuxpresso.tools.linux_11.0.0.201905131304/tools/bin/../lib/gcc/arm-none-eabi/8.2.1/../../../../arm-none-eabi/lib/thumb/v7e-m+fp/hard/libcr_semihost_nf.a(_cr_assert.o) (__flsbuf)
/usr/local/mcuxpressoide-11.0.0_2516/ide/plugins/com.nxp.mcuxpresso.tools.linux_11.0.0.201905131304/tools/bin/../lib/gcc/arm-none-eabi/8.2.1/../../../../arm-none-eabi/lib/thumb/v7e-m+fp/hard/libcr_c.a(_fflush.o)
                              /usr/local/mcuxpressoide-11.0.0_2516/ide/plugins/com.nxp.mcuxpresso.tools.linux_11.0.0.201905131304/tools/bin/../lib/gcc/arm-none-eabi/8.2.1/../../../../arm-none-eabi/lib/thumb/v7e-m+fp/hard/libcr_c.a(_deferredlazyseek.o) (_fflush)
/usr/local/mcuxpressoide-11.0.0_2516/ide/plugins/com.nxp.mcuxpresso.tools.linux_11.0.0.201905131304/tools/bin/../lib/gcc/arm-none-eabi/8.2.1/../../../../arm-none-eabi/lib/thumb/v7e-m+fp/hard/libcr_c.a(_writebuf.o)
                              /usr/local/mcuxpressoide-11.0.0_2516/ide/plugins/com.nxp.mcuxpresso.tools.linux_11.0.0.201905131304/tools/bin/../lib/gcc/arm-none-eabi/8.2.1/../../../../arm-none-eabi/lib/thumb/v7e-m+fp/hard/libcr_c.a(_deferredlazyseek.o) (_Cwritebuf)
/usr/local/mcuxpressoide-11.0.0_2516/ide/plugins/com.nxp.mcuxpresso.tools.linux_11.0.0.201905131304/tools/bin/../lib/gcc/arm-none-eabi/8.2.1/../../../../arm-none-eabi/lib/thumb/v7e-m+fp/hard/libcr_c.a(alloc.o)
                              ./drivers/fsl_common.o (malloc)
/usr/local/mcuxpressoide-11.0.0_2516/ide/plugins/com.nxp.mcuxpresso.tools.linux_11.0.0.201905131304/tools/bin/../lib/gcc/arm-none-eabi/8.2.1/../../../../arm-none-eabi/lib/thumb/v7e-m+fp/hard/libcr_c.a(fputs.o)
                              /usr/local/mcuxpressoide-11.0.0_2516/ide/plugins/com.nxp.mcuxpresso.tools.linux_11.0.0.201905131304/tools/bin/../lib/gcc/arm-none-eabi/8.2.1/../../../../arm-none-eabi/lib/thumb/v7e-m+fp/hard/libcr_semihost_nf.a(_cr_assert.o) (fputs)
/usr/local/mcuxpressoide-11.0.0_2516/ide/plugins/com.nxp.mcuxpresso.tools.linux_11.0.0.201905131304/tools/bin/../lib/gcc/arm-none-eabi/8.2.1/../../../../arm-none-eabi/lib/thumb/v7e-m+fp/hard/libcr_c.a(fseek.o)
                              /usr/local/mcuxpressoide-11.0.0_2516/ide/plugins/com.nxp.mcuxpresso.tools.linux_11.0.0.201905131304/tools/bin/../lib/gcc/arm-none-eabi/8.2.1/../../../../arm-none-eabi/lib/thumb/v7e-m+fp/hard/libcr_c.a(_deferredlazyseek.o) (fseek)
[...]
Memory Configuration

Name             Origin             Length             Attributes
PROGRAM_FLASH    0x0000000000000000 0x0000000000200000 xr
SRAM_UPPER       0x0000000020000000 0x0000000000030000 xrw
SRAM_LOWER       0x000000001fff0000 0x0000000000010000 xrw
FLEX_RAM         0x0000000014000000 0x0000000000001000 xrw
*default*        0x0000000000000000 0xffffffffffffffff

Linker script and memory map

LOAD ./utilities/fsl_debug_console.o
LOAD ./utilities/fsl_str.o
LOAD ./startup/startup_mk66f18.o
LOAD ./source/colors.o
LOAD ./source/controller.o
LOAD ./source/cursor.o
LOAD ./source/leds.o
LOAD ./source/linetetris.o
LOAD ./source/main.o
LOAD ./source/msgeq07.o
LOAD ./source/pattern.o
LOAD ./source/power.o
LOAD ./source/random.o
LOAD ./source/rtc.o
LOAD ./source/scheduler.o
LOAD ./source/semihost_hardfault.o
LOAD ./source/utils.o
LOAD ./drivers/fsl_adc16.o
LOAD ./drivers/fsl_clock.o
LOAD ./drivers/fsl_common.o
LOAD ./drivers/fsl_dmamux.o
LOAD ./drivers/fsl_dspi.o
LOAD ./drivers/fsl_dspi_edma.o
LOAD ./drivers/fsl_edma.o
LOAD ./drivers/fsl_ftfx_cache.o
LOAD ./drivers/fsl_ftfx_controller.o
LOAD ./drivers/fsl_ftfx_flash.o
LOAD ./drivers/fsl_ftfx_flexnvm.o
LOAD ./drivers/fsl_ftm.o
LOAD ./drivers/fsl_gpio.o
LOAD ./drivers/fsl_i2c.o
LOAD ./drivers/fsl_lpuart.o
LOAD ./drivers/fsl_rnga.o
LOAD ./drivers/fsl_rtc.o
LOAD ./drivers/fsl_smc.o
LOAD ./drivers/fsl_tpm.o
LOAD ./drivers/fsl_uart.o
LOAD ./device/system_MK66F18.o
LOAD ./component/uart/uart_adapter.o
LOAD ./component/serial_manager/serial_manager.o
LOAD ./component/serial_manager/serial_port_uart.o
LOAD ./board/board.o
LOAD ./board/clock_config.o
LOAD ./board/peripherals.o
LOAD ./board/pin_mux.o
START GROUP
LOAD /usr/local/mcuxpressoide-11.0.0_2516/ide/plugins/com.nxp.mcuxpresso.tools.linux_11.0.0.201905131304/tools/bin/../lib/gcc/arm-none-eabi/8.2.1/../../../../arm-none-eabi/lib/thumb/v7e-m+fp/hard/libcr_semihost_nf.a
LOAD /usr/local/mcuxpressoide-11.0.0_2516/ide/plugins/com.nxp.mcuxpresso.tools.linux_11.0.0.201905131304/tools/bin/../lib/gcc/arm-none-eabi/8.2.1/../../../../arm-none-eabi/lib/thumb/v7e-m+fp/hard/libcr_c.a
LOAD /usr/local/mcuxpressoide-11.0.0_2516/ide/plugins/com.nxp.mcuxpresso.tools.linux_11.0.0.201905131304/tools/bin/../lib/gcc/arm-none-eabi/8.2.1/thumb/v7e-m+fp/hard/libcr_eabihelpers.a
LOAD /usr/local/mcuxpressoide-11.0.0_2516/ide/plugins/com.nxp.mcuxpresso.tools.linux_11.0.0.201905131304/tools/bin/../lib/gcc/arm-none-eabi/8.2.1/thumb/v7e-m+fp/hard/libgcc.a
END GROUP
                0x0000000000000000                __base_PROGRAM_FLASH = 0x0
                0x0000000000000000                __base_Flash = 0x0
                0x0000000000200000                __top_PROGRAM_FLASH = 0x200000
                0x0000000000200000                __top_Flash = 0x200000
                0x0000000020000000                __base_SRAM_UPPER = 0x20000000
                0x0000000020000000                __base_RAM = 0x20000000
                0x0000000020030000                __top_SRAM_UPPER = 0x20030000
                0x0000000020030000                __top_RAM = 0x20030000
                0x000000001fff0000                __base_SRAM_LOWER = 0x1fff0000
                0x000000001fff0000                __base_RAM2 = 0x1fff0000
                0x0000000020000000                __top_SRAM_LOWER = 0x20000000
                0x0000000020000000                __top_RAM2 = 0x20000000
                0x0000000014000000                __base_FLEX_RAM = 0x14000000
                0x0000000014000000                __base_RAM3 = 0x14000000
                0x0000000014001000                __top_FLEX_RAM = 0x14001000
                0x0000000014001000                __top_RAM3 = 0x14001000

.text           0x0000000000000000     0xbc38
 FILL mask 0xff
                0x0000000000000000                __vectors_start__ = ABSOLUTE (.)
 *(SORT_BY_ALIGNMENT(.isr_vector))
 .isr_vector    0x0000000000000000      0x1d0 ./startup/startup_mk66f18.o
                0x0000000000000000                __Vectors
                0x0000000000000000                g_pfnVectors
                0x00000000000001d0                . = ALIGN (0x4)
                0x00000000000001d0                __section_table_start = .
                0x00000000000001d0                __data_section_table = .
                0x00000000000001d0        0x4 LONG 0xbc38 LOADADDR (.data)
                0x00000000000001d4        0x4 LONG 0x20000000 ADDR (.data)
                0x00000000000001d8        0x4 LONG 0x60 SIZEOF (.data)
                0x00000000000001dc        0x4 LONG 0xbc38 LOADADDR (.data_RAM2)
                0x00000000000001e0        0x4 LONG 0x1fff0000 ADDR (.data_RAM2)
                0x00000000000001e4        0x4 LONG 0x0 SIZEOF (.data_RAM2)
                0x00000000000001e8        0x4 LONG 0xbc38 LOADADDR (.data_RAM3)
                0x00000000000001ec        0x4 LONG 0x14000000 ADDR (.data_RAM3)
                0x00000000000001f0        0x4 LONG 0x0 SIZEOF (.data_RAM3)
                0x00000000000001f4                __data_section_table_end = .
                0x00000000000001f4                __bss_section_table = .
                0x00000000000001f4        0x4 LONG 0x20000060 ADDR (.bss)
                0x00000000000001f8        0x4 LONG 0x2eb0 SIZEOF (.bss)
                0x00000000000001fc        0x4 LONG 0x1fff0000 ADDR (.bss_RAM2)
                0x0000000000000200        0x4 LONG 0x0 SIZEOF (.bss_RAM2)
                0x0000000000000204        0x4 LONG 0x14000000 ADDR (.bss_RAM3)
                0x0000000000000208        0x4 LONG 0x0 SIZEOF (.bss_RAM3)
                0x000000000000020c                __bss_section_table_end = .
                0x000000000000020c                __section_table_end = .
 *(SORT_BY_ALIGNMENT(.after_vectors*))
 .after_vectors.reset
                0x000000000000020c       0x4c ./startup/startup_mk66f18.o
                0x000000000000020c                ResetISR
 .after_vectors.init_data
                0x0000000000000258       0x1e ./startup/startup_mk66f18.o
                0x0000000000000258                data_init
 .after_vectors.init_bss
                0x0000000000000276       0x12 ./startup/startup_mk66f18.o
                0x0000000000000276                bss_init
 .after_vectors
                0x0000000000000288       0x14 ./startup/startup_mk66f18.o
                0x0000000000000288                NMI_Handler
                0x000000000000028c                MemManage_Handler
                0x000000000000028e                BusFault_Handler
                0x0000000000000290                UsageFault_Handler
                0x0000000000000292                SVC_Handler
                0x0000000000000294                DebugMon_Handler
                0x0000000000000296                PendSV_Handler
                0x000000000000029a                PORTB_DriverIRQHandler
                0x000000000000029a                LPTMR0_DriverIRQHandler
                0x000000000000029a                DMA_Error_DriverIRQHandler
                0x000000000000029a                FTM1_DriverIRQHandler
                0x000000000000029a                FTM2_DriverIRQHandler
                0x000000000000029a                PIT2_DriverIRQHandler
                0x000000000000029a                TPM2_DriverIRQHandler
                0x000000000000029a                SDHC_DriverIRQHandler
                0x000000000000029a                I2S0_Tx_DriverIRQHandler
                0x000000000000029a                TSI0_DriverIRQHandler
                0x000000000000029a                RTC_Seconds_DriverIRQHandler
                0x000000000000029a                CMP3_DriverIRQHandler
                0x000000000000029a                LLWU_DriverIRQHandler
                0x000000000000029a                MCM_DriverIRQHandler
                0x000000000000029a                MCG_DriverIRQHandler
                0x000000000000029a                ENET_1588_Timer_DriverIRQHandler
                0x000000000000029a                DAC1_DriverIRQHandler
                0x000000000000029a                CMP1_DriverIRQHandler
                0x000000000000029a                USBHSDCD_DriverIRQHandler
                0x000000000000029a                FTM0_DriverIRQHandler
                0x000000000000029a                IntDefaultHandler
                0x000000000000029a                USB0_DriverIRQHandler
                0x000000000000029a                PORTC_DriverIRQHandler
                0x000000000000029a                DAC0_DriverIRQHandler
                0x000000000000029a                CMP2_DriverIRQHandler
                0x000000000000029a                UART2_ERR_DriverIRQHandler
                0x000000000000029a                LVD_LVW_DriverIRQHandler
                0x000000000000029a                Reserved84_DriverIRQHandler
                0x000000000000029a                PIT0_DriverIRQHandler
                0x000000000000029a                RNG_DriverIRQHandler
                0x000000000000029a                USBDCD_DriverIRQHandler
                0x000000000000029a                UART3_ERR_DriverIRQHandler
                0x000000000000029a                UART0_ERR_DriverIRQHandler
                0x000000000000029a                CMT_DriverIRQHandler
                0x000000000000029a                Reserved71_DriverIRQHandler
                0x000000000000029a                ADC1_DriverIRQHandler
                0x000000000000029a                PORTA_DriverIRQHandler
                0x000000000000029a                PIT3_DriverIRQHandler
                0x000000000000029a                PIT1_DriverIRQHandler
                0x000000000000029a                TPM1_DriverIRQHandler
                0x000000000000029a                WDOG_EWM_DriverIRQHandler
                0x000000000000029a                PDB0_DriverIRQHandler
                0x000000000000029a                RTC_DriverIRQHandler
                0x000000000000029a                I2S0_Rx_DriverIRQHandler
                0x000000000000029a                Read_Collision_DriverIRQHandler
                0x000000000000029a                SWI_DriverIRQHandler
                0x000000000000029a                UART4_ERR_DriverIRQHandler
                0x000000000000029a                ENET_Receive_DriverIRQHandler
                0x000000000000029a                ENET_Error_DriverIRQHandler
                0x000000000000029a                Reserved85_DriverIRQHandler
                0x000000000000029a                ADC0_DriverIRQHandler
                0x000000000000029a                USBHS_DriverIRQHandler
                0x000000000000029a                CMP0_DriverIRQHandler
                0x000000000000029a                CAN0_DriverIRQHandler
                0x000000000000029a                FTM3_DriverIRQHandler
                0x000000000000029a                UART1_ERR_DriverIRQHandler
                0x000000000000029a                ENET_Transmit_DriverIRQHandler
                0x000000000000029a                PORTD_DriverIRQHandler
                0x000000000000029a                Reserved46_DriverIRQHandler
                0x000000000000029a                PORTE_DriverIRQHandler
                0x000000000000029a                FTFE_DriverIRQHandler
                0x000000000000029a                CAN1_DriverIRQHandler
                0x0000000000000400                . = 0x400
 *fill*         0x000000000000029c      0x164 ff
                0x0000000000000400                PROVIDE (__FLASH_CONFIG_START__ = .)
 *(SORT_BY_ALIGNMENT(.FlashConfig))
 .FlashConfig   0x0000000000000400       0x10 ./startup/startup_mk66f18.o
                0x0000000000000400                Flash_Config
                0x0000000000000410                PROVIDE (__FLASH_CONFIG_END__ = .)
                0x0000000000000001                ASSERT (! ((__FLASH_CONFIG_START__ == __FLASH_CONFIG_END__)), Linker Flash Config Support Enabled, but no .FlashConfig section provided within application)
 *(SORT_BY_ALIGNMENT(.text*))
 .text.DbgConsole_Init
                0x0000000000000410       0xf8 ./utilities/fsl_debug_console.o
                0x0000000000000410                DbgConsole_Init
 .text.HsvToRgb
                0x0000000000000508      0x154 ./source/colors.o
                0x0000000000000508                HsvToRgb
 .text.__NVIC_EnableIRQ
                0x000000000000065c       0x3c ./source/controller.o
 .text.UART1_RX_TX_IRQHandler
                0x0000000000000698       0x80 ./source/controller.o
                0x0000000000000698                UART1_RX_TX_IRQHandler
 .text.squareEvent
                0x0000000000000718       0x18 ./source/controller.o
                0x0000000000000718                squareEvent
 .text.triEvent
                0x0000000000000730       0x18 ./source/controller.o
                0x0000000000000730                triEvent
 .text.circleEvent
                0x0000000000000748       0x18 ./source/controller.o
                0x0000000000000748                circleEvent
 .text.xEvent   0x0000000000000760       0x18 ./source/controller.o
                0x0000000000000760                xEvent
 .text.previousMode
                0x0000000000000778       0x30 ./source/controller.o
                0x0000000000000778                previousMode
 .text.nextMode
                0x00000000000007a8       0x30 ./source/controller.o
                0x00000000000007a8                nextMode
 .text.initUartPins
                0x00000000000007d8       0x48 ./source/controller.o
                0x00000000000007d8                initUartPins
 .text.getMode  0x0000000000000820       0x18 ./source/controller.o
                0x0000000000000820                getMode
 .text.initController
                0x0000000000000838       0x50 ./source/controller.o
                0x0000000000000838                initController
 .text.cursor   0x0000000000000888      0x190 ./source/cursor.o
                0x0000000000000888                cursor
 .text.DMAMUX_EnableChannel
                0x0000000000000a18       0x3c ./source/leds.o
 .text.DMAMUX_SetSource
                0x0000000000000a54       0x4c ./source/leds.o
 .text.DSPI0_Callback
                0x0000000000000aa0       0x30 ./source/leds.o
                0x0000000000000aa0                DSPI0_Callback
 .text.DSPI1_Callback
                0x0000000000000ad0       0x30 ./source/leds.o
                0x0000000000000ad0                DSPI1_Callback
 .text.DSPI2_Callback
                0x0000000000000b00       0x30 ./source/leds.o
                0x0000000000000b00                DSPI2_Callback
 .text.initEdma
                0x0000000000000b30      0x204 ./source/leds.o
                0x0000000000000b30                initEdma
 .text.initDspi
                0x0000000000000d34      0x150 ./source/leds.o
                0x0000000000000d34                initDspi
 .text.set_led_strip
                0x0000000000000e84       0xc4 ./source/leds.o
                0x0000000000000e84                set_led_strip
 .text.setLed   0x0000000000000f48      0x104 ./source/leds.o
                0x0000000000000f48                setLed
 .text.initLeds
                0x000000000000104c      0x158 ./source/leds.o
                0x000000000000104c                initLeds
 .text.LineTettris
                0x00000000000011a4      0x2f0 ./source/linetetris.o
                0x00000000000011a4                LineTettris
 .text.__NVIC_EnableIRQ
                0x0000000000001494       0x3c ./source/msgeq07.o
 .text.CLOCK_SetTpmClock
                0x00000000000014d0       0x3c ./source/msgeq07.o
 .text.ADC16_GetChannelConversionValue
                0x000000000000150c       0x2c ./source/msgeq07.o
 .text.ADC1_IRQHandler
                0x0000000000001538       0x94 ./source/msgeq07.o
                0x0000000000001538                ADC1_IRQHandler
 .text.TPM2_IRQHandler
                0x00000000000015cc       0x68 ./source/msgeq07.o
                0x00000000000015cc                TPM2_IRQHandler
 .text.getFrequency
                0x0000000000001634       0x38 ./source/msgeq07.o
                0x0000000000001634                getFrequency
 .text.initMsgeq07Timer
                0x000000000000166c       0x40 ./source/msgeq07.o
                0x000000000000166c                initMsgeq07Timer
 .text.initMsgEq07Pins
                0x00000000000016ac       0x68 ./source/msgeq07.o
                0x00000000000016ac                initMsgEq07Pins
 .text.initMsgeq07Adc
                0x0000000000001714       0x80 ./source/msgeq07.o
                0x0000000000001714                initMsgeq07Adc
 .text.setNextTimerInterrupt
                0x0000000000001794       0x68 ./source/msgeq07.o
                0x0000000000001794                setNextTimerInterrupt
 .text.setStrobePin
                0x00000000000017fc       0x34 ./source/msgeq07.o
                0x00000000000017fc                setStrobePin
 .text.setResetPin
                0x0000000000001830       0x30 ./source/msgeq07.o
                0x0000000000001830                setResetPin
 .text.__NVIC_SetPriority
                0x0000000000001860       0x54 ./source/pattern.o
 .text.SysTick_Config
                0x00000000000018b4       0x44 ./source/pattern.o
 .text.SysTick_Handler
                0x00000000000018f8       0x24 ./source/pattern.o
                0x00000000000018f8                SysTick_Handler
 .text.SysTick_DelayTicks
                0x000000000000191c       0x28 ./source/pattern.o
                0x000000000000191c                SysTick_DelayTicks
 .text.setLedHsv
                0x0000000000001944       0x68 ./source/pattern.o
                0x0000000000001944                setLedHsv
 .text.initPatterns
                0x00000000000019ac       0x24 ./source/pattern.o
                0x00000000000019ac                initPatterns
 .text.runPatterns
                0x00000000000019d0       0x40 ./source/pattern.o
                0x00000000000019d0                runPatterns
 .text.RandomPatterns
                0x0000000000001a10       0x64 ./source/pattern.o
                0x0000000000001a10                RandomPatterns
 .text.rainbowPattern
                0x0000000000001a74       0x98 ./source/pattern.o
                0x0000000000001a74                rainbowPattern
 .text.theaterChase2
                0x0000000000001b0c       0x7c ./source/pattern.o
                0x0000000000001b0c                theaterChase2
 .text.fade_all_and_set
                0x0000000000001b88       0x84 ./source/pattern.o
                0x0000000000001b88                fade_all_and_set
 .text.sparkelPattern
                0x0000000000001c0c       0x84 ./source/pattern.o
                0x0000000000001c0c                sparkelPattern
 .text.monoVuMeterCallback
                0x0000000000001c90      0x100 ./source/pattern.o
                0x0000000000001c90                monoVuMeterCallback
 .text.monoVuMeter
                0x0000000000001d90       0x1c ./source/pattern.o
                0x0000000000001d90                monoVuMeter
 .text.initPower
                0x0000000000001dac       0x5c ./source/power.o
                0x0000000000001dac                initPower
 .text.EnablePower
                0x0000000000001e08       0x14 ./source/power.o
                0x0000000000001e08                EnablePower
 .text.DisablePower
                0x0000000000001e1c       0x14 ./source/power.o
                0x0000000000001e1c                DisablePower
 .text.initRgna
                0x0000000000001e30       0x14 ./source/random.o
                0x0000000000001e30                initRgna
 .text.get_rand_uint32
                0x0000000000001e44       0x3c ./source/random.o
                0x0000000000001e44                get_rand_uint32
 .text.get_rand_uint8
                0x0000000000001e80       0x3c ./source/random.o
                0x0000000000001e80                get_rand_uint8
 .text.stringTimeStamp
                0x0000000000001ebc       0x98 ./source/rtc.o
                0x0000000000001ebc                stringTimeStamp
 .text.updateTime
                0x0000000000001f54       0x40 ./source/rtc.o
                0x0000000000001f54                updateTime
 .text.getMinutes
                0x0000000000001f94       0x18 ./source/rtc.o
                0x0000000000001f94                getMinutes
 .text.getHours
                0x0000000000001fac       0x18 ./source/rtc.o
                0x0000000000001fac                getHours
 .text.readRegister
                0x0000000000001fc4       0x44 ./source/rtc.o
                0x0000000000001fc4                readRegister
 .text.readMultipleRegisters
                0x0000000000002008       0x50 ./source/rtc.o
                0x0000000000002008                readMultipleRegisters
 .text.FTM3_IRQHandler
                0x0000000000002058       0x70 ./source/scheduler.o
                0x0000000000002058                FTM3_IRQHandler
 .text.ADC16_GetInstance
                0x00000000000020c8       0x4c ./drivers/fsl_adc16.o
 .text.ADC16_Init
                0x0000000000002114      0x10c ./drivers/fsl_adc16.o
                0x0000000000002114                ADC16_Init
 .text.ADC16_GetDefaultConfig
                0x0000000000002220       0x60 ./drivers/fsl_adc16.o
                0x0000000000002220                ADC16_GetDefaultConfig
 .text.ADC16_SetChannelConfig
                0x0000000000002280       0x68 ./drivers/fsl_adc16.o
                0x0000000000002280                ADC16_SetChannelConfig
 .text.ADC16_GetChannelStatusFlags
                0x00000000000022e8       0x40 ./drivers/fsl_adc16.o
                0x00000000000022e8                ADC16_GetChannelStatusFlags
 .text.CLOCK_SetEr32kClock
                0x0000000000002328       0x30 ./drivers/fsl_clock.o
 .text.CLOCK_SetPllFllSelClock
                0x0000000000002358       0x58 ./drivers/fsl_clock.o
 .text.CLOCK_GetMcgExtClkFreq
                0x00000000000023b0       0x78 ./drivers/fsl_clock.o
 .text.CLOCK_GetFllExtRefClkFreq
                0x0000000000002428       0xd0 ./drivers/fsl_clock.o
 .text.CLOCK_GetInternalRefClkSelectFreq
                0x00000000000024f8       0x44 ./drivers/fsl_clock.o
 .text.CLOCK_GetFllRefClkFreq
                0x000000000000253c       0x2c ./drivers/fsl_clock.o
 .text.CLOCK_GetOscRangeFromFreq
                0x0000000000002568       0x3c ./drivers/fsl_clock.o
 .text.CLOCK_GetOsc0ErClkUndivFreq
                0x00000000000025a4       0x38 ./drivers/fsl_clock.o
                0x00000000000025a4                CLOCK_GetOsc0ErClkUndivFreq
 .text.CLOCK_GetOsc0ErClkDivFreq
                0x00000000000025dc       0x48 ./drivers/fsl_clock.o
                0x00000000000025dc                CLOCK_GetOsc0ErClkDivFreq
 .text.CLOCK_GetEr32kClkFreq
                0x0000000000002624       0x70 ./drivers/fsl_clock.o
                0x0000000000002624                CLOCK_GetEr32kClkFreq
 .text.CLOCK_GetPllFllSelClkFreq
                0x0000000000002694       0x90 ./drivers/fsl_clock.o
                0x0000000000002694                CLOCK_GetPllFllSelClkFreq
 .text.CLOCK_GetCoreSysClkFreq
                0x0000000000002724       0x28 ./drivers/fsl_clock.o
                0x0000000000002724                CLOCK_GetCoreSysClkFreq
 .text.CLOCK_GetFreq
                0x000000000000274c      0x150 ./drivers/fsl_clock.o
                0x000000000000274c                CLOCK_GetFreq
 .text.CLOCK_SetSimConfig
                0x000000000000289c       0x44 ./drivers/fsl_clock.o
                0x000000000000289c                CLOCK_SetSimConfig
 .text.CLOCK_GetOutClkFreq
                0x00000000000028e0       0x90 ./drivers/fsl_clock.o
                0x00000000000028e0                CLOCK_GetOutClkFreq
 .text.CLOCK_GetFllFreq
                0x0000000000002970       0x7c ./drivers/fsl_clock.o
                0x0000000000002970                CLOCK_GetFllFreq
 .text.CLOCK_GetInternalRefClkFreq
                0x00000000000029ec       0x24 ./drivers/fsl_clock.o
                0x00000000000029ec                CLOCK_GetInternalRefClkFreq
 .text.CLOCK_GetPll0Freq
                0x0000000000002a10       0x6c ./drivers/fsl_clock.o
                0x0000000000002a10                CLOCK_GetPll0Freq
 .text.CLOCK_GetExtPllFreq
                0x0000000000002a7c       0x18 ./drivers/fsl_clock.o
                0x0000000000002a7c                CLOCK_GetExtPllFreq
 .text.CLOCK_SetExternalRefClkConfig
                0x0000000000002a94       0x6c ./drivers/fsl_clock.o
                0x0000000000002a94                CLOCK_SetExternalRefClkConfig
 .text.CLOCK_SetInternalRefClkConfig
                0x0000000000002b00      0x104 ./drivers/fsl_clock.o
                0x0000000000002b00                CLOCK_SetInternalRefClkConfig
 .text.CLOCK_EnablePll0
                0x0000000000002c04       0x84 ./drivers/fsl_clock.o
                0x0000000000002c04                CLOCK_EnablePll0
 .text.CLOCK_InitOsc0
                0x0000000000002c88       0x8c ./drivers/fsl_clock.o
                0x0000000000002c88                CLOCK_InitOsc0
 .text.CLOCK_SetPbeMode
                0x0000000000002d14       0xe8 ./drivers/fsl_clock.o
                0x0000000000002d14                CLOCK_SetPbeMode
 .text.CLOCK_BootToPeeMode
                0x0000000000002dfc       0x68 ./drivers/fsl_clock.o
                0x0000000000002dfc                CLOCK_BootToPeeMode
 .text.DMAMUX_GetInstance
                0x0000000000002e64       0x44 ./drivers/fsl_dmamux.o
 .text.DMAMUX_Init
                0x0000000000002ea8       0x24 ./drivers/fsl_dmamux.o
                0x0000000000002ea8                DMAMUX_Init
 .text.DSPI_GetInstance
                0x0000000000002ecc       0x4c ./drivers/fsl_dspi.o
                0x0000000000002ecc                DSPI_GetInstance
 .text.DSPI_SetDummyData
                0x0000000000002f18       0x2c ./drivers/fsl_dspi.o
                0x0000000000002f18                DSPI_SetDummyData
 .text.DSPI_MasterInit
                0x0000000000002f44      0x16c ./drivers/fsl_dspi.o
                0x0000000000002f44                DSPI_MasterInit
 .text.DSPI_MasterSetBaudRate
                0x00000000000030b0      0x120 ./drivers/fsl_dspi.o
                0x00000000000030b0                DSPI_MasterSetBaudRate
 .text.DSPI_MasterSetDelayTimes
                0x00000000000031d0      0x128 ./drivers/fsl_dspi.o
                0x00000000000031d0                DSPI_MasterSetDelayTimes
 .text.DSPI_CommonIRQHandler
                0x00000000000032f8       0x40 ./drivers/fsl_dspi.o
 .text.SPI0_DriverIRQHandler
                0x0000000000003338       0x30 ./drivers/fsl_dspi.o
                0x0000000000003338                SPI0_DriverIRQHandler
 .text.SPI1_DriverIRQHandler
                0x0000000000003368       0x30 ./drivers/fsl_dspi.o
                0x0000000000003368                SPI1_DriverIRQHandler
 .text.SPI2_DriverIRQHandler
                0x0000000000003398       0x30 ./drivers/fsl_dspi.o
                0x0000000000003398                SPI2_DriverIRQHandler
 .text.EDMA_SetChannelPreemptionConfig
                0x00000000000033c8       0x74 ./drivers/fsl_dspi_edma.o
 .text.EDMA_EnableAutoStopRequest
                0x000000000000343c       0x64 ./drivers/fsl_dspi_edma.o
 .text.DSPI_MasterTransferCreateHandleEDMA
                0x00000000000034a0       0xa0 ./drivers/fsl_dspi_edma.o
                0x00000000000034a0                DSPI_MasterTransferCreateHandleEDMA
 .text.DSPI_MasterTransferEDMA
                0x0000000000003540      0x82c ./drivers/fsl_dspi_edma.o
                0x0000000000003540                DSPI_MasterTransferEDMA
 .text.EDMA_DspiMasterCallback
                0x0000000000003d6c       0x78 ./drivers/fsl_dspi_edma.o
 .text.__NVIC_EnableIRQ
                0x0000000000003de4       0x3c ./drivers/fsl_edma.o
 .text.EDMA_GetInstance
                0x0000000000003e20       0x44 ./drivers/fsl_edma.o
 .text.EDMA_Init
                0x0000000000003e64       0x98 ./drivers/fsl_edma.o
                0x0000000000003e64                EDMA_Init
 .text.EDMA_GetDefaultConfig
                0x0000000000003efc       0x44 ./drivers/fsl_edma.o
                0x0000000000003efc                EDMA_GetDefaultConfig
 .text.EDMA_ResetChannel
                0x0000000000003f40       0x34 ./drivers/fsl_edma.o
                0x0000000000003f40                EDMA_ResetChannel
 .text.EDMA_SetTransferConfig
                0x0000000000003f74       0x60 ./drivers/fsl_edma.o
                0x0000000000003f74                EDMA_SetTransferConfig
 .text.EDMA_SetChannelLink
                0x0000000000003fd4       0x4c ./drivers/fsl_edma.o
                0x0000000000003fd4                EDMA_SetChannelLink
 .text.EDMA_EnableChannelInterrupts
                0x0000000000004020       0xa8 ./drivers/fsl_edma.o
                0x0000000000004020                EDMA_EnableChannelInterrupts
 .text.EDMA_TcdReset
                0x00000000000040c8       0x78 ./drivers/fsl_edma.o
                0x00000000000040c8                EDMA_TcdReset
 .text.EDMA_TcdSetTransferConfig
                0x0000000000004140       0xe8 ./drivers/fsl_edma.o
                0x0000000000004140                EDMA_TcdSetTransferConfig
 .text.EDMA_TcdSetChannelLink
                0x0000000000004228      0x134 ./drivers/fsl_edma.o
                0x0000000000004228                EDMA_TcdSetChannelLink
 .text.EDMA_GetChannelStatusFlags
                0x000000000000435c       0x74 ./drivers/fsl_edma.o
                0x000000000000435c                EDMA_GetChannelStatusFlags
 .text.Get_StartInstance
                0x00000000000043d0       0x24 ./drivers/fsl_edma.o
 .text.EDMA_CreateHandle
                0x00000000000043f4       0xe4 ./drivers/fsl_edma.o
                0x00000000000043f4                EDMA_CreateHandle
 .text.EDMA_SetCallback
                0x00000000000044d8       0x30 ./drivers/fsl_edma.o
                0x00000000000044d8                EDMA_SetCallback
 .text.EDMA_StartTransfer
                0x0000000000004508       0xac ./drivers/fsl_edma.o
                0x0000000000004508                EDMA_StartTransfer
 .text.EDMA_HandleIRQ
                0x00000000000045b4      0x154 ./drivers/fsl_edma.o
                0x00000000000045b4                EDMA_HandleIRQ
 .text.DMA0_DMA16_DriverIRQHandler
                0x0000000000004708       0x4c ./drivers/fsl_edma.o
                0x0000000000004708                DMA0_DMA16_DriverIRQHandler
 .text.DMA1_DMA17_DriverIRQHandler
                0x0000000000004754       0x4c ./drivers/fsl_edma.o
                0x0000000000004754                DMA1_DMA17_DriverIRQHandler
 .text.DMA2_DMA18_DriverIRQHandler
                0x00000000000047a0       0x4c ./drivers/fsl_edma.o
                0x00000000000047a0                DMA2_DMA18_DriverIRQHandler
 .text.DMA3_DMA19_DriverIRQHandler
                0x00000000000047ec       0x4c ./drivers/fsl_edma.o
                0x00000000000047ec                DMA3_DMA19_DriverIRQHandler
 .text.DMA4_DMA20_DriverIRQHandler
                0x0000000000004838       0x4c ./drivers/fsl_edma.o
                0x0000000000004838                DMA4_DMA20_DriverIRQHandler
 .text.DMA5_DMA21_DriverIRQHandler
                0x0000000000004884       0x4c ./drivers/fsl_edma.o
                0x0000000000004884                DMA5_DMA21_DriverIRQHandler
 .text.DMA6_DMA22_DriverIRQHandler
                0x00000000000048d0       0x4c ./drivers/fsl_edma.o
                0x00000000000048d0                DMA6_DMA22_DriverIRQHandler
 .text.DMA7_DMA23_DriverIRQHandler
                0x000000000000491c       0x4c ./drivers/fsl_edma.o
                0x000000000000491c                DMA7_DMA23_DriverIRQHandler
 .text.DMA8_DMA24_DriverIRQHandler
                0x0000000000004968       0x4c ./drivers/fsl_edma.o
                0x0000000000004968                DMA8_DMA24_DriverIRQHandler
 .text.DMA9_DMA25_DriverIRQHandler
                0x00000000000049b4       0x4c ./drivers/fsl_edma.o
                0x00000000000049b4                DMA9_DMA25_DriverIRQHandler
 .text.DMA10_DMA26_DriverIRQHandler
                0x0000000000004a00       0x4c ./drivers/fsl_edma.o
                0x0000000000004a00                DMA10_DMA26_DriverIRQHandler
 .text.DMA11_DMA27_DriverIRQHandler
                0x0000000000004a4c       0x4c ./drivers/fsl_edma.o
                0x0000000000004a4c                DMA11_DMA27_DriverIRQHandler
 .text.DMA12_DMA28_DriverIRQHandler
                0x0000000000004a98       0x4c ./drivers/fsl_edma.o
                0x0000000000004a98                DMA12_DMA28_DriverIRQHandler
 .text.DMA13_DMA29_DriverIRQHandler
                0x0000000000004ae4       0x4c ./drivers/fsl_edma.o
                0x0000000000004ae4                DMA13_DMA29_DriverIRQHandler
 .text.DMA14_DMA30_DriverIRQHandler
                0x0000000000004b30       0x4c ./drivers/fsl_edma.o
                0x0000000000004b30                DMA14_DMA30_DriverIRQHandler
 .text.DMA15_DMA31_DriverIRQHandler
                0x0000000000004b7c       0x4c ./drivers/fsl_edma.o
                0x0000000000004b7c                DMA15_DMA31_DriverIRQHandler
 .text.GPIO_PinInit
                0x0000000000004bc8       0x64 ./drivers/fsl_gpio.o
                0x0000000000004bc8                GPIO_PinInit
 .text.I2C_TransferCommonIRQHandler
                0x0000000000004c2c       0x50 ./drivers/fsl_i2c.o
 .text.I2C_MasterTransferBlocking
                0x0000000000004c7c      0x22c ./drivers/fsl_i2c.o
                0x0000000000004c7c                I2C_MasterTransferBlocking
 .text.I2C0_DriverIRQHandler
                0x0000000000004ea8       0x1c ./drivers/fsl_i2c.o
                0x0000000000004ea8                I2C0_DriverIRQHandler
 .text.I2C1_DriverIRQHandler
                0x0000000000004ec4       0x1c ./drivers/fsl_i2c.o
                0x0000000000004ec4                I2C1_DriverIRQHandler
 .text.I2C2_DriverIRQHandler
                0x0000000000004ee0       0x1c ./drivers/fsl_i2c.o
                0x0000000000004ee0                I2C2_DriverIRQHandler
 .text.I2C3_DriverIRQHandler
                0x0000000000004efc       0x1c ./drivers/fsl_i2c.o
                0x0000000000004efc                I2C3_DriverIRQHandler
 .text.LPUART0_DriverIRQHandler
                0x0000000000004f18       0x28 ./drivers/fsl_lpuart.o
                0x0000000000004f18                LPUART0_DriverIRQHandler
 .text.RNGA_Init
                0x0000000000004f40       0x38 ./drivers/fsl_rnga.o
                0x0000000000004f40                RNGA_Init
 .text.TPM_GetInstance
                0x0000000000004f78       0x54 ./drivers/fsl_tpm.o
 .text.TPM_Init
                0x0000000000004fcc       0xd4 ./drivers/fsl_tpm.o
                0x0000000000004fcc                TPM_Init
 .text.TPM_GetDefaultConfig
                0x00000000000050a0       0x68 ./drivers/fsl_tpm.o
                0x00000000000050a0                TPM_GetDefaultConfig
 .text.UART_GetInstance
                0x0000000000005108       0x54 ./drivers/fsl_uart.o
                0x0000000000005108                UART_GetInstance
 .text.UART_Init
                0x000000000000515c      0x2d8 ./drivers/fsl_uart.o
                0x000000000000515c                UART_Init
 .text.UART_GetDefaultConfig
                0x0000000000005434       0x68 ./drivers/fsl_uart.o
                0x0000000000005434                UART_GetDefaultConfig
 .text.UART_EnableInterrupts
                0x000000000000549c       0x70 ./drivers/fsl_uart.o
                0x000000000000549c                UART_EnableInterrupts
 .text.UART0_DriverIRQHandler
                0x000000000000550c       0x28 ./drivers/fsl_uart.o
                0x000000000000550c                UART0_DriverIRQHandler
 .text.UART2_DriverIRQHandler
                0x0000000000005534       0x28 ./drivers/fsl_uart.o
                0x0000000000005534                UART2_DriverIRQHandler
 .text.UART3_DriverIRQHandler
                0x000000000000555c       0x28 ./drivers/fsl_uart.o
                0x000000000000555c                UART3_DriverIRQHandler
 .text.UART4_DriverIRQHandler
                0x0000000000005584       0x28 ./drivers/fsl_uart.o
                0x0000000000005584                UART4_DriverIRQHandler
 .text.SystemInit
                0x00000000000055ac       0x3c ./device/system_MK66F18.o
                0x00000000000055ac                SystemInit
 .text.HAL_UartInit
                0x00000000000055e8      0x108 ./component/uart/uart_adapter.o
                0x00000000000055e8                HAL_UartInit
 .text.SerialManager_Init
                0x00000000000056f0       0x74 ./component/serial_manager/serial_manager.o
                0x00000000000056f0                SerialManager_Init
 .text.SerialManager_OpenWriteHandle
                0x0000000000005764       0x58 ./component/serial_manager/serial_manager.o
                0x0000000000005764                SerialManager_OpenWriteHandle
 .text.SerialManager_OpenReadHandle
                0x00000000000057bc       0x60 ./component/serial_manager/serial_manager.o
                0x00000000000057bc                SerialManager_OpenReadHandle
 .text.Serial_UartInit
                0x000000000000581c       0x80 ./component/serial_manager/serial_port_uart.o
                0x000000000000581c                Serial_UartInit
 .text.CLOCK_SetSimSafeDivs
                0x000000000000589c       0x24 ./board/clock_config.o
 .text.CLOCK_SetXtal0Freq
                0x00000000000058c0       0x20 ./board/clock_config.o
 .text.CLOCK_CONFIG_SetFllExtRefDiv
                0x00000000000058e0       0x3c ./board/clock_config.o
 .text.BOARD_BootClockRUN
                0x000000000000591c       0x60 ./board/clock_config.o
                0x000000000000591c                BOARD_BootClockRUN
 .text.__assertion_failed
                0x000000000000597c       0x4c /usr/local/mcuxpressoide-11.0.0_2516/ide/plugins/com.nxp.mcuxpresso.tools.linux_11.0.0.201905131304/tools/bin/../lib/gcc/arm-none-eabi/8.2.1/../../../../arm-none-eabi/lib/thumb/v7e-m+fp/hard/libcr_semihost_nf.a(_cr_assert.o)
                0x000000000000597c                __assertion_failed
 .text.__sys_appexit
                0x00000000000059c8        0xc /usr/local/mcuxpressoide-11.0.0_2516/ide/plugins/com.nxp.mcuxpresso.tools.linux_11.0.0.201905131304/tools/bin/../lib/gcc/arm-none-eabi/8.2.1/../../../../arm-none-eabi/lib/thumb/v7e-m+fp/hard/libcr_semihost_nf.a(__sys_appexit.o)
                0x00000000000059c8                __exit
                0x00000000000059c8                __sys_appexit
 .text._Cwritebuf
                0x00000000000059d4       0x6c /usr/local/mcuxpressoide-11.0.0_2516/ide/plugins/com.nxp.mcuxpresso.tools.linux_11.0.0.201905131304/tools/bin/../lib/gcc/arm-none-eabi/8.2.1/../../../../arm-none-eabi/lib/thumb/v7e-m+fp/hard/libcr_c.a(_writebuf.o)
                0x00000000000059d4                _Cwritebuf
 .text.malloc   0x0000000000005a40       0xc8 /usr/local/mcuxpressoide-11.0.0_2516/ide/plugins/com.nxp.mcuxpresso.tools.linux_11.0.0.201905131304/tools/bin/../lib/gcc/arm-none-eabi/8.2.1/../../../../arm-none-eabi/lib/thumb/v7e-m+fp/hard/libcr_c.a(alloc.o)
                0x0000000000005a40                malloc
 .text._Csys_alloc
                0x0000000000005b08       0x20 /usr/local/mcuxpressoide-11.0.0_2516/ide/plugins/com.nxp.mcuxpresso.tools.linux_11.0.0.201905131304/tools/bin/../lib/gcc/arm-none-eabi/8.2.1/../../../../arm-none-eabi/lib/thumb/v7e-m+fp/hard/libcr_c.a(alloc.o)
                0x0000000000005b08                _Csys_alloc
 .text.fseek    0x0000000000005b28      0x100 /usr/local/mcuxpressoide-11.0.0_2516/ide/plugins/com.nxp.mcuxpresso.tools.linux_11.0.0.201905131304/tools/bin/../lib/gcc/arm-none-eabi/8.2.1/../../../../arm-none-eabi/lib/thumb/v7e-m+fp/hard/libcr_c.a(fseek.o)
                0x0000000000005b28                fseek
 .text.ftell    0x0000000000005c28       0x48 /usr/local/mcuxpressoide-11.0.0_2516/ide/plugins/com.nxp.mcuxpresso.tools.linux_11.0.0.201905131304/tools/bin/../lib/gcc/arm-none-eabi/8.2.1/../../../../arm-none-eabi/lib/thumb/v7e-m+fp/hard/libcr_c.a(ftell.o)
                0x0000000000005c28                ftell
 .text._initio  0x0000000000005c70       0x78 /usr/local/mcuxpressoide-11.0.0_2516/ide/plugins/com.nxp.mcuxpresso.tools.linux_11.0.0.201905131304/tools/bin/../lib/gcc/arm-none-eabi/8.2.1/../../../../arm-none-eabi/lib/thumb/v7e-m+fp/hard/libcr_c.a(initio.o)
                0x0000000000005c70                _initio
 .text.__vfprintf
                0x0000000000005ce8      0xbe0 /usr/local/mcuxpressoide-11.0.0_2516/ide/plugins/com.nxp.mcuxpresso.tools.linux_11.0.0.201905131304/tools/bin/../lib/gcc/arm-none-eabi/8.2.1/../../../../arm-none-eabi/lib/thumb/v7e-m+fp/hard/libcr_c.a(printf.o)
                0x0000000000005ce8                __vfprintf
 .text._sprintf
                0x00000000000068c8       0x6c /usr/local/mcuxpressoide-11.0.0_2516/ide/plugins/com.nxp.mcuxpresso.tools.linux_11.0.0.201905131304/tools/bin/../lib/gcc/arm-none-eabi/8.2.1/../../../../arm-none-eabi/lib/thumb/v7e-m+fp/hard/libcr_c.a(printf.o)
                0x00000000000068c8                _sprintf
 .text._vsnprintf
                0x0000000000006934       0x68 /usr/local/mcuxpressoide-11.0.0_2516/ide/plugins/com.nxp.mcuxpresso.tools.linux_11.0.0.201905131304/tools/bin/../lib/gcc/arm-none-eabi/8.2.1/../../../../arm-none-eabi/lib/thumb/v7e-m+fp/hard/libcr_c.a(printf.o)
                0x0000000000006934                _vsnprintf
 .text._printf  0x000000000000699c       0x54 /usr/local/mcuxpressoide-11.0.0_2516/ide/plugins/com.nxp.mcuxpresso.tools.linux_11.0.0.201905131304/tools/bin/../lib/gcc/arm-none-eabi/8.2.1/../../../../arm-none-eabi/lib/thumb/v7e-m+fp/hard/libcr_c.a(printf.o)
                0x000000000000699c                _printf
 .text.setvbuf  0x00000000000069f0       0x40 /usr/local/mcuxpressoide-11.0.0_2516/ide/plugins/com.nxp.mcuxpresso.tools.linux_11.0.0.201905131304/tools/bin/../lib/gcc/arm-none-eabi/8.2.1/../../../../arm-none-eabi/lib/thumb/v7e-m+fp/hard/libcr_c.a(setvbuf.o)
                0x00000000000069f0                setvbuf
 .text._sbrk    0x0000000000006a30       0x3c /usr/local/mcuxpressoide-11.0.0_2516/ide/plugins/com.nxp.mcuxpresso.tools.linux_11.0.0.201905131304/tools/bin/../lib/gcc/arm-none-eabi/8.2.1/../../../../arm-none-eabi/lib/thumb/v7e-m+fp/hard/libcr_c.a(_cr_sbrk.o)
                0x0000000000006a30                _sbrk
 .text.fflush   0x0000000000006a6c       0x44 /usr/local/mcuxpressoide-11.0.0_2516/ide/plugins/com.nxp.mcuxpresso.tools.linux_11.0.0.201905131304/tools/bin/../lib/gcc/arm-none-eabi/8.2.1/../../../../arm-none-eabi/lib/thumb/v7e-m+fp/hard/libcr_c.a(fflush.o)
                0x0000000000006a6c                fflush
 .text.__check_heap_overflow
                0x0000000000006ab0       0x18 /usr/local/mcuxpressoide-11.0.0_2516/ide/plugins/com.nxp.mcuxpresso.tools.linux_11.0.0.201905131304/tools/bin/../lib/gcc/arm-none-eabi/8.2.1/../../../../arm-none-eabi/lib/thumb/v7e-m+fp/hard/libcr_c.a(_cr_check_heap.o)
                0x0000000000006ab0                __check_heap_overflow
 .text.DMA0_DMA16_IRQHandler
                0x0000000000006ac8        0x8 ./startup/startup_mk66f18.o
                0x0000000000006ac8                DMA0_DMA16_IRQHandler
 .text.DMA1_DMA17_IRQHandler
                0x0000000000006ad0        0x8 ./startup/startup_mk66f18.o
                0x0000000000006ad0                DMA1_DMA17_IRQHandler
 .text.DMA2_DMA18_IRQHandler
                0x0000000000006ad8        0x8 ./startup/startup_mk66f18.o
                0x0000000000006ad8                DMA2_DMA18_IRQHandler
 .text.DMA3_DMA19_IRQHandler
                0x0000000000006ae0        0x8 ./startup/startup_mk66f18.o
                0x0000000000006ae0                DMA3_DMA19_IRQHandler
 .text.DMA4_DMA20_IRQHandler
                0x0000000000006ae8        0x8 ./startup/startup_mk66f18.o
                0x0000000000006ae8                DMA4_DMA20_IRQHandler
 .text.DMA5_DMA21_IRQHandler
                0x0000000000006af0        0x8 ./startup/startup_mk66f18.o
                0x0000000000006af0                DMA5_DMA21_IRQHandler
 .text.DMA6_DMA22_IRQHandler
                0x0000000000006af8        0x8 ./startup/startup_mk66f18.o
                0x0000000000006af8                DMA6_DMA22_IRQHandler
 .text.DMA7_DMA23_IRQHandler
                0x0000000000006b00        0x8 ./startup/startup_mk66f18.o
                0x0000000000006b00                DMA7_DMA23_IRQHandler
 .text.DMA8_DMA24_IRQHandler
                0x0000000000006b08        0x8 ./startup/startup_mk66f18.o
                0x0000000000006b08                DMA8_DMA24_IRQHandler
 .text.DMA9_DMA25_IRQHandler
                0x0000000000006b10        0x8 ./startup/startup_mk66f18.o
                0x0000000000006b10                DMA9_DMA25_IRQHandler
 .text.DMA10_DMA26_IRQHandler
                0x0000000000006b18        0x8 ./startup/startup_mk66f18.o
                0x0000000000006b18                DMA10_DMA26_IRQHandler
 .text.DMA11_DMA27_IRQHandler
                0x0000000000006b20        0x8 ./startup/startup_mk66f18.o
                0x0000000000006b20                DMA11_DMA27_IRQHandler
 .text.DMA12_DMA28_IRQHandler
                0x0000000000006b28        0x8 ./startup/startup_mk66f18.o
                0x0000000000006b28                DMA12_DMA28_IRQHandler
 .text.DMA13_DMA29_IRQHandler
                0x0000000000006b30        0x8 ./startup/startup_mk66f18.o
                0x0000000000006b30                DMA13_DMA29_IRQHandler
 .text.DMA14_DMA30_IRQHandler
                0x0000000000006b38        0x8 ./startup/startup_mk66f18.o
                0x0000000000006b38                DMA14_DMA30_IRQHandler
 .text.DMA15_DMA31_IRQHandler
                0x0000000000006b40        0x8 ./startup/startup_mk66f18.o
                0x0000000000006b40                DMA15_DMA31_IRQHandler
 .text.DMA_Error_IRQHandler
                0x0000000000006b48        0x8 ./startup/startup_mk66f18.o
                0x0000000000006b48                DMA_Error_IRQHandler
 .text.MCM_IRQHandler
                0x0000000000006b50        0x8 ./startup/startup_mk66f18.o
                0x0000000000006b50                MCM_IRQHandler
 .text.FTFE_IRQHandler
                0x0000000000006b58        0x8 ./startup/startup_mk66f18.o
                0x0000000000006b58                FTFE_IRQHandler
 .text.Read_Collision_IRQHandler
                0x0000000000006b60        0x8 ./startup/startup_mk66f18.o
                0x0000000000006b60                Read_Collision_IRQHandler
 .text.LVD_LVW_IRQHandler
                0x0000000000006b68        0x8 ./startup/startup_mk66f18.o
                0x0000000000006b68                LVD_LVW_IRQHandler
 .text.LLWU_IRQHandler
                0x0000000000006b70        0x8 ./startup/startup_mk66f18.o
                0x0000000000006b70                LLWU_IRQHandler
 .text.WDOG_EWM_IRQHandler
                0x0000000000006b78        0x8 ./startup/startup_mk66f18.o
                0x0000000000006b78                WDOG_EWM_IRQHandler
 .text.RNG_IRQHandler
                0x0000000000006b80        0x8 ./startup/startup_mk66f18.o
                0x0000000000006b80                RNG_IRQHandler
 .text.I2C0_IRQHandler
                0x0000000000006b88        0x8 ./startup/startup_mk66f18.o
                0x0000000000006b88                I2C0_IRQHandler
 .text.I2C1_IRQHandler
                0x0000000000006b90        0x8 ./startup/startup_mk66f18.o
                0x0000000000006b90                I2C1_IRQHandler
 .text.SPI0_IRQHandler
                0x0000000000006b98        0x8 ./startup/startup_mk66f18.o
                0x0000000000006b98                SPI0_IRQHandler
 .text.SPI1_IRQHandler
                0x0000000000006ba0        0x8 ./startup/startup_mk66f18.o
                0x0000000000006ba0                SPI1_IRQHandler
 .text.I2S0_Tx_IRQHandler
                0x0000000000006ba8        0x8 ./startup/startup_mk66f18.o
                0x0000000000006ba8                I2S0_Tx_IRQHandler
 .text.I2S0_Rx_IRQHandler
                0x0000000000006bb0        0x8 ./startup/startup_mk66f18.o
                0x0000000000006bb0                I2S0_Rx_IRQHandler
 .text.Reserved46_IRQHandler
                0x0000000000006bb8        0x8 ./startup/startup_mk66f18.o
                0x0000000000006bb8                Reserved46_IRQHandler
 .text.UART0_RX_TX_IRQHandler
                0x0000000000006bc0        0x8 ./startup/startup_mk66f18.o
                0x0000000000006bc0                UART0_RX_TX_IRQHandler
 .text.UART0_ERR_IRQHandler
                0x0000000000006bc8        0x8 ./startup/startup_mk66f18.o
                0x0000000000006bc8                UART0_ERR_IRQHandler
 .text.UART1_ERR_IRQHandler
                0x0000000000006bd0        0x8 ./startup/startup_mk66f18.o
                0x0000000000006bd0                UART1_ERR_IRQHandler
 .text.UART2_RX_TX_IRQHandler
                0x0000000000006bd8        0x8 ./startup/startup_mk66f18.o
                0x0000000000006bd8                UART2_RX_TX_IRQHandler
 .text.UART2_ERR_IRQHandler
                0x0000000000006be0        0x8 ./startup/startup_mk66f18.o
                0x0000000000006be0                UART2_ERR_IRQHandler
 .text.UART3_RX_TX_IRQHandler
                0x0000000000006be8        0x8 ./startup/startup_mk66f18.o
                0x0000000000006be8                UART3_RX_TX_IRQHandler
 .text.UART3_ERR_IRQHandler
                0x0000000000006bf0        0x8 ./startup/startup_mk66f18.o
                0x0000000000006bf0                UART3_ERR_IRQHandler
 .text.ADC0_IRQHandler
                0x0000000000006bf8        0x8 ./startup/startup_mk66f18.o
                0x0000000000006bf8                ADC0_IRQHandler
 .text.CMP0_IRQHandler
                0x0000000000006c00        0x8 ./startup/startup_mk66f18.o
                0x0000000000006c00                CMP0_IRQHandler
 .text.CMP1_IRQHandler
                0x0000000000006c08        0x8 ./startup/startup_mk66f18.o
                0x0000000000006c08                CMP1_IRQHandler
 .text.FTM0_IRQHandler
                0x0000000000006c10        0x8 ./startup/startup_mk66f18.o
                0x0000000000006c10                FTM0_IRQHandler
 .text.FTM1_IRQHandler
                0x0000000000006c18        0x8 ./startup/startup_mk66f18.o
                0x0000000000006c18                FTM1_IRQHandler
 .text.FTM2_IRQHandler
                0x0000000000006c20        0x8 ./startup/startup_mk66f18.o
                0x0000000000006c20                FTM2_IRQHandler
 .text.CMT_IRQHandler
                0x0000000000006c28        0x8 ./startup/startup_mk66f18.o
                0x0000000000006c28                CMT_IRQHandler
 .text.RTC_IRQHandler
                0x0000000000006c30        0x8 ./startup/startup_mk66f18.o
                0x0000000000006c30                RTC_IRQHandler
 .text.RTC_Seconds_IRQHandler
                0x0000000000006c38        0x8 ./startup/startup_mk66f18.o
                0x0000000000006c38                RTC_Seconds_IRQHandler
 .text.PIT0_IRQHandler
                0x0000000000006c40        0x8 ./startup/startup_mk66f18.o
                0x0000000000006c40                PIT0_IRQHandler
 .text.PIT1_IRQHandler
                0x0000000000006c48        0x8 ./startup/startup_mk66f18.o
                0x0000000000006c48                PIT1_IRQHandler
 .text.PIT2_IRQHandler
                0x0000000000006c50        0x8 ./startup/startup_mk66f18.o
                0x0000000000006c50                PIT2_IRQHandler
 .text.PIT3_IRQHandler
                0x0000000000006c58        0x8 ./startup/startup_mk66f18.o
                0x0000000000006c58                PIT3_IRQHandler
 .text.PDB0_IRQHandler
                0x0000000000006c60        0x8 ./startup/startup_mk66f18.o
                0x0000000000006c60                PDB0_IRQHandler
 .text.USB0_IRQHandler
                0x0000000000006c68        0x8 ./startup/startup_mk66f18.o
                0x0000000000006c68                USB0_IRQHandler
 .text.USBDCD_IRQHandler
                0x0000000000006c70        0x8 ./startup/startup_mk66f18.o
                0x0000000000006c70                USBDCD_IRQHandler
 .text.Reserved71_IRQHandler
                0x0000000000006c78        0x8 ./startup/startup_mk66f18.o
                0x0000000000006c78                Reserved71_IRQHandler
 .text.DAC0_IRQHandler
                0x0000000000006c80        0x8 ./startup/startup_mk66f18.o
                0x0000000000006c80                DAC0_IRQHandler
 .text.MCG_IRQHandler
                0x0000000000006c88        0x8 ./startup/startup_mk66f18.o
                0x0000000000006c88                MCG_IRQHandler
 .text.LPTMR0_IRQHandler
                0x0000000000006c90        0x8 ./startup/startup_mk66f18.o
                0x0000000000006c90                LPTMR0_IRQHandler
 .text.PORTA_IRQHandler
                0x0000000000006c98        0x8 ./startup/startup_mk66f18.o
                0x0000000000006c98                PORTA_IRQHandler
 .text.PORTB_IRQHandler
                0x0000000000006ca0        0x8 ./startup/startup_mk66f18.o
                0x0000000000006ca0                PORTB_IRQHandler
 .text.PORTC_IRQHandler
                0x0000000000006ca8        0x8 ./startup/startup_mk66f18.o
                0x0000000000006ca8                PORTC_IRQHandler
 .text.PORTD_IRQHandler
                0x0000000000006cb0        0x8 ./startup/startup_mk66f18.o
                0x0000000000006cb0                PORTD_IRQHandler
 .text.PORTE_IRQHandler
                0x0000000000006cb8        0x8 ./startup/startup_mk66f18.o
                0x0000000000006cb8                PORTE_IRQHandler
 .text.SWI_IRQHandler
                0x0000000000006cc0        0x8 ./startup/startup_mk66f18.o
                0x0000000000006cc0                SWI_IRQHandler
 .text.SPI2_IRQHandler
                0x0000000000006cc8        0x8 ./startup/startup_mk66f18.o
                0x0000000000006cc8                SPI2_IRQHandler
 .text.UART4_RX_TX_IRQHandler
                0x0000000000006cd0        0x8 ./startup/startup_mk66f18.o
                0x0000000000006cd0                UART4_RX_TX_IRQHandler
 .text.UART4_ERR_IRQHandler
                0x0000000000006cd8        0x8 ./startup/startup_mk66f18.o
                0x0000000000006cd8                UART4_ERR_IRQHandler
 .text.Reserved84_IRQHandler
                0x0000000000006ce0        0x8 ./startup/startup_mk66f18.o
                0x0000000000006ce0                Reserved84_IRQHandler
 .text.Reserved85_IRQHandler
                0x0000000000006ce8        0x8 ./startup/startup_mk66f18.o
                0x0000000000006ce8                Reserved85_IRQHandler
 .text.CMP2_IRQHandler
                0x0000000000006cf0        0x8 ./startup/startup_mk66f18.o
                0x0000000000006cf0                CMP2_IRQHandler
 .text.DAC1_IRQHandler
                0x0000000000006cf8        0x8 ./startup/startup_mk66f18.o
                0x0000000000006cf8                DAC1_IRQHandler
 .text.I2C2_IRQHandler
                0x0000000000006d00        0x8 ./startup/startup_mk66f18.o
                0x0000000000006d00                I2C2_IRQHandler
 .text.CAN0_ORed_Message_buffer_IRQHandler
                0x0000000000006d08        0x8 ./startup/startup_mk66f18.o
                0x0000000000006d08                CAN0_ORed_Message_buffer_IRQHandler
 .text.CAN0_Bus_Off_IRQHandler
                0x0000000000006d10        0x8 ./startup/startup_mk66f18.o
                0x0000000000006d10                CAN0_Bus_Off_IRQHandler
 .text.CAN0_Error_IRQHandler
                0x0000000000006d18        0x8 ./startup/startup_mk66f18.o
                0x0000000000006d18                CAN0_Error_IRQHandler
 .text.CAN0_Tx_Warning_IRQHandler
                0x0000000000006d20        0x8 ./startup/startup_mk66f18.o
                0x0000000000006d20                CAN0_Tx_Warning_IRQHandler
 .text.CAN0_Rx_Warning_IRQHandler
                0x0000000000006d28        0x8 ./startup/startup_mk66f18.o
                0x0000000000006d28                CAN0_Rx_Warning_IRQHandler
 .text.CAN0_Wake_Up_IRQHandler
                0x0000000000006d30        0x8 ./startup/startup_mk66f18.o
                0x0000000000006d30                CAN0_Wake_Up_IRQHandler
 .text.SDHC_IRQHandler
                0x0000000000006d38        0x8 ./startup/startup_mk66f18.o
                0x0000000000006d38                SDHC_IRQHandler
 .text.ENET_1588_Timer_IRQHandler
                0x0000000000006d40        0x8 ./startup/startup_mk66f18.o
                0x0000000000006d40                ENET_1588_Timer_IRQHandler
 .text.ENET_Transmit_IRQHandler
                0x0000000000006d48        0x8 ./startup/startup_mk66f18.o
                0x0000000000006d48                ENET_Transmit_IRQHandler
 .text.ENET_Receive_IRQHandler
                0x0000000000006d50        0x8 ./startup/startup_mk66f18.o
                0x0000000000006d50                ENET_Receive_IRQHandler
 .text.ENET_Error_IRQHandler
                0x0000000000006d58        0x8 ./startup/startup_mk66f18.o
                0x0000000000006d58                ENET_Error_IRQHandler
 .text.LPUART0_IRQHandler
                0x0000000000006d60        0x8 ./startup/startup_mk66f18.o
                0x0000000000006d60                LPUART0_IRQHandler
 .text.TSI0_IRQHandler
                0x0000000000006d68        0x8 ./startup/startup_mk66f18.o
                0x0000000000006d68                TSI0_IRQHandler
 .text.TPM1_IRQHandler
                0x0000000000006d70        0x8 ./startup/startup_mk66f18.o
                0x0000000000006d70                TPM1_IRQHandler
 .text.USBHSDCD_IRQHandler
                0x0000000000006d78        0x8 ./startup/startup_mk66f18.o
                0x0000000000006d78                USBHSDCD_IRQHandler
 .text.I2C3_IRQHandler
                0x0000000000006d80        0x8 ./startup/startup_mk66f18.o
                0x0000000000006d80                I2C3_IRQHandler
 .text.CMP3_IRQHandler
                0x0000000000006d88        0x8 ./startup/startup_mk66f18.o
                0x0000000000006d88                CMP3_IRQHandler
 .text.USBHS_IRQHandler
                0x0000000000006d90        0x8 ./startup/startup_mk66f18.o
                0x0000000000006d90                USBHS_IRQHandler
 .text.CAN1_ORed_Message_buffer_IRQHandler
                0x0000000000006d98        0x8 ./startup/startup_mk66f18.o
                0x0000000000006d98                CAN1_ORed_Message_buffer_IRQHandler
 .text.CAN1_Bus_Off_IRQHandler
                0x0000000000006da0        0x8 ./startup/startup_mk66f18.o
                0x0000000000006da0                CAN1_Bus_Off_IRQHandler
 .text.CAN1_Error_IRQHandler
                0x0000000000006da8        0x8 ./startup/startup_mk66f18.o
                0x0000000000006da8                CAN1_Error_IRQHandler
 .text.CAN1_Tx_Warning_IRQHandler
                0x0000000000006db0        0x8 ./startup/startup_mk66f18.o
                0x0000000000006db0                CAN1_Tx_Warning_IRQHandler
 .text.CAN1_Rx_Warning_IRQHandler
                0x0000000000006db8        0x8 ./startup/startup_mk66f18.o
                0x0000000000006db8                CAN1_Rx_Warning_IRQHandler
 .text.CAN1_Wake_Up_IRQHandler
                0x0000000000006dc0        0x8 ./startup/startup_mk66f18.o
                0x0000000000006dc0                CAN1_Wake_Up_IRQHandler
 .text.CLOCK_EnableClock
                0x0000000000006dc8       0x34 ./source/controller.o
 .text.EnableIRQ
                0x0000000000006dfc       0x2c ./source/controller.o
 .text.UART_ReadByte
                0x0000000000006e28       0x1a ./source/controller.o
 .text.PORT_SetPinMux
                0x0000000000006e42       0x3a ./source/controller.o
 .text.upEvent  0x0000000000006e7c        0xe ./source/controller.o
                0x0000000000006e7c                upEvent
 .text.downEvent
                0x0000000000006e8a        0xe ./source/controller.o
                0x0000000000006e8a                downEvent
 .text.leftEvent
                0x0000000000006e98        0xc ./source/controller.o
                0x0000000000006e98                leftEvent
 .text.rightEvent
                0x0000000000006ea4        0xc ./source/controller.o
                0x0000000000006ea4                rightEvent
 .text.startEvent
                0x0000000000006eb0        0xe ./source/controller.o
                0x0000000000006eb0                startEvent
 .text.selectEvent
                0x0000000000006ebe        0xe ./source/controller.o
                0x0000000000006ebe                selectEvent
 .text.CLOCK_EnableClock
                0x0000000000006ecc       0x34 ./source/leds.o
 .text.PORT_SetPinMux
                0x0000000000006f00       0x3a ./source/leds.o
 .text.main     0x0000000000006f3a       0x3a ./source/main.o
                0x0000000000006f3a                main
 .text.CLOCK_EnableClock
                0x0000000000006f74       0x34 ./source/msgeq07.o
 .text.EnableIRQ
                0x0000000000006fa8       0x2c ./source/msgeq07.o
 .text.PORT_SetPinMux
                0x0000000000006fd4       0x3a ./source/msgeq07.o
 .text.ADC16_EnableHardwareTrigger
                0x000000000000700e       0x38 ./source/msgeq07.o
 .text.TPM_ClearStatusFlags
                0x0000000000007046       0x1c ./source/msgeq07.o
 .text.TPM_SetTimerPeriod
                0x0000000000007062       0x1c ./source/msgeq07.o
 .text.TPM_StartTimer
                0x000000000000707e       0x3a ./source/msgeq07.o
 .text.TPM_StopTimer
                0x00000000000070b8       0x2e ./source/msgeq07.o
 .text.GPIO_PortSet
                0x00000000000070e6       0x1c ./source/msgeq07.o
 .text.GPIO_PortClear
                0x0000000000007102       0x1c ./source/msgeq07.o
 .text.initMsgeq07
                0x000000000000711e       0x14 ./source/msgeq07.o
                0x000000000000711e                initMsgeq07
 .text.CLOCK_EnableClock
                0x0000000000007132       0x34 ./source/power.o
 .text.PORT_SetPinMux
                0x0000000000007166       0x3a ./source/power.o
 .text.GPIO_PortSet
                0x00000000000071a0       0x1c ./source/power.o
 .text.GPIO_PortClear
                0x00000000000071bc       0x1c ./source/power.o
 .text.get_rand_uint32_range
                0x00000000000071d8       0x2c ./source/random.o
                0x00000000000071d8                get_rand_uint32_range
 .text.get_rand_uint8_range
                0x0000000000007204       0x34 ./source/random.o
                0x0000000000007204                get_rand_uint8_range
 .text.is12Hour
                0x0000000000007238       0x28 ./source/rtc.o
                0x0000000000007238                is12Hour
 .text.BCDtoDEC
                0x0000000000007260       0x32 ./source/rtc.o
                0x0000000000007260                BCDtoDEC
 .text.autoPower
                0x0000000000007292       0x56 ./source/scheduler.o
                0x0000000000007292                autoPower
 .text.nextPattern
                0x00000000000072e8        0xe ./source/scheduler.o
                0x00000000000072e8                nextPattern
 .text.HardFault_Handler
                0x00000000000072f6       0x2c ./source/semihost_hardfault.o
                0x00000000000072f6                HardFault_Handler
 .text.map_uint32
                0x0000000000007322       0x50 ./source/utils.o
                0x0000000000007322                map_uint32
 .text.bound_uint8
                0x0000000000007372       0x38 ./source/utils.o
                0x0000000000007372                bound_uint8
 .text.CLOCK_EnableClock
                0x00000000000073aa       0x34 ./drivers/fsl_adc16.o
 .text.ADC16_DoAutoCalibration
                0x00000000000073de      0x10a ./drivers/fsl_adc16.o
                0x00000000000073de                ADC16_DoAutoCalibration
 .text.ADC16_GetStatusFlags
                0x00000000000074e8       0x42 ./drivers/fsl_adc16.o
                0x00000000000074e8                ADC16_GetStatusFlags
 .text.OSC_SetExtRefClkConfig
                0x000000000000752a       0x40 ./drivers/fsl_clock.o
 .text.OSC_SetCapLoad
                0x000000000000756a       0x34 ./drivers/fsl_clock.o
 .text.CLOCK_GetPll0RefFreq
                0x000000000000759e        0xe ./drivers/fsl_clock.o
 .text.CLOCK_GetFixedFreqClkFreq
                0x00000000000075ac       0x2e ./drivers/fsl_clock.o
                0x00000000000075ac                CLOCK_GetFixedFreqClkFreq
 .text.CLOCK_EnableClock
                0x00000000000075da       0x34 ./drivers/fsl_dmamux.o
 .text.CLOCK_EnableClock
                0x000000000000760e       0x34 ./drivers/fsl_dspi.o
 .text.DSPI_Enable
                0x0000000000007642       0x38 ./drivers/fsl_dspi.o
 .text.DSPI_SetMasterSlaveMode
                0x000000000000767a       0x2a ./drivers/fsl_dspi.o
 .text.DSPI_IsMaster
                0x00000000000076a4       0x1c ./drivers/fsl_dspi.o
 .text.DSPI_StartTransfer
                0x00000000000076c0       0x20 ./drivers/fsl_dspi.o
 .text.DSPI_StopTransfer
                0x00000000000076e0       0x20 ./drivers/fsl_dspi.o
 .text.DSPI_SetOnePcsPolarity
                0x0000000000007700       0x4e ./drivers/fsl_dspi.o
 .text.DSPI_MasterSetDelayScaler
                0x000000000000774e       0xdc ./drivers/fsl_dspi.o
                0x000000000000774e                DSPI_MasterSetDelayScaler
 .text.DSPI_ClearStatusFlags
                0x000000000000782a       0x1c ./drivers/fsl_dspi_edma.o
 .text.DSPI_EnableDMA
                0x0000000000007846       0x22 ./drivers/fsl_dspi_edma.o
 .text.DSPI_DisableDMA
                0x0000000000007868       0x24 ./drivers/fsl_dspi_edma.o
 .text.DSPI_MasterGetTxRegisterAddress
                0x000000000000788c       0x18 ./drivers/fsl_dspi_edma.o
 .text.DSPI_GetRxRegisterAddress
                0x00000000000078a4       0x18 ./drivers/fsl_dspi_edma.o
 .text.DSPI_StartTransfer
                0x00000000000078bc       0x20 ./drivers/fsl_dspi_edma.o
 .text.DSPI_StopTransfer
                0x00000000000078dc       0x20 ./drivers/fsl_dspi_edma.o
 .text.DSPI_FlushFifo
                0x00000000000078fc       0x3c ./drivers/fsl_dspi_edma.o
 .text.DSPI_MasterGetFormattedCommand
                0x0000000000007938       0x4a ./drivers/fsl_dspi_edma.o
 .text.CLOCK_EnableClock
                0x0000000000007982       0x34 ./drivers/fsl_edma.o
 .text.EnableIRQ
                0x00000000000079b6       0x2c ./drivers/fsl_edma.o
 .text.DisableGlobalIRQ
                0x00000000000079e2       0x20 ./drivers/fsl_edma.o
 .text.EnableGlobalIRQ
                0x0000000000007a02       0x1e ./drivers/fsl_edma.o
 .text.FTM_ClearStatusFlags
                0x0000000000007a20       0x68 ./drivers/fsl_ftm.o
                0x0000000000007a20                FTM_ClearStatusFlags
 .text.GPIO_PinWrite
                0x0000000000007a88       0x36 ./drivers/fsl_gpio.o
 .text.I2C_MasterClearStatusFlags
                0x0000000000007abe       0x5a ./drivers/fsl_i2c.o
 .text.I2C_CheckAndClearError
                0x0000000000007b18       0x44 ./drivers/fsl_i2c.o
 .text.I2C_MasterStart
                0x0000000000007b5c       0x62 ./drivers/fsl_i2c.o
                0x0000000000007b5c                I2C_MasterStart
 .text.I2C_MasterRepeatedStart
                0x0000000000007bbe       0x9a ./drivers/fsl_i2c.o
                0x0000000000007bbe                I2C_MasterRepeatedStart
 .text.I2C_MasterStop
                0x0000000000007c58       0x3a ./drivers/fsl_i2c.o
                0x0000000000007c58                I2C_MasterStop
 .text.I2C_MasterGetStatusFlags
                0x0000000000007c92       0x4a ./drivers/fsl_i2c.o
                0x0000000000007c92                I2C_MasterGetStatusFlags
 .text.I2C_MasterWriteBlocking
                0x0000000000007cdc       0xdc ./drivers/fsl_i2c.o
                0x0000000000007cdc                I2C_MasterWriteBlocking
 .text.I2C_MasterReadBlocking
                0x0000000000007db8       0xdc ./drivers/fsl_i2c.o
                0x0000000000007db8                I2C_MasterReadBlocking
 .text.CLOCK_EnableClock
                0x0000000000007e94       0x34 ./drivers/fsl_rnga.o
 .text.CLOCK_DisableClock
                0x0000000000007ec8       0x38 ./drivers/fsl_rnga.o
 .text.rnga_ReadEntropy
                0x0000000000007f00       0x36 ./drivers/fsl_rnga.o
 .text.RNGA_GetRandomData
                0x0000000000007f36       0x88 ./drivers/fsl_rnga.o
                0x0000000000007f36                RNGA_GetRandomData
 .text.RNGA_GetMode
                0x0000000000007fbe       0x20 ./drivers/fsl_rnga.o
                0x0000000000007fbe                RNGA_GetMode
 .text.CLOCK_EnableClock
                0x0000000000007fde       0x34 ./drivers/fsl_tpm.o
 .text.TPM_EnableInterrupts
                0x0000000000008012       0x70 ./drivers/fsl_tpm.o
                0x0000000000008012                TPM_EnableInterrupts
 .text.CLOCK_EnableClock
                0x0000000000008082       0x34 ./drivers/fsl_uart.o
 .text.UART_GetStatusFlags
                0x00000000000080b6       0x46 ./drivers/fsl_uart.o
                0x00000000000080b6                UART_GetStatusFlags
 .text.UART0_RX_TX_DriverIRQHandler
                0x00000000000080fc       0x10 ./drivers/fsl_uart.o
                0x00000000000080fc                UART0_RX_TX_DriverIRQHandler
 .text.UART2_RX_TX_DriverIRQHandler
                0x000000000000810c       0x10 ./drivers/fsl_uart.o
                0x000000000000810c                UART2_RX_TX_DriverIRQHandler
 .text.UART3_RX_TX_DriverIRQHandler
                0x000000000000811c       0x10 ./drivers/fsl_uart.o
                0x000000000000811c                UART3_RX_TX_DriverIRQHandler
 .text.UART4_RX_TX_DriverIRQHandler
                0x000000000000812c       0x10 ./drivers/fsl_uart.o
                0x000000000000812c                UART4_RX_TX_DriverIRQHandler
 .text.SystemInitHook
                0x000000000000813c        0xe ./device/system_MK66F18.o
                0x000000000000813c                SystemInitHook
 .text.HAL_UartGetStatus
                0x000000000000814a       0x22 ./component/uart/uart_adapter.o
 .text.BOARD_InitDebugConsole
                0x000000000000816c       0x22 ./board/board.o
                0x000000000000816c                BOARD_InitDebugConsole
 .text.__main   0x000000000000818e        0xe /usr/local/mcuxpressoide-11.0.0_2516/ide/plugins/com.nxp.mcuxpresso.tools.linux_11.0.0.201905131304/tools/bin/../lib/gcc/arm-none-eabi/8.2.1/../../../../arm-none-eabi/lib/thumb/v7e-m+fp/hard/libcr_semihost_nf.a(_cr__main.o)
                0x000000000000818e                __main
                0x000000000000818e                __CR_SEMIHOST
 .text.memset   0x000000000000819c        0x4 /usr/local/mcuxpressoide-11.0.0_2516/ide/plugins/com.nxp.mcuxpresso.tools.linux_11.0.0.201905131304/tools/bin/../lib/gcc/arm-none-eabi/8.2.1/../../../../arm-none-eabi/lib/thumb/v7e-m+fp/hard/libcr_c.a(memset.o)
                0x000000000000819c                memset
 .text._deferredlazyseek
                0x00000000000081a0       0x40 /usr/local/mcuxpressoide-11.0.0_2516/ide/plugins/com.nxp.mcuxpresso.tools.linux_11.0.0.201905131304/tools/bin/../lib/gcc/arm-none-eabi/8.2.1/../../../../arm-none-eabi/lib/thumb/v7e-m+fp/hard/libcr_c.a(_deferredlazyseek.o)
                0x00000000000081a0                _deferredlazyseek
 .text.__flsbuf
                0x00000000000081e0      0x140 /usr/local/mcuxpressoide-11.0.0_2516/ide/plugins/com.nxp.mcuxpresso.tools.linux_11.0.0.201905131304/tools/bin/../lib/gcc/arm-none-eabi/8.2.1/../../../../arm-none-eabi/lib/thumb/v7e-m+fp/hard/libcr_c.a(_deferredlazyseek.o)
                0x00000000000081e0                __flsbuf
 .text._fflush  0x0000000000008320       0x52 /usr/local/mcuxpressoide-11.0.0_2516/ide/plugins/com.nxp.mcuxpresso.tools.linux_11.0.0.201905131304/tools/bin/../lib/gcc/arm-none-eabi/8.2.1/../../../../arm-none-eabi/lib/thumb/v7e-m+fp/hard/libcr_c.a(_fflush.o)
                0x0000000000008320                _fflush
 .text.free     0x0000000000008372       0x30 /usr/local/mcuxpressoide-11.0.0_2516/ide/plugins/com.nxp.mcuxpresso.tools.linux_11.0.0.201905131304/tools/bin/../lib/gcc/arm-none-eabi/8.2.1/../../../../arm-none-eabi/lib/thumb/v7e-m+fp/hard/libcr_c.a(alloc.o)
                0x0000000000008372                free
 .text.fputs    0x00000000000083a2       0x2c /usr/local/mcuxpressoide-11.0.0_2516/ide/plugins/com.nxp.mcuxpresso.tools.linux_11.0.0.201905131304/tools/bin/../lib/gcc/arm-none-eabi/8.2.1/../../../../arm-none-eabi/lib/thumb/v7e-m+fp/hard/libcr_c.a(fputs.o)
                0x00000000000083a2                fputs
 .text.no_fp_display
                0x00000000000083ce        0x4 /usr/local/mcuxpressoide-11.0.0_2516/ide/plugins/com.nxp.mcuxpresso.tools.linux_11.0.0.201905131304/tools/bin/../lib/gcc/arm-none-eabi/8.2.1/../../../../arm-none-eabi/lib/thumb/v7e-m+fp/hard/libcr_c.a(printf.o)
 .text.strlen   0x00000000000083d2       0x4c /usr/local/mcuxpressoide-11.0.0_2516/ide/plugins/com.nxp.mcuxpresso.tools.linux_11.0.0.201905131304/tools/bin/../lib/gcc/arm-none-eabi/8.2.1/../../../../arm-none-eabi/lib/thumb/v7e-m+fp/hard/libcr_c.a(strlen.o)
                0x00000000000083d2                strlen
 .text._fdopen  0x000000000000841e       0x68 /usr/local/mcuxpressoide-11.0.0_2516/ide/plugins/com.nxp.mcuxpresso.tools.linux_11.0.0.201905131304/tools/bin/../lib/gcc/arm-none-eabi/8.2.1/../../../../arm-none-eabi/lib/thumb/v7e-m+fp/hard/libcr_c.a(_fdopen.o)
                0x000000000000841e                _fdopen
 .text.fclose   0x0000000000008486       0x58 /usr/local/mcuxpressoide-11.0.0_2516/ide/plugins/com.nxp.mcuxpresso.tools.linux_11.0.0.201905131304/tools/bin/../lib/gcc/arm-none-eabi/8.2.1/../../../../arm-none-eabi/lib/thumb/v7e-m+fp/hard/libcr_c.a(fclose.o)
                0x0000000000008486                fclose
 .text.remove   0x00000000000084de       0x14 /usr/local/mcuxpressoide-11.0.0_2516/ide/plugins/com.nxp.mcuxpresso.tools.linux_11.0.0.201905131304/tools/bin/../lib/gcc/arm-none-eabi/8.2.1/../../../../arm-none-eabi/lib/thumb/v7e-m+fp/hard/libcr_c.a(remove.o)
                0x00000000000084de                remove
 .text._do_fflush
                0x00000000000084f2       0x40 /usr/local/mcuxpressoide-11.0.0_2516/ide/plugins/com.nxp.mcuxpresso.tools.linux_11.0.0.201905131304/tools/bin/../lib/gcc/arm-none-eabi/8.2.1/../../../../arm-none-eabi/lib/thumb/v7e-m+fp/hard/libcr_c.a(_do_fflush.o)
                0x00000000000084f2                _do_fflush
 .text.__aeabi_division_uldivmod
                0x0000000000008532      0x174 /usr/local/mcuxpressoide-11.0.0_2516/ide/plugins/com.nxp.mcuxpresso.tools.linux_11.0.0.201905131304/tools/bin/../lib/gcc/arm-none-eabi/8.2.1/thumb/v7e-m+fp/hard/libcr_eabihelpers.a(division_64.o)
                0x0000000000008532                __aeabi_uldivmod
                0x0000000000008536                __bhs_ldivmod1
 .text.__aeabi_division_idiv0
                0x00000000000086a6        0x2 /usr/local/mcuxpressoide-11.0.0_2516/ide/plugins/com.nxp.mcuxpresso.tools.linux_11.0.0.201905131304/tools/bin/../lib/gcc/arm-none-eabi/8.2.1/thumb/v7e-m+fp/hard/libcr_eabihelpers.a(division_idiv0.o)
                0x00000000000086a6                __aeabi_idiv0
 .text.__aeabi_memset_lowlevel
                0x00000000000086a8       0x32 /usr/local/mcuxpressoide-11.0.0_2516/ide/plugins/com.nxp.mcuxpresso.tools.linux_11.0.0.201905131304/tools/bin/../lib/gcc/arm-none-eabi/8.2.1/thumb/v7e-m+fp/hard/libcr_eabihelpers.a(memcpy.o)
                0x00000000000086a8                __aeabi_lowlevel_memset
 .text.__sys_close
                0x00000000000086da        0xc /usr/local/mcuxpressoide-11.0.0_2516/ide/plugins/com.nxp.mcuxpresso.tools.linux_11.0.0.201905131304/tools/bin/../lib/gcc/arm-none-eabi/8.2.1/../../../../arm-none-eabi/lib/thumb/v7e-m+fp/hard/libcr_semihost_nf.a(__sys_close.o)
                0x00000000000086da                __sys_close
 .text.__sys_flen
                0x00000000000086e6        0xc /usr/local/mcuxpressoide-11.0.0_2516/ide/plugins/com.nxp.mcuxpresso.tools.linux_11.0.0.201905131304/tools/bin/../lib/gcc/arm-none-eabi/8.2.1/../../../../arm-none-eabi/lib/thumb/v7e-m+fp/hard/libcr_semihost_nf.a(__sys_flen.o)
                0x00000000000086e6                __sys_flen
 .text.__sys_istty
                0x00000000000086f2        0xc /usr/local/mcuxpressoide-11.0.0_2516/ide/plugins/com.nxp.mcuxpresso.tools.linux_11.0.0.201905131304/tools/bin/../lib/gcc/arm-none-eabi/8.2.1/../../../../arm-none-eabi/lib/thumb/v7e-m+fp/hard/libcr_semihost_nf.a(__sys_istty.o)
                0x00000000000086f2                __sys_istty
 .text.__sys_remove
                0x00000000000086fe        0xc /usr/local/mcuxpressoide-11.0.0_2516/ide/plugins/com.nxp.mcuxpresso.tools.linux_11.0.0.201905131304/tools/bin/../lib/gcc/arm-none-eabi/8.2.1/../../../../arm-none-eabi/lib/thumb/v7e-m+fp/hard/libcr_semihost_nf.a(__sys_remove.o)
                0x00000000000086fe                __sys_remove
 .text.__sys_seek
                0x000000000000870a        0xc /usr/local/mcuxpressoide-11.0.0_2516/ide/plugins/com.nxp.mcuxpresso.tools.linux_11.0.0.201905131304/tools/bin/../lib/gcc/arm-none-eabi/8.2.1/../../../../arm-none-eabi/lib/thumb/v7e-m+fp/hard/libcr_semihost_nf.a(__sys_seek.o)
                0x000000000000870a                __sys_seek
 .text.__sys_tmpnam
                0x0000000000008716        0xc /usr/local/mcuxpressoide-11.0.0_2516/ide/plugins/com.nxp.mcuxpresso.tools.linux_11.0.0.201905131304/tools/bin/../lib/gcc/arm-none-eabi/8.2.1/../../../../arm-none-eabi/lib/thumb/v7e-m+fp/hard/libcr_semihost_nf.a(__sys_tmpnam.o)
                0x0000000000008716                __sys_tmpnam
 .text.__sys_write
                0x0000000000008722        0xc /usr/local/mcuxpressoide-11.0.0_2516/ide/plugins/com.nxp.mcuxpresso.tools.linux_11.0.0.201905131304/tools/bin/../lib/gcc/arm-none-eabi/8.2.1/../../../../arm-none-eabi/lib/thumb/v7e-m+fp/hard/libcr_semihost_nf.a(__sys_write.o)
                0x0000000000008722                __sys_write
 *(SORT_BY_ALIGNMENT(.rodata) SORT_BY_ALIGNMENT(.rodata.*) SORT_BY_ALIGNMENT(.constdata) SORT_BY_ALIGNMENT(.constdata.*))
 *fill*         0x000000000000872e        0x2 ff
 .rodata        0x0000000000008730      0x1b7 ./utilities/fsl_debug_console.o
 *fill*         0x00000000000088e7        0x1 ff
 .rodata        0x00000000000088e8       0x1a ./source/controller.o
 *fill*         0x0000000000008902        0x2 ff
 .rodata        0x0000000000008904       0xce ./source/leds.o
 *fill*         0x00000000000089d2        0x2 ff
 .rodata        0x00000000000089d4       0x80 ./source/msgeq07.o
 .rodata        0x0000000000008a54        0xf ./source/random.o
 *fill*         0x0000000000008a63        0x1 ff
 .rodata        0x0000000000008a64       0x81 ./source/rtc.o
 *fill*         0x0000000000008ae5        0x3 ff
 .rodata.s_adc16Bases
                0x0000000000008ae8        0x8 ./drivers/fsl_adc16.o
 .rodata.s_adc16Clocks
                0x0000000000008af0        0x8 ./drivers/fsl_adc16.o
 .rodata        0x0000000000008af8      0x13a ./drivers/fsl_adc16.o
 *fill*         0x0000000000008c32        0x2 ff
 .rodata        0x0000000000008c34      0x2a1 ./drivers/fsl_clock.o
 *fill*         0x0000000000008ed5        0x3 ff
 .rodata.fllFactorTable.8252
                0x0000000000008ed8       0x10 ./drivers/fsl_clock.o
 .rodata        0x0000000000008ee8       0x42 ./drivers/fsl_dmamux.o
 *fill*         0x0000000000008f2a        0x2 ff
 .rodata.s_baudratePrescaler
                0x0000000000008f2c       0x10 ./drivers/fsl_dspi.o
 .rodata.s_baudrateScaler
                0x0000000000008f3c       0x40 ./drivers/fsl_dspi.o
 .rodata.s_delayPrescaler
                0x0000000000008f7c       0x10 ./drivers/fsl_dspi.o
 .rodata.s_delayScaler
                0x0000000000008f8c       0x40 ./drivers/fsl_dspi.o
 .rodata.s_dspiBases
                0x0000000000008fcc        0xc ./drivers/fsl_dspi.o
 .rodata.s_dspiClock
                0x0000000000008fd8        0xc ./drivers/fsl_dspi.o
 .rodata        0x0000000000008fe4      0x509 ./drivers/fsl_dspi.o
 *fill*         0x00000000000094ed        0x3 ff
 .rodata        0x00000000000094f0      0x4c1 ./drivers/fsl_dspi_edma.o
 *fill*         0x00000000000099b1        0x3 ff
 .rodata.s_edmaIRQNumber
                0x00000000000099b4       0x20 ./drivers/fsl_edma.o
 .rodata        0x00000000000099d4      0xbf0 ./drivers/fsl_edma.o
 .rodata        0x000000000000a5c4       0x63 ./drivers/fsl_gpio.o
 *fill*         0x000000000000a627        0x1 ff
 .rodata        0x000000000000a628      0x2fa ./drivers/fsl_i2c.o
 *fill*         0x000000000000a922        0x2 ff
 .rodata.s_tpmBases
                0x000000000000a924        0xc ./drivers/fsl_tpm.o
 .rodata.s_tpmClocks
                0x000000000000a930        0xc ./drivers/fsl_tpm.o
 .rodata        0x000000000000a93c      0x357 ./drivers/fsl_tpm.o
 *fill*         0x000000000000ac93        0x1 ff
 .rodata.s_uartBases
                0x000000000000ac94       0x14 ./drivers/fsl_uart.o
 .rodata.s_uartClock
                0x000000000000aca8       0x14 ./drivers/fsl_uart.o
 .rodata        0x000000000000acbc      0x514 ./drivers/fsl_uart.o
 .rodata.s_UartAdapterBase
                0x000000000000b1d0       0x14 ./component/uart/uart_adapter.o
 .rodata        0x000000000000b1e4      0x25e ./component/uart/uart_adapter.o
 *fill*         0x000000000000b442        0x2 ff
 .rodata        0x000000000000b444      0x521 ./component/serial_manager/serial_manager.o
 *fill*         0x000000000000b965        0x3 ff
 .rodata        0x000000000000b968      0x244 ./component/serial_manager/serial_port_uart.o
 .rodata.mcgConfig_BOARD_BootClockRUN
                0x000000000000bbac        0xc ./board/clock_config.o
                0x000000000000bbac                mcgConfig_BOARD_BootClockRUN
 .rodata.simConfig_BOARD_BootClockRUN
                0x000000000000bbb8        0x8 ./board/clock_config.o
                0x000000000000bbb8                simConfig_BOARD_BootClockRUN
 .rodata.oscConfig_BOARD_BootClockRUN
                0x000000000000bbc0        0x8 ./board/clock_config.o
                0x000000000000bbc0                oscConfig_BOARD_BootClockRUN
 .rodata.__num_Ciob_streams
                0x000000000000bbc8        0x4 /usr/local/mcuxpressoide-11.0.0_2516/ide/plugins/com.nxp.mcuxpresso.tools.linux_11.0.0.201905131304/tools/bin/../lib/gcc/arm-none-eabi/8.2.1/../../../../arm-none-eabi/lib/thumb/v7e-m+fp/hard/libcr_semihost_nf.a(__ciob.o)
                0x000000000000bbc8                __num_Ciob_streams
 .rodata.__assertion_failed.str1.1
                0x000000000000bbcc       0x15 /usr/local/mcuxpressoide-11.0.0_2516/ide/plugins/com.nxp.mcuxpresso.tools.linux_11.0.0.201905131304/tools/bin/../lib/gcc/arm-none-eabi/8.2.1/../../../../arm-none-eabi/lib/thumb/v7e-m+fp/hard/libcr_semihost_nf.a(_cr_assert.o)
 .rodata._Csys_alloc.str1.1
                0x000000000000bbe1       0x18 /usr/local/mcuxpressoide-11.0.0_2516/ide/plugins/com.nxp.mcuxpresso.tools.linux_11.0.0.201905131304/tools/bin/../lib/gcc/arm-none-eabi/8.2.1/../../../../arm-none-eabi/lib/thumb/v7e-m+fp/hard/libcr_c.a(alloc.o)
 .rodata._initio.str1.1
                0x000000000000bbf9        0x4 /usr/local/mcuxpressoide-11.0.0_2516/ide/plugins/com.nxp.mcuxpresso.tools.linux_11.0.0.201905131304/tools/bin/../lib/gcc/arm-none-eabi/8.2.1/../../../../arm-none-eabi/lib/thumb/v7e-m+fp/hard/libcr_c.a(initio.o)
 .rodata.__vfprintf.str1.1
                0x000000000000bbfd       0x35 /usr/local/mcuxpressoide-11.0.0_2516/ide/plugins/com.nxp.mcuxpresso.tools.linux_11.0.0.201905131304/tools/bin/../lib/gcc/arm-none-eabi/8.2.1/../../../../arm-none-eabi/lib/thumb/v7e-m+fp/hard/libcr_c.a(printf.o)
                                         0x38 (size before relaxing)
                0x000000000000bc38                . = ALIGN (0x8)
 *fill*         0x000000000000bc32        0x6 ff

.glue_7         0x000000000000bc38        0x0
 .glue_7        0x000000000000bc38        0x0 linker stubs

.glue_7t        0x000000000000bc38        0x0
 .glue_7t       0x000000000000bc38        0x0 linker stubs

.vfp11_veneer   0x000000000000bc38        0x0
 .vfp11_veneer  0x000000000000bc38        0x0 linker stubs

.v4_bx          0x000000000000bc38        0x0
 .v4_bx         0x000000000000bc38        0x0 linker stubs

.iplt           0x000000000000bc38        0x0
 .iplt          0x000000000000bc38        0x0 ./utilities/fsl_debug_console.o

.rel.dyn        0x000000000000bc38        0x0
 .rel.iplt      0x000000000000bc38        0x0 ./utilities/fsl_debug_console.o

.ARM.extab
 *(SORT_BY_ALIGNMENT(.ARM.extab*) SORT_BY_ALIGNMENT(.gnu.linkonce.armextab.*))
                0x000000000000bc38                __exidx_start = .

.ARM.exidx
 *(SORT_BY_ALIGNMENT(.ARM.exidx*) SORT_BY_ALIGNMENT(.gnu.linkonce.armexidx.*))
                0x000000000000bc38                __exidx_end = .
                0x000000000000bc38                _etext = .

.m_usb_data
 *(SORT_BY_ALIGNMENT(m_usb_bdt))

.data_RAM2      0x000000001fff0000        0x0 load address 0x000000000000bc38
 FILL mask 0xff
                [!provide]                        PROVIDE (__start_data_RAM2 = .)
 *(SORT_BY_ALIGNMENT(.ramfunc.$RAM2))
 *(SORT_BY_ALIGNMENT(.ramfunc.$SRAM_LOWER))
 *(SORT_BY_ALIGNMENT(.data.$RAM2))
 *(SORT_BY_ALIGNMENT(.data.$SRAM_LOWER))
 *(SORT_BY_ALIGNMENT(.data.$RAM2.*))
 *(SORT_BY_ALIGNMENT(.data.$SRAM_LOWER.*))
                0x000000001fff0000                . = ALIGN (0x8)
                [!provide]                        PROVIDE (__end_data_RAM2 = .)

.data_RAM3      0x0000000014000000        0x0 load address 0x000000000000bc38
 FILL mask 0xff
                [!provide]                        PROVIDE (__start_data_RAM3 = .)
 *(SORT_BY_ALIGNMENT(.ramfunc.$RAM3))
 *(SORT_BY_ALIGNMENT(.ramfunc.$FLEX_RAM))
 *(SORT_BY_ALIGNMENT(.data.$RAM3))
 *(SORT_BY_ALIGNMENT(.data.$FLEX_RAM))
 *(SORT_BY_ALIGNMENT(.data.$RAM3.*))
 *(SORT_BY_ALIGNMENT(.data.$FLEX_RAM.*))
                0x0000000014000000                . = ALIGN (0x8)
                [!provide]                        PROVIDE (__end_data_RAM3 = .)

.uninit_RESERVED
                0x0000000020000000        0x0
                0x0000000020000000                . = ALIGN (0x8)
 *(SORT_BY_ALIGNMENT(.bss.$RESERVED*))
                0x0000000020000000                . = ALIGN (0x8)
                0x0000000020000000                _end_uninit_RESERVED = .

.data           0x0000000020000000       0x60 load address 0x000000000000bc38
 FILL mask 0xff
                0x0000000020000000                _data = .
 *(SORT_BY_ALIGNMENT(vtable))
 *(SORT_BY_ALIGNMENT(.ramfunc*))
 *(SORT_BY_ALIGNMENT(.data*))
 .data.events   0x0000000020000000       0x28 ./source/controller.o
                0x0000000020000000                events
 .data.patterns
                0x0000000020000028       0x10 ./source/pattern.o
                0x0000000020000028                patterns
 .data.randomPatterns
                0x0000000020000038       0x14 ./source/pattern.o
                0x0000000020000038                randomPatterns
 .data.sparkle_currentHsv
                0x000000002000004c        0x3 ./source/pattern.o
                0x000000002000004c                sparkle_currentHsv
 *fill*         0x000000002000004f        0x1 ff
 .data.s_slowIrcFreq
                0x0000000020000050        0x4 ./drivers/fsl_clock.o
 .data.s_fastIrcFreq
                0x0000000020000054        0x4 ./drivers/fsl_clock.o
 .data.SystemCoreClock
                0x0000000020000058        0x4 ./device/system_MK66F18.o
                0x0000000020000058                SystemCoreClock
                0x0000000020000060                . = ALIGN (0x8)
 *fill*         0x000000002000005c        0x4 ff
                0x0000000020000060                _edata = .

.igot.plt       0x0000000020000060        0x0 load address 0x000000000000bc98
 .igot.plt      0x0000000020000060        0x0 ./utilities/fsl_debug_console.o

.bss_RAM2       0x000000001fff0000        0x0
                0x000000001fff0000                . = ALIGN (0x8)
                [!provide]                        PROVIDE (__start_bss_RAM2 = .)
 *(SORT_BY_ALIGNMENT(.bss.$RAM2))
 *(SORT_BY_ALIGNMENT(.bss.$SRAM_LOWER))
 *(SORT_BY_ALIGNMENT(.bss.$RAM2.*))
 *(SORT_BY_ALIGNMENT(.bss.$SRAM_LOWER.*))
                0x000000001fff0000                . = ALIGN ((. != 0x0)?0x8:0x1)
                [!provide]                        PROVIDE (__end_bss_RAM2 = .)

.bss_RAM3       0x0000000014000000        0x0
                0x0000000014000000                . = ALIGN (0x8)
                [!provide]                        PROVIDE (__start_bss_RAM3 = .)
 *(SORT_BY_ALIGNMENT(.bss.$RAM3))
 *(SORT_BY_ALIGNMENT(.bss.$FLEX_RAM))
 *(SORT_BY_ALIGNMENT(.bss.$RAM3.*))
 *(SORT_BY_ALIGNMENT(.bss.$FLEX_RAM.*))
                0x0000000014000000                . = ALIGN ((. != 0x0)?0x8:0x1)
                [!provide]                        PROVIDE (__end_bss_RAM3 = .)

.bss            0x0000000020000060     0x2eb0
                0x0000000020000060                . = ALIGN (0x8)
                0x0000000020000060                _bss = .
 *(SORT_BY_ALIGNMENT(.bss*))
 .bss.s_debugConsoleState
                0x0000000020000060       0x1c ./utilities/fsl_debug_console.o
 .bss.g_serialHandle
                0x000000002000007c        0x4 ./utilities/fsl_debug_console.o
                0x000000002000007c                g_serialHandle
 .bss.commandIndex
                0x0000000020000080        0x4 ./source/controller.o
                0x0000000020000080                commandIndex
 .bss.direction
                0x0000000020000084       0x1b ./source/cursor.o
                0x0000000020000084                direction
 *fill*         0x000000002000009f        0x1 
 .bss.stepsLeft
                0x00000000200000a0       0x6c ./source/cursor.o
                0x00000000200000a0                stepsLeft
 .bss.r         0x000000002000010c       0x6c ./source/cursor.o
                0x000000002000010c                r
 .bss.linecolors
                0x0000000020000178       0x51 ./source/cursor.o
                0x0000000020000178                linecolors
 *fill*         0x00000000200001c9        0x3 
 .bss.dspiEdmaMasterRxRegToRxDataHandle
                0x00000000200001cc       0x18 ./source/leds.o
                0x00000000200001cc                dspiEdmaMasterRxRegToRxDataHandle
 .bss.dspiEdmaMasterTxDataToIntermediaryHandle
                0x00000000200001e4       0x18 ./source/leds.o
                0x00000000200001e4                dspiEdmaMasterTxDataToIntermediaryHandle
 .bss.dspiEdmaMasterIntermediaryToTxRegHandle
                0x00000000200001fc       0x18 ./source/leds.o
                0x00000000200001fc                dspiEdmaMasterIntermediaryToTxRegHandle
 .bss.dspi1EdmaMasterRxRegToRxDataHandle
                0x0000000020000214       0x18 ./source/leds.o
                0x0000000020000214                dspi1EdmaMasterRxRegToRxDataHandle
 .bss.dspi1EdmaMasterTxDataToIntermediaryHandle
                0x000000002000022c       0x18 ./source/leds.o
                0x000000002000022c                dspi1EdmaMasterTxDataToIntermediaryHandle
 .bss.dspi1EdmaMasterIntermediaryToTxRegHandle
                0x0000000020000244       0x18 ./source/leds.o
                0x0000000020000244                dspi1EdmaMasterIntermediaryToTxRegHandle
 .bss.dspi2EdmaMasterRxRegToRxDataHandle
                0x000000002000025c       0x18 ./source/leds.o
                0x000000002000025c                dspi2EdmaMasterRxRegToRxDataHandle
 .bss.dspi2EdmaMasterTxDataToIntermediaryHandle
                0x0000000020000274       0x18 ./source/leds.o
                0x0000000020000274                dspi2EdmaMasterTxDataToIntermediaryHandle
 .bss.dspi2EdmaMasterIntermediaryToTxRegHandle
                0x000000002000028c       0x18 ./source/leds.o
                0x000000002000028c                dspi2EdmaMasterIntermediaryToTxRegHandle
 .bss.g_dspi0_edma_m_handle
                0x00000000200002a4       0x80 ./source/leds.o
                0x00000000200002a4                g_dspi0_edma_m_handle
 .bss.g_dspi1_edma_m_handle
                0x0000000020000324       0x80 ./source/leds.o
                0x0000000020000324                g_dspi1_edma_m_handle
 .bss.g_dspi2_edma_m_handle
                0x00000000200003a4       0x80 ./source/leds.o
                0x00000000200003a4                g_dspi2_edma_m_handle
 .bss.spi0Xfer  0x0000000020000424       0x10 ./source/leds.o
                0x0000000020000424                spi0Xfer
 .bss.spi1Xfer  0x0000000020000434       0x10 ./source/leds.o
                0x0000000020000434                spi1Xfer
 .bss.spi2Xfer  0x0000000020000444       0x10 ./source/leds.o
                0x0000000020000444                spi2Xfer
 .bss.leds0     0x0000000020000454      0x9d8 ./source/leds.o
                0x0000000020000454                leds0
 .bss.leds1     0x0000000020000e2c      0x9d8 ./source/leds.o
                0x0000000020000e2c                leds1
 .bss.leds2     0x0000000020001804      0x9d8 ./source/leds.o
                0x0000000020001804                leds2
 .bss.currentPower
                0x00000000200021dc        0x4 ./source/leds.o
                0x00000000200021dc                currentPower
 .bss.tops      0x00000000200021e0       0x1b ./source/linetetris.o
                0x00000000200021e0                tops
 *fill*         0x00000000200021fb        0x1 
 .bss.positions
                0x00000000200021fc       0x1b ./source/linetetris.o
                0x00000000200021fc                positions
 *fill*         0x0000000020002217        0x1 
 .bss.size      0x0000000020002218       0x1b ./source/linetetris.o
                0x0000000020002218                size
 *fill*         0x0000000020002233        0x1 
 .bss.colors    0x0000000020002234       0x51 ./source/linetetris.o
                0x0000000020002234                colors
 *fill*         0x0000000020002285        0x3 
 .bss.flashing  0x0000000020002288       0x1b ./source/linetetris.o
                0x0000000020002288                flashing
 *fill*         0x00000000200022a3        0x1 
 .bss.off       0x00000000200022a4        0x3 ./source/linetetris.o
                0x00000000200022a4                off
 *fill*         0x00000000200022a7        0x1 
 .bss.lastCount