core_cm4.h:1677:22:__NVIC_EnableIRQ	16	static
fsl_clock.h:724:20:CLOCK_EnableClock	24	static
fsl_clock.h:735:20:CLOCK_DisableClock	24	static
fsl_common.h:414:28:EnableIRQ	16	static
fsl_common.h:482:28:DisableGlobalIRQ	16	static
fsl_common.h:509:24:EnableGlobalIRQ	24	static
fsl_edma.c:55:17:EDMA_GetInstance	24	static
fsl_edma.c:80:6:EDMA_InstallTCD	24	static
fsl_edma.c:112:6:EDMA_Init	24	static
fsl_edma.c:142:6:EDMA_Deinit	16	static
fsl_edma.c:164:6:EDMA_GetDefaultConfig	16	static
fsl_edma.c:188:6:EDMA_ResetChannel	16	static
fsl_edma.c:220:6:EDMA_SetTransferConfig	24	static
fsl_edma.c:239:6:EDMA_SetMinorOffsetConfig	32	static
fsl_edma.c:270:6:EDMA_SetChannelLink	24	static
fsl_edma.c:292:6:EDMA_SetBandWidth	24	static
fsl_edma.c:311:6:EDMA_SetModulo	32	static
fsl_edma.c:329:6:EDMA_EnableChannelInterrupts	24	static
fsl_edma.c:360:6:EDMA_DisableChannelInterrupts	24	static
fsl_edma.c:391:6:EDMA_TcdReset	16	static
fsl_edma.c:438:6:EDMA_TcdSetTransferConfig	24	static
fsl_edma.c:487:6:EDMA_TcdSetMinorOffsetConfig	24	static
fsl_edma.c:517:6:EDMA_TcdSetChannelLink	32	static
fsl_edma.c:567:6:EDMA_TcdSetModulo	24	static
fsl_edma.c:585:6:EDMA_TcdEnableInterrupts	16	static
fsl_edma.c:609:6:EDMA_TcdDisableInterrupts	16	static
fsl_edma.c:647:10:EDMA_GetRemainingMajorLoopCount	24	static
fsl_edma.c:683:10:EDMA_GetChannelStatusFlags	24	static
fsl_edma.c:707:6:EDMA_ClearChannelStatusFlags	24	static
fsl_edma.c:728:16:Get_StartInstance	8	static
fsl_edma.c:756:6:EDMA_CreateHandle	40	static
fsl_edma.c:811:6:EDMA_InstallTCDMemory	24	static
fsl_edma.c:835:6:EDMA_SetCallback	24	static
fsl_edma.c:860:6:EDMA_PrepareTransfer	24	static
fsl_edma.c:955:10:EDMA_SubmitTransfer	40	static
fsl_edma.c:1102:6:EDMA_StartTransfer	24	static
fsl_edma.c:1147:6:EDMA_StopTransfer	16	static
fsl_edma.c:1163:6:EDMA_AbortTransfer	16	static
fsl_edma.c:1212:6:EDMA_HandleIRQ	48	static
fsl_edma.c:1790:6:DMA0_DMA16_DriverIRQHandler	8	static
fsl_edma.c:1807:6:DMA1_DMA17_DriverIRQHandler	8	static
fsl_edma.c:1824:6:DMA2_DMA18_DriverIRQHandler	8	static
fsl_edma.c:1841:6:DMA3_DMA19_DriverIRQHandler	8	static
fsl_edma.c:1858:6:DMA4_DMA20_DriverIRQHandler	8	static
fsl_edma.c:1875:6:DMA5_DMA21_DriverIRQHandler	8	static
fsl_edma.c:1892:6:DMA6_DMA22_DriverIRQHandler	8	static
fsl_edma.c:1909:6:DMA7_DMA23_DriverIRQHandler	8	static
fsl_edma.c:1926:6:DMA8_DMA24_DriverIRQHandler	8	static
fsl_edma.c:1943:6:DMA9_DMA25_DriverIRQHandler	8	static
fsl_edma.c:1960:6:DMA10_DMA26_DriverIRQHandler	8	static
fsl_edma.c:1977:6:DMA11_DMA27_DriverIRQHandler	8	static
fsl_edma.c:1994:6:DMA12_DMA28_DriverIRQHandler	8	static
fsl_edma.c:2011:6:DMA13_DMA29_DriverIRQHandler	8	static
fsl_edma.c:2028:6:DMA14_DMA30_DriverIRQHandler	8	static
fsl_edma.c:2045:6:DMA15_DMA31_DriverIRQHandler	8	static
fsl_edma.c:2066:6:DMA0_0_4_DriverIRQHandler	8	static
fsl_edma.c:2083:6:DMA0_1_5_DriverIRQHandler	8	static
fsl_edma.c:2100:6:DMA0_2_6_DriverIRQHandler	8	static
fsl_edma.c:2117:6:DMA0_3_7_DriverIRQHandler	8	static
fsl_edma.c:2134:6:DMA0_8_12_DriverIRQHandler	8	static
fsl_edma.c:2151:6:DMA0_9_13_DriverIRQHandler	8	static
fsl_edma.c:2168:6:DMA0_10_14_DriverIRQHandler	8	static
fsl_edma.c:2185:6:DMA0_11_15_DriverIRQHandler	8	static
fsl_edma.c:2202:6:DMA0_16_20_DriverIRQHandler	8	static
fsl_edma.c:2219:6:DMA0_17_21_DriverIRQHandler	8	static
fsl_edma.c:2236:6:DMA0_18_22_DriverIRQHandler	8	static
fsl_edma.c:2253:6:DMA0_19_23_DriverIRQHandler	8	static
fsl_edma.c:2270:6:DMA0_24_28_DriverIRQHandler	8	static
fsl_edma.c:2287:6:DMA0_25_29_DriverIRQHandler	8	static
fsl_edma.c:2304:6:DMA0_26_30_DriverIRQHandler	8	static
fsl_edma.c:2321:6:DMA0_27_31_DriverIRQHandler	8	static
fsl_edma.c:2342:6:DMA0_DriverIRQHandler	8	static
fsl_edma.c:2352:6:DMA1_DriverIRQHandler	8	static
fsl_edma.c:2362:6:DMA2_DriverIRQHandler	8	static
fsl_edma.c:2372:6:DMA3_DriverIRQHandler	8	static
fsl_edma.c:2385:6:DMA4_DriverIRQHandler	8	static
fsl_edma.c:2395:6:DMA5_DriverIRQHandler	8	static
fsl_edma.c:2405:6:DMA6_DriverIRQHandler	8	static
fsl_edma.c:2415:6:DMA7_DriverIRQHandler	8	static
fsl_edma.c:2429:6:DMA8_DriverIRQHandler	8	static
fsl_edma.c:2439:6:DMA9_DriverIRQHandler	8	static
fsl_edma.c:2449:6:DMA10_DriverIRQHandler	8	static
fsl_edma.c:2459:6:DMA11_DriverIRQHandler	8	static
fsl_edma.c:2469:6:DMA12_DriverIRQHandler	8	static
fsl_edma.c:2479:6:DMA13_DriverIRQHandler	8	static
fsl_edma.c:2489:6:DMA14_DriverIRQHandler	8	static
fsl_edma.c:2499:6:DMA15_DriverIRQHandler	8	static
fsl_edma.c:2513:6:DMA16_DriverIRQHandler	8	static
fsl_edma.c:2523:6:DMA17_DriverIRQHandler	8	static
fsl_edma.c:2533:6:DMA18_DriverIRQHandler	8	static
fsl_edma.c:2543:6:DMA19_DriverIRQHandler	8	static
fsl_edma.c:2553:6:DMA20_DriverIRQHandler	8	static
fsl_edma.c:2563:6:DMA21_DriverIRQHandler	8	static
fsl_edma.c:2573:6:DMA22_DriverIRQHandler	8	static
fsl_edma.c:2583:6:DMA23_DriverIRQHandler	8	static
fsl_edma.c:2593:6:DMA24_DriverIRQHandler	8	static
fsl_edma.c:2603:6:DMA25_DriverIRQHandler	8	static
fsl_edma.c:2613:6:DMA26_DriverIRQHandler	8	static
fsl_edma.c:2623:6:DMA27_DriverIRQHandler	8	static
fsl_edma.c:2633:6:DMA28_DriverIRQHandler	8	static
fsl_edma.c:2643:6:DMA29_DriverIRQHandler	8	static
fsl_edma.c:2653:6:DMA30_DriverIRQHandler	8	static
fsl_edma.c:2663:6:DMA31_DriverIRQHandler	8	static
