core_cm4.h:1677:22:__NVIC_EnableIRQ	16	static
core_cm4.h:1713:22:__NVIC_DisableIRQ	16	static
fsl_clock.h:724:20:CLOCK_EnableClock	24	static
fsl_clock.h:735:20:CLOCK_DisableClock	24	static
fsl_common.h:414:28:EnableIRQ	16	static
fsl_common.h:452:28:DisableIRQ	16	static
fsl_dspi.h:510:20:DSPI_Enable	16	static
fsl_dspi.h:536:24:DSPI_GetStatusFlags	16	static
fsl_dspi.h:555:20:DSPI_ClearStatusFlags	16	static
fsl_dspi.h:595:20:DSPI_DisableInterrupts	16	static
fsl_dspi.h:701:20:DSPI_SetMasterSlaveMode	16	static
fsl_dspi.h:712:20:DSPI_IsMaster	16	static
fsl_dspi.h:723:20:DSPI_StartTransfer	16	static
fsl_dspi.h:734:20:DSPI_StopTransfer	16	static
fsl_dspi.h:763:20:DSPI_FlushFifo	16	static
fsl_dspi.h:944:24:DSPI_MasterGetFormattedCommand	16	static
fsl_dspi.h:1025:24:DSPI_ReadData	16	static
fsl_dspi.c:127:10:DSPI_GetInstance	24	static
fsl_dspi.c:151:6:DSPI_SetDummyData	24	static
fsl_dspi.c:185:6:DSPI_MasterInit	40	static
fsl_dspi.c:246:6:DSPI_MasterGetDefaultConfig	16	static
fsl_dspi.c:293:6:DSPI_SlaveInit	24	static
fsl_dspi.c:344:6:DSPI_SlaveGetDefaultConfig	16	static
fsl_dspi.c:366:6:DSPI_Deinit	16	static
fsl_dspi.c:377:13:DSPI_SetOnePcsPolarity	24	static
fsl_dspi.c:408:10:DSPI_MasterSetBaudRate	72	static
fsl_dspi.c:490:6:DSPI_MasterSetDelayScaler	24	static
fsl_dspi.c:541:10:DSPI_MasterSetDelayTimes	72	static
fsl_dspi.c:626:6:DSPI_GetDefaultDataCommandConfig	16	static
fsl_dspi.c:667:6:DSPI_MasterWriteDataBlocking	24	static
fsl_dspi.c:731:6:DSPI_MasterWriteCommandDataBlocking	16	static
fsl_dspi.c:760:6:DSPI_SlaveWriteDataBlocking	16	static
fsl_dspi.c:794:6:DSPI_EnableInterrupts	16	static
fsl_dspi.c:820:6:DSPI_MasterTransferCreateHandle	24	static
fsl_dspi.c:846:10:DSPI_MasterTransferBlocking	64	static
fsl_dspi.c:1106:13:DSPI_MasterTransferPrepare	32	static
fsl_dspi.c:1158:10:DSPI_MasterTransferNonBlocking	24	static
fsl_dspi.c:1211:10:DSPI_MasterHalfDuplexTransferBlocking	40	static
fsl_dspi.c:1278:10:DSPI_MasterHalfDuplexTransferNonBlocking	48	static
fsl_dspi.c:1344:10:DSPI_MasterTransferGetCount	24	static
fsl_dspi.c:1364:13:DSPI_MasterTransferComplete	32	static
fsl_dspi.c:1389:13:DSPI_MasterTransferFillUpTxFifo	24	static
fsl_dspi.c:1517:6:DSPI_MasterTransferAbort	16	static
fsl_dspi.c:1537:6:DSPI_MasterTransferHandleIRQ	24	static
fsl_dspi.c:1655:6:DSPI_SlaveTransferCreateHandle	24	static
fsl_dspi.c:1682:10:DSPI_SlaveTransferNonBlocking	32	static
fsl_dspi.c:1761:10:DSPI_SlaveTransferGetCount	24	static
fsl_dspi.c:1781:13:DSPI_SlaveTransferFillUpTxFifo	24	static
fsl_dspi.c:1869:13:DSPI_SlaveTransferComplete	32	static
fsl_dspi.c:1909:6:DSPI_SlaveTransferAbort	16	static
fsl_dspi.c:1932:6:DSPI_SlaveTransferHandleIRQ	32	static
fsl_dspi.c:2101:13:DSPI_CommonIRQHandler	16	static
fsl_dspi.c:2119:6:SPI0_DriverIRQHandler	8	static
fsl_dspi.c:2127:6:SPI1_DriverIRQHandler	8	static
fsl_dspi.c:2135:6:SPI2_DriverIRQHandler	8	static
