fsl_clock.h:724:20:CLOCK_EnableClock	24	static
fsl_clock.h:735:20:CLOCK_DisableClock	24	static
fsl_ftm.c:66:17:FTM_GetInstance	24	static
fsl_ftm.c:85:13:FTM_SetPwmSync	32	static
fsl_ftm.c:142:13:FTM_SetReloadPoints	24	static
fsl_ftm.c:213:10:FTM_Init	24	static
fsl_ftm.c:287:6:FTM_Deinit	16	static
fsl_ftm.c:318:6:FTM_GetDefaultConfig	16	static
fsl_ftm.c:367:10:FTM_SetupPwm	48	static
fsl_ftm.c:546:6:FTM_UpdatePwmDutycycle	24	static
fsl_ftm.c:591:6:FTM_UpdateChnlEdgeLevelSelect	24	static
fsl_ftm.c:618:10:FTM_SetupPwmMode	32	static
fsl_ftm.c:727:6:FTM_SetupInputCapture	32	static
fsl_ftm.c:774:6:FTM_SetupOutputCompare	32	static
fsl_ftm.c:819:6:FTM_SetupDualEdgeCapture	32	static
fsl_ftm.c:870:6:FTM_SetupQuadDecode	32	static
fsl_ftm.c:920:6:FTM_SetupFault	24	static
fsl_ftm.c:965:6:FTM_EnableInterrupts	24	static
fsl_ftm.c:1009:6:FTM_DisableInterrupts	24	static
fsl_ftm.c:1053:10:FTM_GetEnabledInterrupts	24	static
fsl_ftm.c:1101:10:FTM_GetStatusFlags	24	static
fsl_ftm.c:1141:6:FTM_ClearStatusFlags	16	static
