fsl_dspi.h:555:20:DSPI_ClearStatusFlags	16	static
fsl_dspi.h:620:20:DSPI_EnableDMA	16	static
fsl_dspi.h:636:20:DSPI_DisableDMA	16	static
fsl_dspi.h:649:24:DSPI_MasterGetTxRegisterAddress	16	static
fsl_dspi.h:662:24:DSPI_SlaveGetTxRegisterAddress	16	static
fsl_dspi.h:675:24:DSPI_GetRxRegisterAddress	16	static
fsl_dspi.h:723:20:DSPI_StartTransfer	16	static
fsl_dspi.h:734:20:DSPI_StopTransfer	16	static
fsl_dspi.h:763:20:DSPI_FlushFifo	16	static
fsl_dspi.h:944:24:DSPI_MasterGetFormattedCommand	16	static
fsl_edma.h:388:20:EDMA_SetChannelPreemptionConfig	24	static
fsl_edma.h:473:20:EDMA_EnableAutoStopRequest	24	static
fsl_dspi_edma.c:91:6:DSPI_MasterTransferCreateHandleEDMA	32	static
fsl_dspi_edma.c:133:10:DSPI_MasterTransferEDMA	152	static
fsl_dspi_edma.c:936:10:DSPI_MasterHalfDuplexTransferEDMA	48	static
fsl_dspi_edma.c:991:13:EDMA_DspiMasterCallback	40	static
fsl_dspi_edma.c:1022:6:DSPI_MasterTransferAbortEDMA	16	static
fsl_dspi_edma.c:1047:10:DSPI_MasterTransferGetCountEDMA	40	static
fsl_dspi_edma.c:1092:6:DSPI_SlaveTransferCreateHandleEDMA	32	static
fsl_dspi_edma.c:1131:10:DSPI_SlaveTransferEDMA	112	static
fsl_dspi_edma.c:1451:13:EDMA_DspiSlaveCallback	40	static
fsl_dspi_edma.c:1482:6:DSPI_SlaveTransferAbortEDMA	16	static
fsl_dspi_edma.c:1506:10:DSPI_SlaveTransferGetCountEDMA	40	static
