core_cm4.h:1677:22:__NVIC_EnableIRQ	16	static
fsl_clock.h:724:20:CLOCK_EnableClock	24	static
fsl_common.h:414:28:EnableIRQ	16	static
fsl_uart.h:538:20:UART_WriteByte	16	static
fsl_uart.h:552:23:UART_ReadByte	16	static
fsl_port.h:346:20:PORT_SetPinMux	24	static
controller.c:41:6:UART1_RX_TX_IRQHandler	16	static
controller.c:62:6:squareEvent	4	static
controller.c:65:6:triEvent	4	static
controller.c:68:6:circleEvent	4	static
controller.c:71:6:xEvent	4	static
controller.c:74:6:upEvent	4	static
controller.c:77:6:downEvent	4	static
controller.c:80:6:leftEvent	8	static
controller.c:83:6:rightEvent	8	static
controller.c:86:6:startEvent	4	static
controller.c:89:6:selectEvent	4	static
controller.c:93:6:previousMode	4	static
controller.c:102:6:nextMode	4	static
controller.c:112:6:initUartPins	8	static
controller.c:132:6:sendUart	24	static
controller.c:143:9:getMode	4	static
controller.c:147:6:initController	24	static
