core_cm4.h:1677:22:__NVIC_EnableIRQ	16	static
fsl_clock.h:724:20:CLOCK_EnableClock	24	static
fsl_clock.h:796:20:CLOCK_SetTpmClock	16	static
fsl_common.h:414:28:EnableIRQ	16	static
fsl_port.h:346:20:PORT_SetPinMux	24	static
fsl_adc16.h:360:20:ADC16_EnableHardwareTrigger	16	static
fsl_adc16.h:478:24:ADC16_GetChannelConversionValue	16	static
fsl_tpm.h:526:20:TPM_ClearStatusFlags	16	static
fsl_tpm.h:574:20:TPM_SetTimerPeriod	16	static
fsl_tpm.h:608:20:TPM_StartTimer	24	static
fsl_tpm.h:626:20:TPM_StopTimer	16	static
fsl_gpio.h:173:20:GPIO_PortSet	16	static
fsl_gpio.h:184:20:GPIO_PortClear	16	static
msgeq07.c:100:6:ADC1_IRQHandler	16	static
msgeq07.c:130:6:TPM2_IRQHandler	8	static
msgeq07.c:158:6:getFrequency	16	static
msgeq07.c:172:6:initMsgeq07Timer	24	static
msgeq07.c:190:6:initMsgEq07Pins	16	static
msgeq07.c:206:6:initMsgeq07Adc	24	static
msgeq07.c:232:6:setNextTimerInterrupt	32	static
msgeq07.c:239:6:setStrobePin	16	static
msgeq07.c:247:6:setResetPin	16	static
msgeq07.c:255:6:initMsgeq07	8	static
