core_cm4.h:1805:22:__NVIC_SetPriority	16	static
core_cm4.h:2011:26:SysTick_Config	16	static
pattern.c:91:6:SysTick_Handler	4	static
pattern.c:100:6:SysTick_DelayTicks	16	static
pattern.c:108:6:setLedHsv	40	static
pattern.c:121:6:setLedRgb	32	static
pattern.c:135:6:initPatterns	8	static
pattern.c:160:6:brightnessTestPattern	16	static
pattern.c:182:6:fadeOff	16	static
pattern.c:189:6:runPatterns	8	static
pattern.c:209:6:RandomPatterns	16	static
pattern.c:218:6:rainbowPattern	32	static
pattern.c:236:6:rainbowPatternSpeed	32	static
pattern.c:254:6:testPattern	32	static
pattern.c:287:6:raidalRainbow	24	static
pattern.c:298:6:line	24	static
pattern.c:308:6:theaterChase	24	static
pattern.c:320:6:theaterChase2	24	static
pattern.c:335:6:fade_all_and_set	32	static
pattern.c:354:6:sparkelPattern	32	static
pattern.c:380:6:steroVuMeterMiddleCallback	56	static
pattern.c:411:6:steroMiddleVuMeter	16	static
pattern.c:416:6:monoVuMeterMiddleCallback	56	static
pattern.c:459:6:monoVuMiddleMeter	16	static
pattern.c:464:6:monoVuMeterCallback	48	static
pattern.c:506:6:monoVuMeter	16	static
pattern.c:511:6:steroVuMeterCallback	48	static
pattern.c:552:6:steroVuMeter	16	static
pattern.c:658:6:RandomColorWhipe	24	static
pattern.c:672:6:ColorWhipe	24	static
