core_cm4.h:1805:22:__NVIC_SetPriority	16	static
core_cm4.h:2011:26:SysTick_Config	16	static
pattern.c:91:6:SysTick_Handler	4	static
pattern.c:100:6:SysTick_DelayTicks	16	static
pattern.c:108:6:setLedHsv	40	static
pattern.c:121:6:setLedRgb	32	static
pattern.c:135:6:initPatterns	8	static
pattern.c:161:6:brightnessTestPattern	16	static
pattern.c:183:6:fadeOff	16	static
pattern.c:190:6:runPatterns	8	static
pattern.c:210:6:RandomPatterns	16	static
pattern.c:219:6:rainbowPattern	32	static
pattern.c:237:6:rainbowPatternSpeed	32	static
pattern.c:255:6:testPattern	32	static
pattern.c:288:6:raidalRainbow	24	static
pattern.c:299:6:line	24	static
pattern.c:309:6:theaterChase	24	static
pattern.c:321:6:theaterChase2	24	static
pattern.c:336:6:fade_all_and_set	32	static
pattern.c:355:6:sparkelPattern	32	static
pattern.c:381:6:steroVuMeterMiddleCallback	56	static
pattern.c:412:6:steroMiddleVuMeter	16	static
pattern.c:417:6:monoVuMeterMiddleCallback	56	static
pattern.c:460:6:monoVuMiddleMeter	16	static
pattern.c:465:6:monoVuMeterCallback	48	static
pattern.c:507:6:monoVuMeter	16	static
pattern.c:512:6:steroVuMeterCallback	48	static
pattern.c:553:6:steroVuMeter	16	static
pattern.c:659:6:RandomColorWhipe	24	static
pattern.c:673:6:ColorWhipe	24	static
