fsl_port.h:243:20:PORT_SetPinConfig	32	static
rtc.c:72:6:initRtc	32	static
rtc.c:140:6:set12Hour	16	static
rtc.c:175:6:set24Hour	16	static
rtc.c:208:6:is12Hour	16	static
rtc.c:215:6:isPM	16	static
rtc.c:224:6:reset	8	static
rtc.c:231:9:status	8	static
rtc.c:237:7:stringDateUSA	24	static
rtc.c:245:8:stringDate	24	static
rtc.c:254:7:stringTime	32	static
rtc.c:271:7:stringTimeStamp	64	static
rtc.c:280:6:setTimeTime	16	static
rtc.c:288:6:setTime	32	static
rtc.c:316:6:setHundredths	16	static
rtc.c:322:6:setSeconds	16	static
rtc.c:328:6:setMinutes	16	static
rtc.c:334:6:setHours	16	static
rtc.c:340:6:setDate	16	static
rtc.c:346:6:setMonth	16	static
rtc.c:352:6:setYear	16	static
rtc.c:358:6:setWeekday	16	static
rtc.c:367:6:updateTime	8	static
rtc.c:377:9:getHundredths	8	static
rtc.c:382:9:getSeconds	8	static
rtc.c:387:9:getMinutes	8	static
rtc.c:392:9:getHours	8	static
rtc.c:397:9:getWeekday	8	static
rtc.c:402:9:getDate	8	static
rtc.c:407:9:getMonth	8	static
rtc.c:412:9:getYear	8	static
rtc.c:419:6:setToCompilerTime	24	static
rtc.c:462:6:setAlarmTime	16	static
rtc.c:471:6:setAlarm	32	static
rtc.c:490:6:enableSleep	16	static
rtc.c:498:6:setPowerSwitchFunction	24	static
rtc.c:507:6:setPowerSwitchLock	24	static
rtc.c:516:6:setStaticPowerSwitchOutput	24	static
rtc.c:533:6:enableInterrupt	24	static
rtc.c:540:6:disableInterrupt	24	static
rtc.c:565:6:setAlarmMode	24	static
rtc.c:576:6:setCountdownTimer	32	static
rtc.c:600:6:enableTrickleCharge	24	static
rtc.c:610:6:disableTrickleCharge	8	static
rtc.c:616:6:enableLowPower	8	static
rtc.c:651:6:enableBatteryInterrupt	16	static
rtc.c:658:6:checkBattery	24	static
rtc.c:668:6:setReferenceVoltage	24	static
rtc.c:691:6:setEdgeTrigger	24	static
rtc.c:700:6:clearInterrupts	8	static
rtc.c:705:9:BCDtoDEC	16	static
rtc.c:711:9:DECtoBCD	16	static
rtc.c:716:9:readRegister	48	static
rtc.c:732:6:writeRegister	48	static
rtc.c:747:6:writeMultipleRegisters	40	static
rtc.c:761:6:readMultipleRegisters	40	static
