startup_mk66f18.c:440:6:data_init	4	static
startup_mk66f18.c:449:6:bss_init	0	static
startup_mk66f18.c:474:6:ResetISR	8	static
startup_mk66f18.c:580:14:NMI_Handler	0	static
startup_mk66f18.c:584:14:HardFault_Handler	0	static
startup_mk66f18.c:588:14:MemManage_Handler	0	static
startup_mk66f18.c:592:14:BusFault_Handler	0	static
startup_mk66f18.c:596:14:UsageFault_Handler	0	static
startup_mk66f18.c:600:14:SVC_Handler	0	static
startup_mk66f18.c:604:14:DebugMon_Handler	0	static
startup_mk66f18.c:608:14:PendSV_Handler	0	static
startup_mk66f18.c:612:14:SysTick_Handler	0	static
startup_mk66f18.c:620:14:IntDefaultHandler	0	static
startup_mk66f18.c:630:11:DMA0_DMA16_IRQHandler	8	static
startup_mk66f18.c:634:11:DMA1_DMA17_IRQHandler	8	static
startup_mk66f18.c:638:11:DMA2_DMA18_IRQHandler	8	static
startup_mk66f18.c:642:11:DMA3_DMA19_IRQHandler	8	static
startup_mk66f18.c:646:11:DMA4_DMA20_IRQHandler	8	static
startup_mk66f18.c:650:11:DMA5_DMA21_IRQHandler	8	static
startup_mk66f18.c:654:11:DMA6_DMA22_IRQHandler	8	static
startup_mk66f18.c:658:11:DMA7_DMA23_IRQHandler	8	static
startup_mk66f18.c:662:11:DMA8_DMA24_IRQHandler	8	static
startup_mk66f18.c:666:11:DMA9_DMA25_IRQHandler	8	static
startup_mk66f18.c:670:11:DMA10_DMA26_IRQHandler	8	static
startup_mk66f18.c:674:11:DMA11_DMA27_IRQHandler	8	static
startup_mk66f18.c:678:11:DMA12_DMA28_IRQHandler	8	static
startup_mk66f18.c:682:11:DMA13_DMA29_IRQHandler	8	static
startup_mk66f18.c:686:11:DMA14_DMA30_IRQHandler	8	static
startup_mk66f18.c:690:11:DMA15_DMA31_IRQHandler	8	static
startup_mk66f18.c:694:11:DMA_Error_IRQHandler	8	static
startup_mk66f18.c:698:11:MCM_IRQHandler	8	static
startup_mk66f18.c:702:11:FTFE_IRQHandler	8	static
startup_mk66f18.c:706:11:Read_Collision_IRQHandler	8	static
startup_mk66f18.c:710:11:LVD_LVW_IRQHandler	8	static
startup_mk66f18.c:714:11:LLWU_IRQHandler	8	static
startup_mk66f18.c:718:11:WDOG_EWM_IRQHandler	8	static
startup_mk66f18.c:722:11:RNG_IRQHandler	8	static
startup_mk66f18.c:726:11:I2C0_IRQHandler	8	static
startup_mk66f18.c:730:11:I2C1_IRQHandler	8	static
startup_mk66f18.c:734:11:SPI0_IRQHandler	8	static
startup_mk66f18.c:738:11:SPI1_IRQHandler	8	static
startup_mk66f18.c:742:11:I2S0_Tx_IRQHandler	8	static
startup_mk66f18.c:746:11:I2S0_Rx_IRQHandler	8	static
startup_mk66f18.c:750:11:Reserved46_IRQHandler	8	static
startup_mk66f18.c:754:11:UART0_RX_TX_IRQHandler	8	static
startup_mk66f18.c:758:11:UART0_ERR_IRQHandler	8	static
startup_mk66f18.c:762:11:UART1_RX_TX_IRQHandler	8	static
startup_mk66f18.c:766:11:UART1_ERR_IRQHandler	8	static
startup_mk66f18.c:770:11:UART2_RX_TX_IRQHandler	8	static
startup_mk66f18.c:774:11:UART2_ERR_IRQHandler	8	static
startup_mk66f18.c:778:11:UART3_RX_TX_IRQHandler	8	static
startup_mk66f18.c:782:11:UART3_ERR_IRQHandler	8	static
startup_mk66f18.c:786:11:ADC0_IRQHandler	8	static
startup_mk66f18.c:790:11:CMP0_IRQHandler	8	static
startup_mk66f18.c:794:11:CMP1_IRQHandler	8	static
startup_mk66f18.c:798:11:FTM0_IRQHandler	8	static
startup_mk66f18.c:802:11:FTM1_IRQHandler	8	static
startup_mk66f18.c:806:11:FTM2_IRQHandler	8	static
startup_mk66f18.c:810:11:CMT_IRQHandler	8	static
startup_mk66f18.c:814:11:RTC_IRQHandler	8	static
startup_mk66f18.c:818:11:RTC_Seconds_IRQHandler	8	static
startup_mk66f18.c:822:11:PIT0_IRQHandler	8	static
startup_mk66f18.c:826:11:PIT1_IRQHandler	8	static
startup_mk66f18.c:830:11:PIT2_IRQHandler	8	static
startup_mk66f18.c:834:11:PIT3_IRQHandler	8	static
startup_mk66f18.c:838:11:PDB0_IRQHandler	8	static
startup_mk66f18.c:842:11:USB0_IRQHandler	8	static
startup_mk66f18.c:846:11:USBDCD_IRQHandler	8	static
startup_mk66f18.c:850:11:Reserved71_IRQHandler	8	static
startup_mk66f18.c:854:11:DAC0_IRQHandler	8	static
startup_mk66f18.c:858:11:MCG_IRQHandler	8	static
startup_mk66f18.c:862:11:LPTMR0_IRQHandler	8	static
startup_mk66f18.c:866:11:PORTA_IRQHandler	8	static
startup_mk66f18.c:870:11:PORTB_IRQHandler	8	static
startup_mk66f18.c:874:11:PORTC_IRQHandler	8	static
startup_mk66f18.c:878:11:PORTD_IRQHandler	8	static
startup_mk66f18.c:882:11:PORTE_IRQHandler	8	static
startup_mk66f18.c:886:11:SWI_IRQHandler	8	static
startup_mk66f18.c:890:11:SPI2_IRQHandler	8	static
startup_mk66f18.c:894:11:UART4_RX_TX_IRQHandler	8	static
startup_mk66f18.c:898:11:UART4_ERR_IRQHandler	8	static
startup_mk66f18.c:902:11:Reserved84_IRQHandler	8	static
startup_mk66f18.c:906:11:Reserved85_IRQHandler	8	static
startup_mk66f18.c:910:11:CMP2_IRQHandler	8	static
startup_mk66f18.c:914:11:FTM3_IRQHandler	8	static
startup_mk66f18.c:918:11:DAC1_IRQHandler	8	static
startup_mk66f18.c:922:11:ADC1_IRQHandler	8	static
startup_mk66f18.c:926:11:I2C2_IRQHandler	8	static
startup_mk66f18.c:930:11:CAN0_ORed_Message_buffer_IRQHandler	8	static
startup_mk66f18.c:934:11:CAN0_Bus_Off_IRQHandler	8	static
startup_mk66f18.c:938:11:CAN0_Error_IRQHandler	8	static
startup_mk66f18.c:942:11:CAN0_Tx_Warning_IRQHandler	8	static
startup_mk66f18.c:946:11:CAN0_Rx_Warning_IRQHandler	8	static
startup_mk66f18.c:950:11:CAN0_Wake_Up_IRQHandler	8	static
startup_mk66f18.c:954:11:SDHC_IRQHandler	8	static
startup_mk66f18.c:958:11:ENET_1588_Timer_IRQHandler	8	static
startup_mk66f18.c:962:11:ENET_Transmit_IRQHandler	8	static
startup_mk66f18.c:966:11:ENET_Receive_IRQHandler	8	static
startup_mk66f18.c:970:11:ENET_Error_IRQHandler	8	static
startup_mk66f18.c:974:11:LPUART0_IRQHandler	8	static
startup_mk66f18.c:978:11:TSI0_IRQHandler	8	static
startup_mk66f18.c:982:11:TPM1_IRQHandler	8	static
startup_mk66f18.c:986:11:TPM2_IRQHandler	8	static
startup_mk66f18.c:990:11:USBHSDCD_IRQHandler	8	static
startup_mk66f18.c:994:11:I2C3_IRQHandler	8	static
startup_mk66f18.c:998:11:CMP3_IRQHandler	8	static
startup_mk66f18.c:1002:11:USBHS_IRQHandler	8	static
startup_mk66f18.c:1006:11:CAN1_ORed_Message_buffer_IRQHandler	8	static
startup_mk66f18.c:1010:11:CAN1_Bus_Off_IRQHandler	8	static
startup_mk66f18.c:1014:11:CAN1_Error_IRQHandler	8	static
startup_mk66f18.c:1018:11:CAN1_Tx_Warning_IRQHandler	8	static
startup_mk66f18.c:1022:11:CAN1_Rx_Warning_IRQHandler	8	static
startup_mk66f18.c:1026:11:CAN1_Wake_Up_IRQHandler	8	static
